Warning: Use of default value for --package is deprecated. Please add '--package ct256' to arguments.
Warning: No PCF file specified; IO pins will be placed automatically

Info: Packing constants..
Info: Packing IOs..
Info: Packing LUT-FFs..
Info:     6512 LCs used as LUT4 only
Info:      646 LCs used as LUT4 and DFF
Info: Packing non-LUT FFs..
Info:      388 LCs used as DFF only
Info: Packing carries..
Info:        3 LCs used as CARRY only
Info: Packing indirect carry+LUT pairs...
Info:        1 LUTs merged into carry LCs
Info: Packing RAMs..
Info: Placing PLLs..
Info: Packing special functions..
Info: Packing PLLs..
Info: Promoting globals..
Info: promoting clk$SB_IO_IN (fanout 1034)
Info: promoting rst_n_SB_LUT4_I3_O [reset] (fanout 394)
Info: promoting busy_SB_LUT4_I2_O_SB_LUT4_I3_O [cen] (fanout 128)
Info: promoting busy_SB_LUT4_I3_O [cen] (fanout 128)
Info: promoting rst_n_SB_LUT4_I1_O [cen] (fanout 128)
Info: promoting rst_n_SB_LUT4_I1_1_O [cen] (fanout 128)
Info: Constraining chains...
Info:        3 LCs used to legalise carry chains.
Info: Checksum: 0x005b6ad8

Info: Device utilisation:
Info: 	         ICESTORM_LC:    7553/   7680    98%
Info: 	        ICESTORM_RAM:       0/     32     0%
Info: 	               SB_IO:     199/    206    96%
Info: 	               SB_GB:       6/      8    75%
Info: 	        ICESTORM_PLL:       0/      2     0%
Info: 	         SB_WARMBOOT:       0/      1     0%

Info: Placed 0 cells based on constraints.
Info: Creating initial placement for remaining 7758 cells.
Info:   initial placement placed 500/7758 cells
Info:   initial placement placed 1000/7758 cells
Info:   initial placement placed 1500/7758 cells
Info:   initial placement placed 2000/7758 cells
Info:   initial placement placed 2500/7758 cells
Info:   initial placement placed 3000/7758 cells
Info:   initial placement placed 3500/7758 cells
Info:   initial placement placed 4000/7758 cells
Info:   initial placement placed 4500/7758 cells
Info:   initial placement placed 5000/7758 cells
Info:   initial placement placed 5500/7758 cells
Info:   initial placement placed 6000/7758 cells
Info:   initial placement placed 6500/7758 cells
Info:   initial placement placed 7000/7758 cells
Info:   initial placement placed 7500/7758 cells
Info:   initial placement placed 7758/7758 cells
Info: Initial placement time 0.05s
Info: Running simulated annealing placer.
Info:   at iteration #1: temp = 1.000000, timing cost = 19992, wirelen = 264529
Info:   at iteration #5: temp = 0.062500, timing cost = 19743, wirelen = 264463
Info:   at iteration #10: temp = 0.001953, timing cost = 16670, wirelen = 262830
Info:   at iteration #15: temp = 0.000356, timing cost = 18672, wirelen = 259574
Info:   at iteration #20: temp = 0.000210, timing cost = 19609, wirelen = 257263
Info:   at iteration #25: temp = 0.000124, timing cost = 17708, wirelen = 253761
Info:   at iteration #30: temp = 0.000106, timing cost = 16059, wirelen = 246192
Info:   at iteration #35: temp = 0.000087, timing cost = 15629, wirelen = 244453
Info:   at iteration #40: temp = 0.000074, timing cost = 16668, wirelen = 240033
Info:   at iteration #45: temp = 0.000064, timing cost = 16049, wirelen = 234132
Info:   at iteration #50: temp = 0.000061, timing cost = 15572, wirelen = 224312
Info:   at iteration #55: temp = 0.000058, timing cost = 16899, wirelen = 214266
Info:   at iteration #60: temp = 0.000055, timing cost = 15436, wirelen = 204790
Info:   at iteration #65: temp = 0.000052, timing cost = 14696, wirelen = 191579
Info:   at iteration #70: temp = 0.000049, timing cost = 12144, wirelen = 182613
Info:   at iteration #75: temp = 0.000047, timing cost = 9573, wirelen = 173753
Info:   at iteration #80: temp = 0.000044, timing cost = 12812, wirelen = 165284
Info:   at iteration #85: temp = 0.000042, timing cost = 15460, wirelen = 157056
Info:   at iteration #90: temp = 0.000040, timing cost = 11462, wirelen = 148556
Info:   at iteration #95: temp = 0.000038, timing cost = 13000, wirelen = 140298
Info:   at iteration #100: temp = 0.000036, timing cost = 15660, wirelen = 138073
Info:   at iteration #105: temp = 0.000034, timing cost = 13283, wirelen = 128641
Info:   at iteration #110: temp = 0.000033, timing cost = 13573, wirelen = 121368
Info:   at iteration #115: temp = 0.000031, timing cost = 11920, wirelen = 117023
Info:   at iteration #120: temp = 0.000030, timing cost = 12543, wirelen = 112610
Info:   at iteration #125: temp = 0.000028, timing cost = 11807, wirelen = 106163
Info:   at iteration #130: temp = 0.000027, timing cost = 14870, wirelen = 102726
Info:   at iteration #135: temp = 0.000025, timing cost = 14345, wirelen = 97146
Info:   at iteration #140: temp = 0.000024, timing cost = 13298, wirelen = 93630
Info: Legalising relative constraints...
Info:     moved 11 cells, 1 unplaced (after legalising chains)
Info:        average distance 0.272727
Info:        maximum distance 1.000000
Info:     moved 17 cells, 0 unplaced (after replacing ripped up cells)
Info:        average distance 0.743587
Info:        maximum distance 3.162278
Info:   at iteration #145: temp = 0.000022, timing cost = 14483, wirelen = 89750
Info:   at iteration #150: temp = 0.000021, timing cost = 12782, wirelen = 85738
Info:   at iteration #155: temp = 0.000019, timing cost = 12520, wirelen = 82063
Info:   at iteration #160: temp = 0.000018, timing cost = 13538, wirelen = 79424
Info:   at iteration #165: temp = 0.000016, timing cost = 13424, wirelen = 76982
Info:   at iteration #170: temp = 0.000014, timing cost = 14102, wirelen = 74156
Info:   at iteration #175: temp = 0.000013, timing cost = 12162, wirelen = 71775
Info:   at iteration #180: temp = 0.000012, timing cost = 13678, wirelen = 69166
Info:   at iteration #185: temp = 0.000010, timing cost = 13155, wirelen = 67333
Info:   at iteration #190: temp = 0.000008, timing cost = 12278, wirelen = 64780
Info:   at iteration #195: temp = 0.000006, timing cost = 12684, wirelen = 62786
Info:   at iteration #200: temp = 0.000003, timing cost = 12408, wirelen = 61027
Info:   at iteration #205: temp = 0.000002, timing cost = 12312, wirelen = 60059
Info:   at iteration #210: temp = 0.000001, timing cost = 12628, wirelen = 59735
Info:   at iteration #215: temp = 0.000000, timing cost = 12726, wirelen = 59639
Info:   at iteration #220: temp = 0.000000, timing cost = 12711, wirelen = 59608
Info:   at iteration #225: temp = 0.000000, timing cost = 12732, wirelen = 59599
Info:   at iteration #230: temp = 0.000000, timing cost = 12712, wirelen = 59588
Info:   at iteration #235: temp = 0.000000, timing cost = 12710, wirelen = 59589
Info:   at iteration #237: temp = 0.000000, timing cost = 12683, wirelen = 59590 
Info: SA placement time 231.93s

Info: Max frequency for clock 'clk$SB_IO_IN_$glb_clk': 31.12 MHz (FAIL at 48.00 MHz)

Info: Max delay <async>                       -> posedge clk$SB_IO_IN_$glb_clk: 9.50 ns
Info: Max delay posedge clk$SB_IO_IN_$glb_clk -> <async>                      : 3.92 ns

Info: Slack histogram:
Info:  legend: * represents 8 endpoint(s)
Info:          + represents [1,8) endpoint(s)
Info: [-11297,  -9759) |****************+
Info: [ -9759,  -8221) |*****+
Info: [ -8221,  -6683) | 
Info: [ -6683,  -5145) |**+
Info: [ -5145,  -3607) |*********************+
Info: [ -3607,  -2069) |******************************+
Info: [ -2069,   -531) |******+
Info: [  -531,   1007) |+
Info: [  1007,   2545) | 
Info: [  2545,   4083) | 
Info: [  4083,   5621) | 
Info: [  5621,   7159) | 
Info: [  7159,   8697) | 
Info: [  8697,  10235) |**********************************+
Info: [ 10235,  11773) |************************+
Info: [ 11773,  13311) |***************************+
Info: [ 13311,  14849) |*********************************************+
Info: [ 14849,  16387) |************************************************************ 
Info: [ 16387,  17925) |***********************+
Info: [ 17925,  19463) |************************************+
Info: Checksum: 0x232baf98

Info: Routing..
Info: Setting up routing queue.
Info: Routing 25681 arcs.
Info:            |   (re-)routed arcs  |   delta    | remaining|       time spent     |
Info:    IterCnt |  w/ripup   wo/ripup |  w/r  wo/r |      arcs| batch(sec) total(sec)|
Info:       1000 |      292        707 |  292   707 |     25037|       2.04       2.04|
Info:       2000 |      651       1348 |  359   641 |     24547|       0.92       2.96|
Info:       3000 |     1090       1909 |  439   561 |     24125|       0.83       3.79|
Info:       4000 |     1540       2459 |  450   550 |     23798|       0.76       4.55|
Info:       5000 |     2074       2925 |  534   466 |     23504|       0.89       5.43|
Info:       6000 |     2658       3341 |  584   416 |     23327|       0.78       6.21|
Info:       7000 |     3296       3703 |  638   362 |     23224|       0.78       6.99|
Info:       8000 |     3917       4082 |  621   379 |     23104|       1.00       8.00|
Info:       9000 |     4524       4475 |  607   393 |     22971|       0.84       8.84|
Info:      10000 |     5193       4806 |  669   331 |     22857|       0.75       9.60|
Info:      11000 |     5850       5149 |  657   343 |     22755|       0.71      10.31|
Info:      12000 |     6585       5414 |  735   265 |     22720|       0.84      11.15|
Info:      13000 |     7243       5756 |  658   342 |     22652|       0.80      11.95|
Info:      14000 |     7976       6023 |  733   267 |     22624|       0.67      12.62|
Info:      15000 |     8685       6314 |  709   291 |     22564|       0.69      13.32|
Info:      16000 |     9396       6603 |  711   289 |     22528|       0.73      14.05|
Info:      17000 |    10075       6924 |  679   321 |     22475|       0.73      14.78|
Info:      18000 |    10767       7232 |  692   308 |     22412|       1.18      15.96|
Info:      19000 |    11441       7558 |  674   326 |     22334|       0.75      16.71|
Info:      20000 |    12137       7862 |  696   304 |     22285|       1.31      18.01|
Info:      21000 |    12792       8207 |  655   345 |     22215|       0.76      18.78|
Info:      22000 |    13452       8547 |  660   340 |     22159|       1.01      19.79|
Info:      23000 |    14149       8850 |  697   303 |     22102|       1.62      21.41|
Info:      24000 |    14863       9136 |  714   286 |     22051|       1.33      22.74|
Info:      25000 |    15557       9442 |  694   306 |     22005|       1.37      24.11|
Info:      26000 |    16229       9770 |  672   328 |     21965|       1.44      25.55|
Info:      27000 |    16927      10072 |  698   302 |     21921|       1.46      27.01|
Info:      28000 |    17632      10367 |  705   295 |     21893|       1.55      28.56|
Info:      29000 |    18333      10666 |  701   299 |     21843|       1.16      29.72|
Info:      30000 |    19025      10974 |  692   308 |     21798|       1.19      30.91|
Info:      31000 |    19734      11265 |  709   291 |     21771|       1.37      32.28|
Info:      32000 |    20484      11515 |  750   250 |     21757|       1.74      34.02|
Info:      33000 |    21221      11778 |  737   263 |     21730|       1.54      35.56|
Info:      34000 |    21925      12074 |  704   296 |     21688|       1.69      37.25|
Info:      35000 |    22620      12379 |  695   305 |     21656|       1.45      38.71|
Info:      36000 |    23346      12653 |  726   274 |     21630|       1.43      40.13|
Info:      37000 |    24086      12913 |  740   260 |     21603|       1.79      41.92|
Info:      38000 |    24812      13187 |  726   274 |     21573|       1.52      43.44|
Info:      39000 |    25531      13468 |  719   281 |     21530|       1.59      45.03|
Info:      40000 |    26224      13775 |  693   307 |     21512|       1.72      46.75|
Info:      41000 |    26927      14072 |  703   297 |     21479|       1.30      48.05|
Info:      42000 |    27644      14355 |  717   283 |     21444|       1.33      49.39|
Info:      43000 |    28374      14625 |  730   270 |     21406|       1.63      51.02|
Info:      44000 |    29137      14862 |  763   237 |     21386|       2.05      53.07|
Info:      45000 |    29840      15159 |  703   297 |     21334|       1.26      54.32|
Info:      46000 |    30577      15422 |  737   263 |     21357|       1.36      55.69|
Info:      47000 |    31289      15710 |  712   288 |     21315|       1.18      56.86|
Info:      48000 |    31974      16025 |  685   315 |     21272|       1.41      58.28|
Info:      49000 |    32666      16333 |  692   308 |     21215|       1.28      59.56|
Info:      50000 |    33395      16604 |  729   271 |     21169|       1.19      60.75|
Info:      51000 |    34114      16885 |  719   281 |     21150|       1.55      62.30|
Info:      52000 |    34828      17171 |  714   286 |     21130|       1.04      63.35|
Info:      53000 |    35586      17413 |  758   242 |     21106|       1.44      64.79|
Info:      54000 |    36295      17704 |  709   291 |     21093|       1.88      66.67|
Info:      55000 |    37032      17967 |  737   263 |     21072|       1.50      68.17|
Info:      56000 |    37723      18276 |  691   309 |     21046|       1.48      69.65|
Info:      57000 |    38467      18532 |  744   256 |     21007|       1.40      71.06|
Info:      58000 |    39201      18798 |  734   266 |     21002|       1.95      73.00|
Info:      59000 |    39885      19114 |  684   316 |     20993|       1.29      74.29|
Info:      60000 |    40576      19423 |  691   309 |     20971|       1.22      75.52|
Info:      61000 |    41282      19717 |  706   294 |     20938|       1.57      77.08|
Info:      62000 |    42020      19979 |  738   262 |     20939|       2.10      79.19|
Info:      63000 |    42712      20287 |  692   308 |     20904|       2.50      81.69|
Info:      64000 |    43432      20567 |  720   280 |     20889|       1.98      83.66|
Info:      65000 |    44149      20850 |  717   283 |     20864|       1.72      85.39|
Info:      66000 |    44890      21109 |  741   259 |     20843|       1.38      86.76|
Info:      67000 |    45618      21381 |  728   272 |     20826|       1.63      88.39|
Info:      68000 |    46331      21668 |  713   287 |     20788|       1.49      89.88|
Info:      69000 |    47103      21896 |  772   228 |     20786|       1.61      91.49|
Info:      70000 |    47881      22118 |  778   222 |     20782|       1.70      93.19|
Info:      71000 |    48594      22405 |  713   287 |     20775|       1.65      94.84|
Info:      72000 |    49306      22693 |  712   288 |     20757|       1.96      96.80|
Info:      73000 |    50056      22943 |  750   250 |     20765|       1.58      98.39|
Info:      74000 |    50736      23263 |  680   320 |     20724|       2.17     100.56|
Info:      75000 |    51440      23559 |  704   296 |     20677|       1.54     102.09|
Info:      76000 |    52192      23807 |  752   248 |     20659|       1.77     103.86|
Info:      77000 |    52907      24092 |  715   285 |     20632|       1.77     105.64|
Info:      78000 |    53675      24324 |  768   232 |     20602|       1.93     107.57|
Info:      79000 |    54449      24550 |  774   226 |     20606|       1.52     109.09|
Info:      80000 |    55147      24852 |  698   302 |     20581|       1.19     110.28|
Info:      81000 |    55917      25082 |  770   230 |     20577|       1.63     111.91|
Info:      82000 |    56649      25350 |  732   268 |     20563|       1.47     113.37|
Info:      83000 |    57383      25616 |  734   266 |     20543|       1.97     115.34|
Info:      84000 |    58123      25876 |  740   260 |     20523|       3.01     118.36|
Info:      85000 |    58865      26134 |  742   258 |     20512|       1.65     120.00|
Info:      86000 |    59605      26394 |  740   260 |     20524|       1.50     121.50|
Info:      87000 |    60371      26628 |  766   234 |     20524|       1.37     122.88|
Info:      88000 |    61075      26924 |  704   296 |     20494|       1.54     124.42|
Info:      89000 |    61838      27161 |  763   237 |     20486|       1.46     125.87|
Info:      90000 |    62548      27451 |  710   290 |     20456|       1.28     127.15|
Info:      91000 |    63300      27699 |  752   248 |     20435|       1.57     128.71|
Info:      92000 |    64013      27986 |  713   287 |     20407|       1.39     130.11|
Info:      93000 |    64730      28269 |  717   283 |     20396|       1.57     131.68|
Info:      94000 |    65477      28522 |  747   253 |     20365|       1.50     133.18|
Info:      95000 |    66181      28818 |  704   296 |     20326|       1.44     134.62|
Info:      96000 |    66895      29104 |  714   286 |     20313|       1.38     136.00|
Info:      97000 |    67648      29351 |  753   247 |     20295|       1.64     137.64|
Info:      98000 |    68353      29646 |  705   295 |     20258|       1.24     138.89|
Info:      99000 |    69091      29908 |  738   262 |     20253|       1.41     140.30|
Info:     100000 |    69814      30185 |  723   277 |     20240|       1.34     141.63|
Info:     101000 |    70548      30451 |  734   266 |     20215|       1.58     143.22|
Info:     102000 |    71216      30783 |  668   332 |     20165|       1.91     145.12|
Info:     103000 |    71961      31038 |  745   255 |     20153|       1.45     146.57|
Info:     104000 |    72722      31277 |  761   239 |     20174|       1.56     148.13|
Info:     105000 |    73460      31539 |  738   262 |     20141|       1.91     150.04|
Info:     106000 |    74164      31835 |  704   296 |     20114|       1.24     151.27|
Info:     107000 |    74840      32159 |  676   324 |     20118|       2.89     154.16|
Info:     108000 |    75598      32401 |  758   242 |     20104|       1.68     155.84|
Info:     109000 |    76322      32677 |  724   276 |     20116|       1.67     157.52|
Info:     110000 |    77061      32938 |  739   261 |     20086|       1.46     158.97|
Info:     111000 |    77824      33175 |  763   237 |     20066|       1.62     160.59|
Info:     112000 |    78604      33395 |  780   220 |     20068|       1.68     162.27|
Info:     113000 |    79347      33652 |  743   257 |     20049|       1.86     164.13|
Info:     114000 |    80043      33956 |  696   304 |     20035|       1.51     165.64|
Info:     115000 |    80764      34235 |  721   279 |     20024|       1.54     167.18|
Info:     116000 |    81521      34478 |  757   243 |     20022|       1.57     168.75|
Info:     117000 |    82262      34737 |  741   259 |     19995|       1.32     170.07|
Info:     118000 |    83050      34949 |  788   212 |     20007|       1.32     171.39|
Info:     119000 |    83826      35173 |  776   224 |     20009|       1.15     172.55|
Info:     120000 |    84571      35428 |  745   255 |     20009|       1.28     173.83|
Info:     121000 |    85317      35682 |  746   254 |     20003|       1.34     175.17|
Info:     122000 |    86047      35952 |  730   270 |     19974|       2.27     177.44|
Info:     123000 |    86822      36177 |  775   225 |     19956|       1.67     179.10|
Info:     124000 |    87563      36436 |  741   259 |     19928|       1.23     180.34|
Info:     125000 |    88265      36734 |  702   298 |     19913|       1.37     181.70|
Info:     126000 |    89022      36977 |  757   243 |     19911|       2.02     183.73|
Info:     127000 |    89768      37231 |  746   254 |     19922|       1.77     185.49|
Info:     128000 |    90539      37460 |  771   229 |     19937|       1.73     187.23|
Info:     129000 |    91237      37762 |  698   302 |     19902|       1.33     188.55|
Info:     130000 |    92058      37941 |  821   179 |     19896|       1.41     189.97|
Info:     131000 |    92833      38166 |  775   225 |     19884|       1.96     191.92|
Info:     132000 |    93591      38408 |  758   242 |     19880|       1.55     193.47|
Info:     133000 |    94327      38672 |  736   264 |     19858|       1.68     195.16|
Info:     134000 |    95051      38948 |  724   276 |     19859|       2.58     197.73|
Info:     135000 |    95831      39168 |  780   220 |     19830|       2.45     200.19|
Info:     136000 |    96573      39426 |  742   258 |     19812|       1.54     201.73|
Info:     137000 |    97343      39656 |  770   230 |     19814|       1.92     203.65|
Info:     138000 |    98043      39956 |  700   300 |     19803|       1.77     205.42|
Info:     139000 |    98779      40220 |  736   264 |     19792|       1.69     207.10|
Info:     140000 |    99535      40464 |  756   244 |     19774|       2.99     210.09|
Info:     141000 |   100275      40724 |  740   260 |     19773|       1.57     211.67|
Info:     142000 |   101020      40979 |  745   255 |     19760|       1.55     213.22|
Info:     143000 |   101760      41239 |  740   260 |     19765|       1.57     214.78|
Info:     144000 |   102524      41475 |  764   236 |     19765|       2.15     216.93|
Info:     145000 |   103262      41737 |  738   262 |     19752|       1.44     218.37|
Info:     146000 |   104024      41975 |  762   238 |     19754|       1.83     220.20|
Info:     147000 |   104780      42219 |  756   244 |     19734|       1.58     221.78|
Info:     148000 |   105549      42450 |  769   231 |     19711|       1.54     223.32|
Info:     149000 |   106326      42673 |  777   223 |     19701|       2.43     225.76|
Info:     150000 |   107048      42951 |  722   278 |     19691|       1.57     227.32|
Info:     151000 |   107801      43198 |  753   247 |     19695|       1.97     229.29|
Info:     152000 |   108565      43434 |  764   236 |     19693|       1.66     230.95|
Info:     153000 |   109335      43664 |  770   230 |     19678|       1.80     232.75|
Info:     154000 |   110094      43905 |  759   241 |     19645|       1.48     234.23|
Info:     155000 |   110795      44204 |  701   299 |     19626|       1.14     235.37|
Info:     156000 |   111551      44448 |  756   244 |     19609|       1.44     236.81|
Info:     157000 |   112309      44690 |  758   242 |     19613|       2.77     239.58|
Info:     158000 |   113104      44895 |  795   205 |     19590|       1.44     241.01|
Info:     159000 |   113775      45224 |  671   329 |     19564|       1.83     242.84|
Info:     160000 |   114572      45427 |  797   203 |     19567|       1.70     244.54|
Info:     161000 |   115301      45698 |  729   271 |     19564|       1.60     246.14|
Info:     162000 |   116085      45914 |  784   216 |     19552|       1.35     247.49|
Info:     163000 |   116792      46207 |  707   293 |     19539|       2.06     249.55|
Info:     164000 |   117575      46424 |  783   217 |     19532|       1.49     251.04|
Info:     165000 |   118318      46681 |  743   257 |     19540|       1.22     252.26|
Info:     166000 |   119050      46949 |  732   268 |     19557|       2.74     255.00|
Info:     167000 |   119783      47216 |  733   267 |     19517|       2.12     257.12|
Info:     168000 |   120596      47403 |  813   187 |     19521|       1.77     258.90|
Info:     169000 |   121350      47649 |  754   246 |     19501|       2.00     260.89|
Info:     170000 |   122131      47868 |  781   219 |     19495|       1.73     262.62|
Info:     171000 |   122924      48075 |  793   207 |     19477|       2.35     264.97|
Info:     172000 |   123646      48353 |  722   278 |     19470|       2.27     267.24|
Info:     173000 |   124400      48599 |  754   246 |     19468|       1.95     269.19|
Info:     174000 |   125130      48869 |  730   270 |     19465|       1.60     270.79|
Info:     175000 |   125884      49115 |  754   246 |     19446|       1.53     272.32|
Info:     176000 |   126655      49344 |  771   229 |     19447|       1.62     273.94|
Info:     177000 |   127406      49593 |  751   249 |     19439|       1.58     275.52|
Info:     178000 |   128156      49843 |  750   250 |     19424|       1.32     276.84|
Info:     179000 |   128904      50095 |  748   252 |     19415|       1.37     278.21|
Info:     180000 |   129716      50283 |  812   188 |     19413|       1.89     280.10|
Info:     181000 |   130492      50507 |  776   224 |     19401|       1.85     281.95|
Info:     182000 |   131268      50731 |  776   224 |     19397|       1.54     283.49|
Info:     183000 |   132017      50982 |  749   251 |     19382|       1.51     285.00|
Info:     184000 |   132787      51212 |  770   230 |     19377|       1.89     286.90|
Info:     185000 |   133527      51472 |  740   260 |     19363|       1.91     288.81|
Info:     186000 |   134298      51701 |  771   229 |     19370|       1.71     290.52|
Info:     187000 |   135073      51926 |  775   225 |     19354|       1.55     292.06|
Info:     188000 |   135826      52173 |  753   247 |     19342|       1.51     293.57|
Info:     189000 |   136625      52374 |  799   201 |     19337|       1.58     295.16|
Info:     190000 |   137374      52625 |  749   251 |     19323|       2.01     297.17|
Info:     191000 |   138155      52844 |  781   219 |     19320|       1.29     298.46|
Info:     192000 |   138949      53050 |  794   206 |     19320|       1.42     299.88|
Info:     193000 |   139733      53266 |  784   216 |     19318|       3.06     302.94|
Info:     194000 |   140516      53483 |  783   217 |     19305|       2.50     305.44|
Info:     195000 |   141308      53691 |  792   208 |     19292|       1.76     307.19|
Info:     196000 |   142062      53937 |  754   246 |     19282|       1.56     308.76|
Info:     197000 |   142779      54220 |  717   283 |     19267|       1.82     310.57|
Info:     198000 |   143553      54446 |  774   226 |     19291|       2.01     312.59|
Info:     199000 |   144331      54668 |  778   222 |     19299|       1.88     314.46|
Info:     200000 |   145128      54871 |  797   203 |     19258|       2.38     316.84|
Info:     201000 |   145893      55106 |  765   235 |     19249|       1.22     318.07|
Info:     202000 |   146717      55282 |  824   176 |     19241|       1.63     319.70|
Info:     203000 |   147514      55485 |  797   203 |     19242|       1.93     321.63|
Info:     204000 |   148272      55727 |  758   242 |     19238|       1.43     323.07|
Info:     205000 |   149013      55986 |  741   259 |     19232|       1.29     324.36|
Info:     206000 |   149761      56238 |  748   252 |     19206|       1.53     325.89|
Info:     207000 |   150530      56469 |  769   231 |     19217|       1.58     327.46|
Info:     208000 |   151204      56795 |  674   326 |     19217|       1.65     329.11|
Info:     209000 |   151967      57032 |  763   237 |     19223|       1.60     330.70|
Info:     210000 |   152735      57264 |  768   232 |     19199|       1.94     332.65|
Info:     211000 |   153545      57454 |  810   190 |     19203|       1.64     334.29|
Info:     212000 |   154293      57706 |  748   252 |     19173|       2.91     337.20|
Info:     213000 |   155095      57904 |  802   198 |     19165|       1.76     338.97|
Info:     214000 |   155846      58153 |  751   249 |     19164|       1.78     340.74|
Info:     215000 |   156592      58407 |  746   254 |     19165|       1.93     342.67|
Info:     216000 |   157379      58620 |  787   213 |     19157|       1.66     344.33|
Info:     217000 |   158132      58867 |  753   247 |     19164|       2.05     346.38|
Info:     218000 |   158889      59110 |  757   243 |     19162|       2.59     348.97|
Info:     219000 |   159615      59384 |  726   274 |     19161|       2.17     351.14|
Info:     220000 |   160394      59605 |  779   221 |     19133|       2.57     353.70|
Info:     221000 |   161149      59850 |  755   245 |     19115|       2.08     355.79|
Info:     222000 |   161937      60062 |  788   212 |     19097|       1.95     357.74|
Info:     223000 |   162734      60265 |  797   203 |     19099|       2.12     359.86|
Info:     224000 |   163508      60491 |  774   226 |     19078|       1.91     361.77|
Info:     225000 |   164305      60694 |  797   203 |     19075|       1.79     363.56|
Info:     226000 |   165078      60921 |  773   227 |     19075|       1.85     365.41|
Info:     227000 |   165869      61130 |  791   209 |     19073|       1.61     367.01|
Info:     228000 |   166649      61350 |  780   220 |     19056|       1.79     368.80|
Info:     229000 |   167374      61625 |  725   275 |     19049|       2.35     371.15|
Info:     230000 |   168143      61856 |  769   231 |     19051|       3.27     374.42|
Info:     231000 |   168964      62035 |  821   179 |     19041|       2.14     376.56|
Info:     232000 |   169673      62326 |  709   291 |     18986|       1.89     378.46|
Info:     233000 |   170390      62609 |  717   283 |     18967|       1.55     380.00|
Info:     234000 |   171153      62846 |  763   237 |     18991|       1.82     381.83|
Info:     235000 |   171934      63065 |  781   219 |     18973|       1.63     383.46|
Info:     236000 |   172698      63301 |  764   236 |     18973|       2.18     385.63|
Info:     237000 |   173456      63543 |  758   242 |     18971|       1.90     387.54|
Info:     238000 |   174178      63821 |  722   278 |     18952|       1.57     389.11|
Info:     239000 |   174933      64066 |  755   245 |     18950|       2.07     391.18|
Info:     240000 |   175667      64332 |  734   266 |     18935|       1.61     392.79|
Info:     241000 |   176475      64524 |  808   192 |     18934|       1.60     394.39|
Info:     242000 |   177237      64762 |  762   238 |     18902|       1.82     396.21|
Info:     243000 |   178024      64975 |  787   213 |     18902|       2.81     399.02|
Info:     244000 |   178802      65197 |  778   222 |     18916|       2.41     401.43|
Info:     245000 |   179607      65392 |  805   195 |     18894|       2.09     403.52|
Info:     246000 |   180412      65587 |  805   195 |     18867|       2.02     405.55|
Info:     247000 |   181153      65846 |  741   259 |     18881|       1.93     407.47|
Info:     248000 |   181912      66087 |  759   241 |     18873|       2.10     409.57|
Info:     249000 |   182659      66340 |  747   253 |     18842|       1.18     410.75|
Info:     250000 |   183417      66582 |  758   242 |     18848|       2.31     413.06|
Info:     251000 |   184225      66774 |  808   192 |     18854|       2.14     415.20|
Info:     252000 |   184984      67015 |  759   241 |     18831|       2.40     417.60|
Info:     253000 |   185749      67250 |  765   235 |     18814|       2.11     419.70|
Info:     254000 |   186513      67486 |  764   236 |     18795|       1.75     421.46|
Info:     255000 |   187299      67700 |  786   214 |     18783|       2.04     423.50|
Info:     256000 |   188075      67924 |  776   224 |     18771|       1.36     424.87|
Info:     257000 |   188875      68124 |  800   200 |     18767|       1.52     426.39|
Info:     258000 |   189608      68391 |  733   267 |     18768|       1.59     427.98|
Info:     259000 |   190370      68629 |  762   238 |     18759|       3.30     431.27|
Info:     260000 |   191100      68899 |  730   270 |     18739|       2.28     433.56|
Info:     261000 |   191814      69185 |  714   286 |     18792|       4.25     437.81|
Info:     262000 |   192605      69394 |  791   209 |     18772|       1.75     439.55|
Info:     263000 |   193384      69615 |  779   221 |     18750|       2.97     442.52|
Info:     264000 |   194151      69848 |  767   233 |     18749|       2.23     444.75|
Info:     265000 |   194889      70110 |  738   262 |     18714|       1.75     446.51|
Info:     266000 |   195651      70348 |  762   238 |     18702|       1.70     448.21|
Info:     267000 |   196463      70536 |  812   188 |     18680|       1.62     449.83|
Info:     268000 |   197216      70783 |  753   247 |     18699|       2.59     452.42|
Info:     269000 |   197929      71070 |  713   287 |     18673|       2.34     454.76|
Info:     270000 |   198723      71276 |  794   206 |     18665|       2.19     456.95|
Info:     271000 |   199489      71510 |  766   234 |     18661|       2.03     458.98|
Info:     272000 |   200278      71721 |  789   211 |     18664|       4.33     463.30|
Info:     273000 |   201087      71912 |  809   191 |     18665|       3.44     466.75|
Info:     274000 |   201857      72142 |  770   230 |     18653|       2.11     468.85|
Info:     275000 |   202664      72335 |  807   193 |     18643|       1.94     470.79|
Info:     276000 |   203442      72557 |  778   222 |     18639|       2.27     473.07|
Info:     277000 |   204207      72792 |  765   235 |     18624|       1.90     474.96|
Info:     278000 |   205008      72991 |  801   199 |     18605|       2.05     477.01|
Info:     279000 |   205767      73232 |  759   241 |     18612|       1.69     478.70|
Info:     280000 |   206522      73477 |  755   245 |     18602|       1.70     480.40|
Info:     281000 |   207305      73694 |  783   217 |     18591|       1.97     482.37|
Info:     282000 |   208085      73914 |  780   220 |     18591|       2.49     484.86|
Info:     283000 |   208815      74184 |  730   270 |     18580|       2.84     487.70|
Info:     284000 |   209536      74463 |  721   279 |     18567|       1.73     489.43|
Info:     285000 |   210311      74688 |  775   225 |     18553|       1.84     491.26|
Info:     286000 |   211108      74891 |  797   203 |     18564|       3.28     494.55|
Info:     287000 |   211886      75113 |  778   222 |     18560|       2.74     497.29|
Info:     288000 |   212624      75375 |  738   262 |     18555|       2.93     500.21|
Info:     289000 |   213396      75603 |  772   228 |     18564|       1.88     502.10|
Info:     290000 |   214184      75815 |  788   212 |     18550|       2.21     504.30|
Info:     291000 |   214944      76055 |  760   240 |     18535|       2.26     506.57|
Info:     292000 |   215699      76300 |  755   245 |     18535|       2.59     509.15|
Info:     293000 |   216486      76513 |  787   213 |     18525|       2.80     511.95|
Info:     294000 |   217293      76706 |  807   193 |     18543|       3.26     515.21|
Info:     295000 |   218107      76892 |  814   186 |     18549|       3.87     519.09|
Info:     296000 |   218886      77113 |  779   221 |     18521|       2.42     521.50|
Info:     297000 |   219649      77350 |  763   237 |     18506|       3.12     524.62|
Info:     298000 |   220413      77586 |  764   236 |     18500|       2.59     527.21|
Info:     299000 |   221223      77776 |  810   190 |     18538|       2.45     529.66|
Info:     300000 |   222034      77965 |  811   189 |     18535|       2.83     532.49|
Info:     301000 |   222835      78164 |  801   199 |     18546|       3.17     535.65|
Info:     302000 |   223615      78384 |  780   220 |     18533|       1.83     537.49|
Info:     303000 |   224409      78590 |  794   206 |     18524|       3.55     541.03|
Info:     304000 |   225167      78832 |  758   242 |     18540|       2.87     543.91|
Info:     305000 |   225913      79086 |  746   254 |     18509|       5.44     549.34|
Info:     306000 |   226677      79322 |  764   236 |     18496|       1.98     551.32|
Info:     307000 |   227450      79549 |  773   227 |     18483|       2.71     554.02|
Info:     308000 |   228147      79852 |  697   303 |     18484|       2.21     556.24|
Info:     309000 |   228972      80027 |  825   175 |     18475|       2.43     558.67|
Info:     310000 |   229785      80214 |  813   187 |     18455|       1.23     559.91|
Info:     311000 |   230516      80483 |  731   269 |     18426|       2.00     561.90|
Info:     312000 |   231281      80718 |  765   235 |     18415|       2.09     564.00|
Info:     313000 |   232057      80942 |  776   224 |     18393|       1.72     565.72|
Info:     314000 |   232822      81177 |  765   235 |     18382|       1.71     567.43|
Info:     315000 |   233558      81441 |  736   264 |     18365|       3.27     570.71|
Info:     316000 |   234328      81671 |  770   230 |     18347|       3.68     574.39|
Info:     317000 |   235109      81890 |  781   219 |     18332|       2.41     576.80|
Info:     318000 |   235913      82086 |  804   196 |     18345|       2.22     579.02|
Info:     319000 |   236704      82295 |  791   209 |     18337|       1.61     580.64|
Info:     320000 |   237461      82538 |  757   243 |     18323|       1.92     582.55|
Info:     321000 |   238266      82733 |  805   195 |     18303|       2.46     585.02|
Info:     322000 |   239036      82963 |  770   230 |     18311|       3.78     588.80|
Info:     323000 |   239780      83219 |  744   256 |     18327|       4.90     593.70|
Info:     324000 |   240570      83429 |  790   210 |     18319|       2.76     596.46|
Info:     325000 |   241297      83702 |  727   273 |     18305|       2.32     598.79|
Info:     326000 |   242104      83895 |  807   193 |     18308|       3.27     602.06|
Info:     327000 |   242903      84096 |  799   201 |     18292|       1.63     603.68|
Info:     328000 |   243677      84322 |  774   226 |     18303|       6.71     610.40|
Info:     329000 |   244441      84558 |  764   236 |     18306|       1.50     611.90|
Info:     330000 |   245293      84706 |  852   148 |     18320|       4.03     615.92|
Info:     331000 |   246109      84890 |  816   184 |     18288|       2.21     618.13|
Info:     332000 |   246935      85064 |  826   174 |     18291|       2.27     620.40|
Info:     333000 |   247711      85288 |  776   224 |     18277|       1.81     622.22|
Info:     334000 |   248538      85461 |  827   173 |     18270|       2.37     624.59|
Info:     335000 |   249325      85674 |  787   213 |     18264|       2.93     627.51|
Info:     336000 |   250121      85878 |  796   204 |     18258|       2.45     629.96|
Info:     337000 |   250851      86148 |  730   270 |     18249|       2.90     632.86|
Info:     338000 |   251641      86358 |  790   210 |     18227|       2.44     635.31|
Info:     339000 |   252334      86665 |  693   307 |     18225|       2.73     638.04|
Info:     340000 |   253098      86901 |  764   236 |     18223|       2.27     640.31|
Info:     341000 |   253897      87102 |  799   201 |     18221|       1.56     641.87|
Info:     342000 |   254654      87345 |  757   243 |     18222|       1.67     643.54|
Info:     343000 |   255442      87557 |  788   212 |     18209|       1.79     645.33|
Info:     344000 |   256112      87887 |  670   330 |     18207|       3.97     649.30|
Info:     345000 |   256820      88179 |  708   292 |     18197|       2.43     651.73|
Info:     346000 |   257487      88512 |  667   333 |     18178|       2.58     654.31|
Info:     347000 |   258228      88771 |  741   259 |     18179|       3.10     657.41|
Info:     348000 |   258995      89004 |  767   233 |     18175|       2.84     660.25|
Info:     349000 |   259758      89241 |  763   237 |     18173|       2.03     662.27|
Info:     350000 |   260496      89503 |  738   262 |     18168|       1.70     663.97|
Info:     351000 |   261260      89739 |  764   236 |     18173|       2.24     666.21|
Info:     352000 |   262056      89943 |  796   204 |     18149|       1.12     667.33|
Info:     353000 |   262721      90278 |  665   335 |     18131|       2.04     669.37|
Info:     354000 |   263525      90474 |  804   196 |     18146|       2.06     671.43|
Info:     355000 |   264355      90644 |  830   170 |     18126|       3.01     674.44|
Info:     356000 |   265160      90839 |  805   195 |     18111|       2.44     676.88|
Info:     357000 |   265980      91019 |  820   180 |     18118|       3.10     679.99|
Info:     358000 |   266747      91252 |  767   233 |     18108|       3.22     683.20|
Info:     359000 |   267528      91471 |  781   219 |     18100|       2.28     685.48|
Info:     360000 |   268306      91693 |  778   222 |     18104|       2.82     688.30|
Info:     361000 |   269050      91949 |  744   256 |     18091|       2.58     690.88|
Info:     362000 |   269854      92145 |  804   196 |     18090|       1.91     692.79|
Info:     363000 |   270521      92478 |  667   333 |     18065|       2.64     695.43|
Info:     364000 |   271263      92736 |  742   258 |     18063|       4.96     700.40|
Info:     365000 |   271995      93004 |  732   268 |     18055|       2.61     703.01|
Info:     366000 |   272785      93214 |  790   210 |     18053|       2.22     705.22|
Info:     367000 |   273508      93491 |  723   277 |     18049|       3.10     708.32|
Info:     368000 |   274320      93679 |  812   188 |     18041|       3.73     712.05|
Info:     369000 |   275104      93895 |  784   216 |     18037|       2.31     714.36|
Info:     370000 |   275857      94142 |  753   247 |     18039|       2.06     716.42|
Info:     371000 |   276657      94342 |  800   200 |     18041|       2.14     718.56|
Info:     372000 |   277487      94512 |  830   170 |     18017|       2.94     721.50|
Info:     373000 |   278262      94737 |  775   225 |     18010|       2.44     723.94|
Info:     374000 |   279045      94954 |  783   217 |     18011|       2.08     726.02|
Info:     375000 |   279799      95200 |  754   246 |     18000|       2.44     728.47|
Info:     376000 |   280534      95465 |  735   265 |     17992|       1.65     730.12|
Info:     377000 |   281333      95666 |  799   201 |     17995|       3.18     733.30|
Info:     378000 |   282151      95848 |  818   182 |     17998|       4.12     737.42|
Info:     379000 |   282886      96113 |  735   265 |     18003|       2.61     740.03|
Info:     380000 |   283708      96291 |  822   178 |     18008|       2.43     742.46|
Info:     381000 |   284504      96495 |  796   204 |     18009|       1.85     744.30|
Info:     382000 |   285313      96686 |  809   191 |     18009|       1.77     746.08|
Info:     383000 |   286068      96931 |  755   245 |     17994|       1.72     747.80|
Info:     384000 |   286792      97207 |  724   276 |     17986|       1.71     749.51|
Info:     385000 |   287590      97409 |  798   202 |     17985|       1.69     751.20|
Info:     386000 |   288375      97624 |  785   215 |     17973|       1.98     753.18|
Info:     387000 |   289146      97853 |  771   229 |     17961|       2.11     755.29|
Info:     388000 |   289794      98205 |  648   352 |     17960|       2.06     757.35|
Info:     389000 |   290482      98517 |  688   312 |     17963|       2.37     759.72|
Info:     390000 |   291269      98730 |  787   213 |     17953|       3.02     762.74|
Info:     391000 |   292028      98971 |  759   241 |     17939|       2.16     764.90|
Info:     392000 |   292806      99193 |  778   222 |     17933|       4.00     768.90|
Info:     393000 |   293550      99449 |  744   256 |     17918|       2.36     771.26|
Info:     394000 |   294356      99643 |  806   194 |     17918|       2.42     773.68|
Info:     395000 |   295150      99849 |  794   206 |     17905|       6.96     780.64|
Info:     396000 |   295938     100061 |  788   212 |     17904|       2.68     783.32|
Info:     397000 |   296719     100280 |  781   219 |     17882|       1.52     784.85|
Info:     398000 |   297520     100479 |  801   199 |     17877|       2.86     787.70|
Info:     399000 |   298198     100801 |  678   322 |     17872|       2.84     790.54|
Info:     400000 |   298993     101006 |  795   205 |     17883|       7.85     798.39|
Info:     401000 |   299749     101250 |  756   244 |     17868|       5.70     804.09|
Info:     402000 |   300538     101461 |  789   211 |     17871|       3.17     807.26|
Info:     403000 |   301338     101661 |  800   200 |     17858|       6.36     813.62|
Info:     404000 |   302092     101907 |  754   246 |     17834|      12.32     825.95|
Info:     405000 |   302985     102014 |  893   107 |     17847|       3.98     829.93|
Info:     406000 |   303794     102205 |  809   191 |     17851|       3.42     833.34|
Info:     407000 |   304541     102458 |  747   253 |     17827|       2.73     836.08|
Info:     408000 |   305333     102666 |  792   208 |     17808|       1.49     837.57|
Info:     409000 |   306119     102880 |  786   214 |     17820|       2.31     839.88|
Info:     410000 |   306824     103175 |  705   295 |     17815|       2.78     842.66|
Info:     411000 |   307592     103407 |  768   232 |     17830|       3.83     846.49|
Info:     412000 |   308401     103598 |  809   191 |     17804|       2.71     849.21|
Info:     413000 |   309160     103839 |  759   241 |     17805|       4.34     853.54|
Info:     414000 |   309958     104041 |  798   202 |     17788|       3.02     856.56|
Info:     415000 |   310779     104220 |  821   179 |     17788|       1.79     858.35|
Info:     416000 |   311569     104430 |  790   210 |     17773|       2.41     860.76|
Info:     417000 |   312411     104588 |  842   158 |     17781|       2.77     863.53|
Info:     418000 |   313233     104766 |  822   178 |     17770|       2.51     866.04|
Info:     419000 |   314000     104999 |  767   233 |     17759|       2.83     868.87|
Info:     420000 |   314832     105167 |  832   168 |     17760|       2.06     870.93|
Info:     421000 |   315511     105488 |  679   321 |     17748|       5.86     876.79|
Info:     422000 |   316248     105751 |  737   263 |     17749|       3.30     880.08|
Info:     423000 |   317050     105949 |  802   198 |     17736|       2.47     882.55|
Info:     424000 |   317936     106063 |  886   114 |     17733|       3.64     886.19|
Info:     425000 |   318725     106274 |  789   211 |     17741|       1.90     888.09|
Info:     426000 |   319456     106543 |  731   269 |     17770|       2.38     890.47|
Info:     427000 |   320286     106713 |  830   170 |     17764|       3.26     893.73|
Info:     428000 |   321058     106941 |  772   228 |     17755|       3.52     897.25|
Info:     429000 |   321880     107119 |  822   178 |     17724|       4.83     902.08|
Info:     430000 |   322656     107343 |  776   224 |     17700|       2.18     904.27|
Info:     431000 |   323445     107554 |  789   211 |     17690|       2.54     906.81|
Info:     432000 |   324306     107693 |  861   139 |     17689|       1.80     908.61|
Info:     433000 |   325057     107942 |  751   249 |     17698|       1.94     910.55|
Info:     434000 |   325796     108203 |  739   261 |     17680|       3.05     913.60|
Info:     435000 |   326555     108444 |  759   241 |     17692|       2.93     916.53|
Info:     436000 |   327338     108661 |  783   217 |     17664|       2.77     919.30|
Info:     437000 |   328173     108826 |  835   165 |     17680|       2.76     922.06|
Info:     438000 |   328952     109047 |  779   221 |     17662|       2.67     924.73|
Info:     439000 |   329767     109232 |  815   185 |     17662|       4.85     929.58|
Info:     440000 |   330472     109527 |  705   295 |     17662|       5.39     934.97|
Info:     441000 |   331247     109752 |  775   225 |     17667|       5.04     940.02|
Info:     442000 |   332034     109965 |  787   213 |     17668|       1.69     941.71|
Info:     443000 |   332850     110149 |  816   184 |     17648|       1.63     943.33|
Info:     444000 |   333618     110381 |  768   232 |     17632|       2.68     946.02|
Info:     445000 |   334398     110601 |  780   220 |     17637|       2.73     948.74|
Info:     446000 |   335174     110825 |  776   224 |     17642|       4.95     953.69|
Info:     447000 |   335958     111041 |  784   216 |     17629|       3.04     956.73|
Info:     448000 |   336762     111237 |  804   196 |     17610|       3.85     960.58|
Info:     449000 |   337534     111465 |  772   228 |     17603|       3.62     964.20|
Info:     450000 |   338366     111633 |  832   168 |     17597|       3.34     967.54|
Info:     451000 |   339080     111919 |  714   286 |     17598|       3.88     971.42|
Info:     452000 |   339880     112119 |  800   200 |     17640|       3.19     974.62|
Info:     453000 |   340668     112331 |  788   212 |     17612|       2.93     977.55|
Info:     454000 |   341450     112549 |  782   218 |     17606|       3.49     981.04|
Info:     455000 |   342194     112805 |  744   256 |     17573|       2.78     983.81|
Info:     456000 |   342997     113002 |  803   197 |     17567|       4.86     988.67|
Info:     457000 |   343790     113209 |  793   207 |     17564|       4.71     993.39|
Info:     458000 |   344542     113457 |  752   248 |     17575|       4.92     998.31|
Info:     459000 |   345307     113692 |  765   235 |     17561|       6.09    1004.40|
Info:     460000 |   346108     113891 |  801   199 |     17580|       4.21    1008.61|
Info:     461000 |   346893     114106 |  785   215 |     17577|       2.73    1011.34|
Info:     462000 |   347720     114279 |  827   173 |     17582|       3.28    1014.62|
Info:     463000 |   348465     114534 |  745   255 |     17570|       4.18    1018.80|
Info:     464000 |   349294     114705 |  829   171 |     17566|       3.28    1022.07|
Info:     465000 |   350031     114968 |  737   263 |     17548|       3.81    1025.88|
Info:     466000 |   350790     115209 |  759   241 |     17545|       4.46    1030.34|
Info:     467000 |   351499     115500 |  709   291 |     17544|       2.44    1032.78|
Info:     468000 |   352267     115732 |  768   232 |     17521|       2.40    1035.19|
Info:     469000 |   353052     115947 |  785   215 |     17520|       2.08    1037.27|
Info:     470000 |   353834     116165 |  782   218 |     17516|       2.00    1039.27|
Info:     471000 |   354671     116328 |  837   163 |     17502|       1.87    1041.14|
Info:     472000 |   355494     116505 |  823   177 |     17492|       1.88    1043.02|
Info:     473000 |   356255     116744 |  761   239 |     17480|       2.14    1045.16|
Info:     474000 |   357004     116995 |  749   251 |     17479|       2.93    1048.08|
Info:     475000 |   357819     117180 |  815   185 |     17486|       2.45    1050.53|
Info:     476000 |   358603     117396 |  784   216 |     17491|       3.13    1053.66|
Info:     477000 |   359401     117598 |  798   202 |     17472|       3.22    1056.89|
Info:     478000 |   360213     117786 |  812   188 |     17471|       3.33    1060.22|
Info:     479000 |   361016     117983 |  803   197 |     17470|       2.10    1062.32|
Info:     480000 |   361751     118248 |  735   265 |     17444|       2.83    1065.14|
Info:     481000 |   362536     118463 |  785   215 |     17424|       2.61    1067.75|
Info:     482000 |   363333     118666 |  797   203 |     17435|       4.14    1071.89|
Info:     483000 |   364163     118836 |  830   170 |     17420|       3.85    1075.74|
Info:     484000 |   364832     119167 |  669   331 |     17423|       2.14    1077.88|
Info:     485000 |   365654     119345 |  822   178 |     17444|       3.76    1081.63|
Info:     486000 |   366362     119637 |  708   292 |     17416|       4.40    1086.03|
Info:     487000 |   367171     119828 |  809   191 |     17417|       4.93    1090.96|
Info:     488000 |   367920     120079 |  749   251 |     17411|       2.99    1093.96|
Info:     489000 |   368707     120292 |  787   213 |     17422|       3.13    1097.09|
Info:     490000 |   369469     120530 |  762   238 |     17398|       2.35    1099.44|
Info:     491000 |   370271     120728 |  802   198 |     17388|       5.65    1105.08|
Info:     492000 |   371010     120989 |  739   261 |     17378|       3.29    1108.37|
Info:     493000 |   371799     121200 |  789   211 |     17359|       3.02    1111.38|
Info:     494000 |   372596     121403 |  797   203 |     17360|       2.42    1113.80|
Info:     495000 |   373353     121646 |  757   243 |     17346|       2.04    1115.85|
Info:     496000 |   374049     121950 |  696   304 |     17333|       2.52    1118.37|
Info:     497000 |   374799     122200 |  750   250 |     17334|       5.04    1123.41|
Info:     498000 |   375580     122419 |  781   219 |     17340|       3.51    1126.91|
Info:     499000 |   376406     122593 |  826   174 |     17330|       3.44    1130.36|
Info:     500000 |   377183     122816 |  777   223 |     17338|       2.53    1132.88|
Info:     501000 |   377967     123032 |  784   216 |     17331|       3.23    1136.12|
Info:     502000 |   378666     123333 |  699   301 |     17321|       2.81    1138.93|
Info:     503000 |   379504     123495 |  838   162 |     17317|       2.28    1141.21|
Info:     504000 |   380278     123721 |  774   226 |     17310|       2.87    1144.08|
Info:     505000 |   381112     123887 |  834   166 |     17306|       3.39    1147.47|
Info:     506000 |   381962     124037 |  850   150 |     17299|       2.19    1149.66|
Info:     507000 |   382700     124299 |  738   262 |     17294|       5.82    1155.48|
Info:     508000 |   383518     124481 |  818   182 |     17283|       2.71    1158.19|
Info:     509000 |   384332     124667 |  814   186 |     17270|       1.99    1160.17|
Info:     510000 |   385093     124906 |  761   239 |     17271|       2.27    1162.45|
Info:     511000 |   385931     125068 |  838   162 |     17270|       3.87    1166.31|
Info:     512000 |   386725     125274 |  794   206 |     17268|       4.76    1171.07|
Info:     513000 |   387502     125497 |  777   223 |     17253|       3.57    1174.64|
Info:     514000 |   388319     125680 |  817   183 |     17247|       3.45    1178.09|
Info:     515000 |   389134     125865 |  815   185 |     17231|       2.33    1180.42|
Info:     516000 |   389815     126184 |  681   319 |     17248|       3.89    1184.31|
Info:     517000 |   390553     126446 |  738   262 |     17247|       4.05    1188.36|
Info:     518000 |   391351     126648 |  798   202 |     17248|       3.48    1191.84|
Info:     519000 |   392125     126874 |  774   226 |     17225|       3.20    1195.04|
Info:     520000 |   392901     127098 |  776   224 |     17228|       5.01    1200.05|
Info:     521000 |   393677     127322 |  776   224 |     17223|       3.24    1203.30|
Info:     522000 |   394388     127611 |  711   289 |     17219|       2.65    1205.94|
Info:     523000 |   395136     127863 |  748   252 |     17208|       2.49    1208.44|
Info:     524000 |   396010     127989 |  874   126 |     17208|       2.82    1211.26|
Info:     525000 |   396821     128178 |  811   189 |     17209|       3.75    1215.00|
Info:     526000 |   397563     128436 |  742   258 |     17207|       3.53    1218.54|
Info:     527000 |   398356     128643 |  793   207 |     17199|       4.11    1222.65|
Info:     528000 |   399138     128861 |  782   218 |     17197|       2.54    1225.19|
Info:     529000 |   399896     129103 |  758   242 |     17189|       4.88    1230.07|
Info:     530000 |   400619     129380 |  723   277 |     17196|       2.76    1232.83|
Info:     531000 |   401363     129636 |  744   256 |     17184|       3.68    1236.51|
Info:     532000 |   402127     129872 |  764   236 |     17179|       2.13    1238.64|
Info:     533000 |   402903     130096 |  776   224 |     17176|       2.98    1241.62|
Info:     534000 |   403652     130347 |  749   251 |     17170|       4.21    1245.84|
Info:     535000 |   404358     130641 |  706   294 |     17152|       2.13    1247.97|
Info:     536000 |   405127     130872 |  769   231 |     17152|       2.64    1250.61|
Info:     537000 |   405890     131109 |  763   237 |     17151|       5.29    1255.90|
Info:     538000 |   406607     131392 |  717   283 |     17163|       6.52    1262.42|
Info:     539000 |   407342     131657 |  735   265 |     17152|       3.51    1265.92|
Info:     540000 |   408137     131862 |  795   205 |     17150|       2.00    1267.92|
Info:     541000 |   408948     132051 |  811   189 |     17151|       3.47    1271.39|
Info:     542000 |   409807     132192 |  859   141 |     17171|       3.99    1275.38|
Info:     543000 |   410564     132435 |  757   243 |     17127|       2.43    1277.81|
Info:     544000 |   411351     132648 |  787   213 |     17109|       4.45    1282.26|
Info:     545000 |   412177     132822 |  826   174 |     17103|       2.38    1284.65|
Info:     546000 |   412939     133060 |  762   238 |     17104|       4.24    1288.89|
Info:     547000 |   413739     133260 |  800   200 |     17102|       3.21    1292.10|
Info:     548000 |   414485     133514 |  746   254 |     17088|       2.20    1294.30|
Info:     549000 |   415267     133732 |  782   218 |     17094|       3.88    1298.18|
Info:     550000 |   416019     133980 |  752   248 |     17080|       2.52    1300.70|
Info:     551000 |   416777     134222 |  758   242 |     17078|       3.29    1303.99|
Info:     552000 |   417517     134482 |  740   260 |     17073|       2.48    1306.47|
Info:     553000 |   418305     134694 |  788   212 |     17068|       2.14    1308.61|
Info:     554000 |   419046     134953 |  741   259 |     17071|       3.82    1312.43|
Info:     555000 |   419818     135181 |  772   228 |     17071|       2.28    1314.71|
Info:     556000 |   420665     135334 |  847   153 |     17073|       3.50    1318.21|
Info:     557000 |   421473     135526 |  808   192 |     17055|       2.63    1320.84|
Info:     558000 |   422221     135778 |  748   252 |     17053|       2.07    1322.91|
Info:     559000 |   423008     135991 |  787   213 |     17045|       2.92    1325.83|
Info:     560000 |   423820     136179 |  812   188 |     17021|       4.21    1330.04|
Info:     561000 |   424622     136377 |  802   198 |     17010|       2.93    1332.97|
Info:     562000 |   425390     136609 |  768   232 |     17007|       3.06    1336.03|
Info:     563000 |   426120     136879 |  730   270 |     17000|       3.61    1339.63|
Info:     564000 |   426990     137009 |  870   130 |     16985|       2.66    1342.30|
Info:     565000 |   427751     137248 |  761   239 |     16991|       3.54    1345.84|
Info:     566000 |   428577     137422 |  826   174 |     16980|       2.64    1348.48|
Info:     567000 |   429376     137623 |  799   201 |     16976|       3.60    1352.07|
Info:     568000 |   430204     137795 |  828   172 |     16981|       4.02    1356.09|
Info:     569000 |   431004     137995 |  800   200 |     16969|       2.09    1358.18|
Info:     570000 |   431812     138187 |  808   192 |     16975|       8.29    1366.47|
Info:     571000 |   432590     138409 |  778   222 |     16967|       4.17    1370.64|
Info:     572000 |   433351     138648 |  761   239 |     16959|       5.44    1376.08|
Info:     573000 |   434112     138887 |  761   239 |     16946|       4.75    1380.83|
Info:     574000 |   434876     139123 |  764   236 |     16961|       3.00    1383.84|
Info:     575000 |   435667     139332 |  791   209 |     16956|       2.66    1386.50|
Info:     576000 |   436386     139613 |  719   281 |     16930|       3.39    1389.89|
Info:     577000 |   437151     139848 |  765   235 |     16929|       2.98    1392.86|
Info:     578000 |   437912     140087 |  761   239 |     16942|       2.62    1395.49|
Info:     579000 |   438679     140320 |  767   233 |     16955|       4.70    1400.19|
Info:     580000 |   439418     140581 |  739   261 |     16942|       2.34    1402.53|
Info:     581000 |   440172     140827 |  754   246 |     16936|       4.02    1406.55|
Info:     582000 |   440952     141047 |  780   220 |     16923|       3.62    1410.17|
Info:     583000 |   441702     141297 |  750   250 |     16920|       2.43    1412.60|
Info:     584000 |   442503     141496 |  801   199 |     16905|       2.61    1415.21|
Info:     585000 |   443280     141719 |  777   223 |     16925|       3.90    1419.11|
Info:     586000 |   444082     141917 |  802   198 |     16905|       2.09    1421.19|
Info:     587000 |   444824     142175 |  742   258 |     16905|       3.33    1424.52|
Info:     588000 |   445658     142341 |  834   166 |     16925|       5.79    1430.31|
Info:     589000 |   446463     142536 |  805   195 |     16923|       2.30    1432.61|
Info:     590000 |   447202     142797 |  739   261 |     16887|       4.56    1437.17|
Info:     591000 |   448014     142985 |  812   188 |     16885|       2.36    1439.54|
Info:     592000 |   448842     143157 |  828   172 |     16878|       1.91    1441.44|
Info:     593000 |   449562     143437 |  720   280 |     16868|       2.47    1443.91|
Info:     594000 |   450310     143689 |  748   252 |     16874|       4.15    1448.06|
Info:     595000 |   451117     143882 |  807   193 |     16880|       5.80    1453.86|
Info:     596000 |   451844     144155 |  727   273 |     16868|       6.82    1460.68|
Info:     597000 |   452704     144295 |  860   140 |     16891|       5.02    1465.70|
Info:     598000 |   453403     144596 |  699   301 |     16893|       4.57    1470.27|
Info:     599000 |   454192     144807 |  789   211 |     16895|       3.57    1473.83|
Info:     600000 |   454976     145023 |  784   216 |     16881|       4.10    1477.93|
Info:     601000 |   455660     145339 |  684   316 |     16881|       3.70    1481.63|
Info:     602000 |   456406     145593 |  746   254 |     16910|       8.79    1490.42|
Info:     603000 |   457155     145844 |  749   251 |     16923|       3.60    1494.02|
Info:     604000 |   457866     146133 |  711   289 |     16918|       7.17    1501.19|
Info:     605000 |   458662     146337 |  796   204 |     16893|       5.67    1506.86|
Info:     606000 |   459480     146519 |  818   182 |     16898|      11.80    1518.65|
Info:     607000 |   460300     146699 |  820   180 |     16899|      20.22    1538.87|
Info:     608000 |   461100     146899 |  800   200 |     16896|       2.51    1541.39|
Info:     609000 |   461768     147231 |  668   332 |     16879|       9.80    1551.18|
Info:     610000 |   462495     147504 |  727   273 |     16875|       4.99    1556.17|
Info:     611000 |   463290     147709 |  795   205 |     16860|       6.32    1562.49|
Info:     612000 |   464099     147900 |  809   191 |     16846|       3.09    1565.58|
Info:     613000 |   464923     148076 |  824   176 |     16832|       3.55    1569.13|
Info:     614000 |   465668     148331 |  745   255 |     16806|       3.11    1572.24|
Info:     615000 |   466330     148669 |  662   338 |     16797|       6.88    1579.12|
Info:     616000 |   467084     148915 |  754   246 |     16803|       5.08    1584.20|
Info:     617000 |   467929     149070 |  845   155 |     16797|       2.63    1586.83|
Info:     618000 |   468700     149299 |  771   229 |     16802|       4.10    1590.92|
Info:     619000 |   469460     149539 |  760   240 |     16791|       3.34    1594.27|
Info:     620000 |   470205     149794 |  745   255 |     16778|       2.96    1597.23|
Info:     621000 |   470880     150119 |  675   325 |     16773|       3.26    1600.48|
Info:     622000 |   471686     150313 |  806   194 |     16764|       3.37    1603.85|
Info:     623000 |   472392     150607 |  706   294 |     16773|       4.95    1608.79|
Info:     624000 |   473147     150852 |  755   245 |     16759|      11.22    1620.01|
Info:     625000 |   473977     151022 |  830   170 |     16758|       5.88    1625.89|
Info:     626000 |   474759     151240 |  782   218 |     16760|       2.86    1628.76|
Info:     627000 |   475537     151462 |  778   222 |     16750|       3.39    1632.15|
Info:     628000 |   476271     151728 |  734   266 |     16744|       2.51    1634.65|
Info:     629000 |   477011     151988 |  740   260 |     16741|       3.09    1637.75|
Info:     630000 |   477724     152275 |  713   287 |     16738|       4.32    1642.07|
Info:     631000 |   478545     152454 |  821   179 |     16742|       3.42    1645.49|
Info:     632000 |   479260     152739 |  715   285 |     16741|       2.51    1648.00|
Info:     633000 |   480018     152981 |  758   242 |     16764|       6.28    1654.28|
Info:     634000 |   480840     153159 |  822   178 |     16741|       3.53    1657.81|
Info:     635000 |   481639     153360 |  799   201 |     16734|       3.79    1661.59|
Info:     636000 |   482406     153593 |  767   233 |     16743|       3.46    1665.06|
Info:     637000 |   483128     153871 |  722   278 |     16748|       2.66    1667.71|
Info:     638000 |   483962     154037 |  834   166 |     16726|       2.69    1670.40|
Info:     639000 |   484774     154225 |  812   188 |     16725|       3.91    1674.31|
Info:     640000 |   485497     154502 |  723   277 |     16731|       3.01    1677.31|
Info:     641000 |   486261     154738 |  764   236 |     16718|       2.79    1680.11|
Info:     642000 |   487051     154948 |  790   210 |     16716|       2.93    1683.04|
Info:     643000 |   487810     155189 |  759   241 |     16710|       3.18    1686.21|
Info:     644000 |   488611     155388 |  801   199 |     16720|       3.12    1689.34|
Info:     645000 |   489354     155645 |  743   257 |     16712|       4.37    1693.71|
Info:     646000 |   490121     155878 |  767   233 |     16712|       2.73    1696.44|
Info:     647000 |   490843     156156 |  722   278 |     16676|       3.99    1700.42|
Info:     648000 |   491584     156415 |  741   259 |     16695|       2.95    1703.37|
Info:     649000 |   492398     156601 |  814   186 |     16675|       2.78    1706.15|
Info:     650000 |   493085     156914 |  687   313 |     16672|       3.66    1709.81|
Info:     651000 |   493783     157216 |  698   302 |     16680|       7.56    1717.38|
Info:     652000 |   494549     157450 |  766   234 |     16674|       8.30    1725.68|
Info:     653000 |   495293     157706 |  744   256 |     16676|      13.29    1738.97|
Info:     654000 |   495989     158010 |  696   304 |     16664|       8.51    1747.48|
Info:     655000 |   496787     158212 |  798   202 |     16673|       4.57    1752.05|
Info:     656000 |   497548     158451 |  761   239 |     16702|       7.70    1759.75|
Info:     657000 |   498307     158692 |  759   241 |     16697|       3.07    1762.82|
Info:     658000 |   499068     158931 |  761   239 |     16691|       3.12    1765.95|
Info:     659000 |   499931     159068 |  863   137 |     16678|       4.34    1770.29|
Info:     660000 |   500747     159252 |  816   184 |     16689|       4.62    1774.91|
Info:     661000 |   501560     159439 |  813   187 |     16667|       4.49    1779.40|
Info:     662000 |   502288     159711 |  728   272 |     16661|       2.44    1781.84|
Info:     663000 |   503095     159904 |  807   193 |     16670|       4.60    1786.44|
Info:     664000 |   503834     160165 |  739   261 |     16667|       6.50    1792.93|
Info:     665000 |   504687     160312 |  853   147 |     16665|       6.21    1799.14|
Info:     666000 |   505476     160523 |  789   211 |     16635|       4.40    1803.54|
Info:     667000 |   506152     160847 |  676   324 |     16632|       3.68    1807.22|
Info:     668000 |   506898     161101 |  746   254 |     16634|       3.10    1810.32|
Info:     669000 |   507693     161306 |  795   205 |     16625|       2.70    1813.01|
Info:     670000 |   508492     161507 |  799   201 |     16628|       3.80    1816.81|
Info:     671000 |   509255     161744 |  763   237 |     16642|       4.47    1821.28|
Info:     672000 |   510003     161996 |  748   252 |     16622|       3.02    1824.29|
Info:     673000 |   510774     162225 |  771   229 |     16626|       5.07    1829.36|
Info:     674000 |   511584     162415 |  810   190 |     16626|       3.57    1832.93|
Info:     675000 |   512364     162635 |  780   220 |     16628|       3.68    1836.61|
Info:     676000 |   513145     162854 |  781   219 |     16629|       7.83    1844.44|
Info:     677000 |   513938     163061 |  793   207 |     16607|       3.70    1848.14|
Info:     678000 |   514665     163334 |  727   273 |     16604|       8.06    1856.20|
Info:     679000 |   515490     163509 |  825   175 |     16601|       5.70    1861.90|
Info:     680000 |   516280     163719 |  790   210 |     16613|       4.21    1866.11|
Info:     681000 |   517086     163913 |  806   194 |     16621|       3.20    1869.32|
Info:     682000 |   517959     164040 |  873   127 |     16620|       8.22    1877.54|
Info:     683000 |   518785     164214 |  826   174 |     16594|       8.11    1885.65|
Info:     684000 |   519598     164401 |  813   187 |     16588|       3.41    1889.06|
Info:     685000 |   520391     164608 |  793   207 |     16592|       7.12    1896.18|
Info:     686000 |   521209     164790 |  818   182 |     16598|       4.38    1900.56|
Info:     687000 |   521996     165003 |  787   213 |     16598|       4.92    1905.48|
Info:     688000 |   522758     165241 |  762   238 |     16601|       5.49    1910.97|
Info:     689000 |   523554     165445 |  796   204 |     16597|       4.80    1915.76|
Info:     690000 |   524380     165619 |  826   174 |     16587|       4.19    1919.95|
Info:     691000 |   525135     165864 |  755   245 |     16580|       4.97    1924.92|
Info:     692000 |   525965     166034 |  830   170 |     16581|      12.33    1937.25|
Info:     693000 |   526730     166269 |  765   235 |     16550|       3.12    1940.38|
Info:     694000 |   527511     166488 |  781   219 |     16544|       3.38    1943.76|
Info:     695000 |   528290     166709 |  779   221 |     16549|       6.53    1950.29|
Info:     696000 |   529121     166878 |  831   169 |     16542|       2.55    1952.84|
Info:     697000 |   529935     167064 |  814   186 |     16536|       2.39    1955.22|
Info:     698000 |   530699     167300 |  764   236 |     16538|       3.22    1958.44|
Info:     699000 |   531455     167544 |  756   244 |     16531|       6.24    1964.68|
Info:     700000 |   532217     167782 |  762   238 |     16525|       3.90    1968.57|
Info:     701000 |   533024     167975 |  807   193 |     16530|       4.70    1973.27|
Info:     702000 |   533808     168191 |  784   216 |     16538|       4.13    1977.41|
Info:     703000 |   534618     168381 |  810   190 |     16549|       3.59    1981.00|
Info:     704000 |   535457     168542 |  839   161 |     16531|       5.17    1986.17|
Info:     705000 |   536241     168758 |  784   216 |     16519|       4.68    1990.84|
Info:     706000 |   537040     168959 |  799   201 |     16535|       3.07    1993.91|
Info:     707000 |   537825     169174 |  785   215 |     16523|       2.66    1996.57|
Info:     708000 |   538567     169432 |  742   258 |     16517|       4.01    2000.58|
Info:     709000 |   539238     169761 |  671   329 |     16504|       3.27    2003.85|
Info:     710000 |   539997     170002 |  759   241 |     16495|       8.30    2012.15|
Info:     711000 |   540760     170239 |  763   237 |     16495|       5.31    2017.46|
Info:     712000 |   541514     170485 |  754   246 |     16479|       3.80    2021.27|
Info:     713000 |   542308     170691 |  794   206 |     16472|       7.03    2028.30|
Info:     714000 |   543015     170984 |  707   293 |     16466|       5.56    2033.86|
Info:     715000 |   543801     171198 |  786   214 |     16473|       5.38    2039.23|
Info:     716000 |   544571     171428 |  770   230 |     16470|       7.68    2046.92|
Info:     717000 |   545317     171682 |  746   254 |     16475|       2.74    2049.65|
Info:     718000 |   546140     171859 |  823   177 |     16475|       2.53    2052.19|
Info:     719000 |   546963     172036 |  823   177 |     16459|       2.82    2055.01|
Info:     720000 |   547751     172248 |  788   212 |     16464|       1.95    2056.96|
Info:     721000 |   548548     172451 |  797   203 |     16461|       2.86    2059.82|
Info:     722000 |   549342     172657 |  794   206 |     16433|       1.85    2061.67|
Info:     723000 |   549971     173028 |  629   371 |     16428|       1.84    2063.50|
Info:     724000 |   550725     173274 |  754   246 |     16437|       2.76    2066.27|
Info:     725000 |   551472     173527 |  747   253 |     16436|       6.07    2072.34|
Info:     726000 |   552259     173740 |  787   213 |     16427|       2.95    2075.28|
Info:     727000 |   552965     174034 |  706   294 |     16410|       1.49    2076.77|
Info:     728000 |   553691     174308 |  726   274 |     16392|       2.72    2079.49|
Info:     729000 |   554454     174545 |  763   237 |     16390|       1.91    2081.40|
Info:     730000 |   555304     174695 |  850   150 |     16392|       3.66    2085.06|
Info:     731000 |   556039     174960 |  735   265 |     16385|       2.31    2087.37|
Info:     732000 |   556775     175224 |  736   264 |     16378|       1.74    2089.11|
Info:     733000 |   557550     175449 |  775   225 |     16378|       2.04    2091.15|
Info:     734000 |   558349     175650 |  799   201 |     16376|       1.61    2092.76|
Info:     735000 |   559115     175884 |  766   234 |     16367|       0.87    2093.62|
Info:     736000 |   559908     176091 |  793   207 |     16370|       2.38    2096.00|
Info:     737000 |   560635     176364 |  727   273 |     16366|       2.25    2098.25|
Info:     738000 |   561400     176599 |  765   235 |     16344|       2.75    2101.01|
Info:     739000 |   562217     176782 |  817   183 |     16350|       1.39    2102.39|
Info:     740000 |   563071     176928 |  854   146 |     16343|       0.90    2103.29|
Info:     741000 |   563889     177110 |  818   182 |     16325|       1.28    2104.57|
Info:     742000 |   564657     177342 |  768   232 |     16324|       3.38    2107.95|
Info:     743000 |   565408     177591 |  751   249 |     16326|       1.45    2109.40|
Info:     744000 |   566246     177753 |  838   162 |     16322|       0.80    2110.21|
Info:     745000 |   567071     177928 |  825   175 |     16312|       1.23    2111.44|
Info:     746000 |   567861     178138 |  790   210 |     16324|       2.48    2113.92|
Info:     747000 |   568671     178328 |  810   190 |     16333|       1.64    2115.55|
Info:     748000 |   569428     178571 |  757   243 |     16335|       1.37    2116.92|
Info:     749000 |   570171     178828 |  743   257 |     16361|       1.96    2118.89|
Info:     750000 |   571017     178982 |  846   154 |     16359|       2.28    2121.16|
Info:     751000 |   571769     179230 |  752   248 |     16333|       1.85    2123.02|
Info:     752000 |   572549     179450 |  780   220 |     16324|       3.14    2126.15|
Info:     753000 |   573338     179661 |  789   211 |     16320|       2.04    2128.19|
Info:     754000 |   574093     179906 |  755   245 |     16304|       1.55    2129.75|
Info:     755000 |   574808     180191 |  715   285 |     16297|       2.88    2132.62|
Info:     756000 |   575560     180439 |  752   248 |     16275|       1.44    2134.07|
Info:     757000 |   576340     180659 |  780   220 |     16283|       0.95    2135.01|
Info:     758000 |   577048     180951 |  708   292 |     16290|       1.52    2136.53|
Info:     759000 |   577882     181117 |  834   166 |     16259|       1.53    2138.07|
Info:     760000 |   578743     181256 |  861   139 |     16259|       1.31    2139.37|
Info:     761000 |   579555     181444 |  812   188 |     16263|       2.31    2141.68|
Info:     762000 |   580296     181703 |  741   259 |     16261|       1.16    2142.85|
Info:     763000 |   581004     181995 |  708   292 |     16275|       2.28    2145.13|
Info:     764000 |   581791     182208 |  787   213 |     16274|       2.20    2147.33|
Info:     765000 |   582592     182407 |  801   199 |     16264|       1.25    2148.58|
Info:     766000 |   583428     182571 |  836   164 |     16251|       1.30    2149.88|
Info:     767000 |   584313     182686 |  885   115 |     16250|       1.50    2151.38|
Info:     768000 |   585091     182908 |  778   222 |     16251|       3.31    2154.68|
Info:     769000 |   585900     183099 |  809   191 |     16271|       1.61    2156.30|
Info:     770000 |   586722     183277 |  822   178 |     16264|       2.24    2158.54|
Info:     771000 |   587477     183522 |  755   245 |     16254|       1.53    2160.07|
Info:     772000 |   588231     183768 |  754   246 |     16247|       1.95    2162.02|
Info:     773000 |   588994     184005 |  763   237 |     16252|       1.44    2163.46|
Info:     774000 |   589788     184211 |  794   206 |     16242|       2.37    2165.83|
Info:     775000 |   590571     184428 |  783   217 |     16244|       0.96    2166.79|
Info:     776000 |   591241     184758 |  670   330 |     16233|       1.46    2168.24|
Info:     777000 |   592012     184987 |  771   229 |     16223|       1.94    2170.18|
Info:     778000 |   592745     185254 |  733   267 |     16209|       2.12    2172.30|
Info:     779000 |   593540     185459 |  795   205 |     16222|       1.75    2174.06|
Info:     780000 |   594387     185612 |  847   153 |     16198|       1.34    2175.39|
Info:     781000 |   595150     185849 |  763   237 |     16187|       1.49    2176.88|
Info:     782000 |   595880     186119 |  730   270 |     16185|       2.02    2178.90|
Info:     783000 |   596654     186345 |  774   226 |     16181|       1.57    2180.47|
Info:     784000 |   597404     186595 |  750   250 |     16181|       1.45    2181.92|
Info:     785000 |   598086     186913 |  682   318 |     16169|       1.34    2183.26|
Info:     786000 |   598869     187130 |  783   217 |     16174|       1.14    2184.39|
Info:     787000 |   599611     187388 |  742   258 |     16164|       1.98    2186.37|
Info:     788000 |   600388     187611 |  777   223 |     16144|       1.31    2187.69|
Info:     789000 |   601149     187850 |  761   239 |     16141|       2.43    2190.11|
Info:     790000 |   601903     188096 |  754   246 |     16144|       1.99    2192.11|
Info:     791000 |   602691     188308 |  788   212 |     16155|       2.10    2194.20|
Info:     792000 |   603450     188549 |  759   241 |     16146|       2.53    2196.73|
Info:     793000 |   604215     188784 |  765   235 |     16166|       3.21    2199.94|
Info:     794000 |   605052     188947 |  837   163 |     16161|       5.68    2205.61|
Info:     795000 |   605901     189098 |  849   151 |     16173|       7.30    2212.92|
Info:     796000 |   606714     189285 |  813   187 |     16154|       1.41    2214.33|
Info:     797000 |   607533     189466 |  819   181 |     16156|       1.98    2216.31|
Info:     798000 |   608350     189649 |  817   183 |     16156|       2.81    2219.12|
Info:     799000 |   609177     189822 |  827   173 |     16161|       3.09    2222.21|
Info:     800000 |   610017     189982 |  840   160 |     16174|       1.88    2224.10|
Info:     801000 |   610770     190229 |  753   247 |     16157|       1.40    2225.49|
Info:     802000 |   611627     190372 |  857   143 |     16171|       2.07    2227.57|
Info:     803000 |   612399     190600 |  772   228 |     16164|       3.89    2231.46|
Info:     804000 |   613204     190795 |  805   195 |     16135|       1.99    2233.45|
Info:     805000 |   614004     190995 |  800   200 |     16143|       3.19    2236.64|
Info:     806000 |   614700     191299 |  696   304 |     16126|       1.25    2237.89|
Info:     807000 |   615446     191553 |  746   254 |     16125|       2.10    2239.99|
Info:     808000 |   616289     191710 |  843   157 |     16131|       1.58    2241.58|
Info:     809000 |   617098     191901 |  809   191 |     16125|       1.88    2243.46|
Info:     810000 |   617860     192139 |  762   238 |     16125|       1.49    2244.95|
Info:     811000 |   618649     192350 |  789   211 |     16119|       1.31    2246.25|
Info:     812000 |   619419     192580 |  770   230 |     16141|       1.74    2248.00|
Info:     813000 |   620229     192770 |  810   190 |     16123|       1.93    2249.92|
Info:     814000 |   621103     192896 |  874   126 |     16118|       4.10    2254.02|
Info:     815000 |   621966     193033 |  863   137 |     16117|       1.14    2255.17|
Info:     816000 |   622730     193269 |  764   236 |     16124|       1.40    2256.57|
Info:     817000 |   623491     193508 |  761   239 |     16106|       1.12    2257.69|
Info:     818000 |   624296     193703 |  805   195 |     16102|       1.95    2259.63|
Info:     819000 |   625086     193913 |  790   210 |     16109|       2.24    2261.87|
Info:     820000 |   625774     194225 |  688   312 |     16124|       1.70    2263.57|
Info:     821000 |   626433     194566 |  659   341 |     16111|       2.52    2266.09|
Info:     822000 |   627223     194776 |  790   210 |     16107|       0.91    2267.00|
Info:     823000 |   628061     194938 |  838   162 |     16122|       1.07    2268.08|
Info:     824000 |   628845     195154 |  784   216 |     16123|       1.77    2269.85|
Info:     825000 |   629690     195309 |  845   155 |     16098|       1.31    2271.16|
Info:     826000 |   630312     195687 |  622   378 |     16110|       1.56    2272.72|
Info:     827000 |   631107     195892 |  795   205 |     16092|       1.85    2274.57|
Info:     828000 |   631795     196204 |  688   312 |     16093|       2.04    2276.61|
Info:     829000 |   632541     196458 |  746   254 |     16098|       2.03    2278.64|
Info:     830000 |   633292     196707 |  751   249 |     16104|       2.34    2280.98|
Info:     831000 |   634089     196910 |  797   203 |     16103|       2.54    2283.52|
Info:     832000 |   634900     197099 |  811   189 |     16104|       2.68    2286.20|
Info:     833000 |   635622     197377 |  722   278 |     16083|       2.30    2288.50|
Info:     834000 |   636426     197573 |  804   196 |     16076|       1.06    2289.56|
Info:     835000 |   637245     197754 |  819   181 |     16065|       2.70    2292.26|
Info:     836000 |   637978     198021 |  733   267 |     16091|       4.20    2296.46|
Info:     837000 |   638668     198331 |  690   310 |     16073|       2.02    2298.47|
Info:     838000 |   639506     198493 |  838   162 |     16068|       2.21    2300.68|
Info:     839000 |   640257     198742 |  751   249 |     16077|       1.71    2302.40|
Info:     840000 |   640970     199029 |  713   287 |     16070|       1.90    2304.29|
Info:     841000 |   641752     199247 |  782   218 |     16060|       3.36    2307.66|
Info:     842000 |   642593     199406 |  841   159 |     16060|       2.81    2310.47|
Info:     843000 |   643364     199635 |  771   229 |     16054|       1.38    2311.85|
Info:     844000 |   644121     199878 |  757   243 |     16053|       2.05    2313.90|
Info:     845000 |   644928     200071 |  807   193 |     16043|       1.85    2315.74|
Info:     846000 |   645758     200241 |  830   170 |     16047|       2.61    2318.35|
Info:     847000 |   646651     200348 |  893   107 |     16052|       1.68    2320.04|
Info:     848000 |   647468     200531 |  817   183 |     16042|       1.86    2321.90|
Info:     849000 |   648292     200707 |  824   176 |     16058|       3.03    2324.92|
Info:     850000 |   649065     200934 |  773   227 |     16078|       2.30    2327.22|
Info:     851000 |   649876     201123 |  811   189 |     16058|       1.35    2328.57|
Info:     852000 |   650680     201319 |  804   196 |     16045|       1.98    2330.55|
Info:     853000 |   651551     201448 |  871   129 |     16023|       1.17    2331.72|
Info:     854000 |   652288     201711 |  737   263 |     16009|       2.89    2334.61|
Info:     855000 |   653076     201923 |  788   212 |     16008|       2.09    2336.70|
Info:     856000 |   653889     202110 |  813   187 |     16008|       1.42    2338.12|
Info:     857000 |   654679     202320 |  790   210 |     16005|       2.47    2340.59|
Info:     858000 |   655536     202463 |  857   143 |     16003|       2.57    2343.16|
Info:     859000 |   656331     202668 |  795   205 |     16015|       2.15    2345.31|
Info:     860000 |   657157     202842 |  826   174 |     16008|       1.69    2347.00|
Info:     861000 |   658044     202955 |  887   113 |     16015|       2.34    2349.34|
Info:     862000 |   658851     203148 |  807   193 |     16020|       3.21    2352.55|
Info:     863000 |   659669     203330 |  818   182 |     16008|       6.43    2358.98|
Info:     864000 |   660440     203559 |  771   229 |     16000|       2.72    2361.70|
Info:     865000 |   661214     203785 |  774   226 |     16000|       1.31    2363.01|
Info:     866000 |   662062     203937 |  848   152 |     15994|       2.93    2365.93|
Info:     867000 |   662813     204186 |  751   249 |     15999|       2.81    2368.74|
Info:     868000 |   663561     204438 |  748   252 |     15991|       5.45    2374.20|
Info:     869000 |   664436     204563 |  875   125 |     15995|       2.67    2376.87|
Info:     870000 |   665213     204786 |  777   223 |     15991|       2.82    2379.69|
Info:     871000 |   665981     205018 |  768   232 |     15991|       2.05    2381.74|
Info:     872000 |   666748     205251 |  767   233 |     15981|       2.81    2384.55|
Info:     873000 |   667536     205463 |  788   212 |     15962|       1.27    2385.82|
Info:     874000 |   668350     205649 |  814   186 |     15952|       1.41    2387.23|
Info:     875000 |   669075     205924 |  725   275 |     15934|       1.07    2388.30|
Info:     876000 |   669746     206253 |  671   329 |     15937|       1.05    2389.35|
Info:     877000 |   670492     206507 |  746   254 |     15939|       1.67    2391.02|
Info:     878000 |   671323     206676 |  831   169 |     15928|       1.69    2392.71|
Info:     879000 |   672118     206881 |  795   205 |     15933|       1.50    2394.20|
Info:     880000 |   672915     207084 |  797   203 |     15916|       1.44    2395.64|
Info:     881000 |   673685     207314 |  770   230 |     15912|       1.35    2396.99|
Info:     882000 |   674455     207544 |  770   230 |     15913|       2.49    2399.48|
Info:     883000 |   675237     207762 |  782   218 |     15907|       5.95    2405.43|
Info:     884000 |   675903     208096 |  666   334 |     15925|       2.23    2407.66|
Info:     885000 |   676675     208324 |  772   228 |     15903|       1.96    2409.62|
Info:     886000 |   677499     208500 |  824   176 |     15906|       1.85    2411.47|
Info:     887000 |   678319     208680 |  820   180 |     15901|       2.48    2413.95|
Info:     888000 |   679096     208903 |  777   223 |     15890|       1.25    2415.20|
Info:     889000 |   679947     209052 |  851   149 |     15904|       1.29    2416.49|
Info:     890000 |   680800     209199 |  853   147 |     15891|       1.48    2417.98|
Info:     891000 |   681601     209398 |  801   199 |     15894|       1.93    2419.90|
Info:     892000 |   682435     209564 |  834   166 |     15889|       2.68    2422.58|
Info:     893000 |   683253     209746 |  818   182 |     15884|       1.79    2424.38|
Info:     894000 |   683986     210013 |  733   267 |     15870|       1.99    2426.37|
Info:     895000 |   684705     210294 |  719   281 |     15867|       3.66    2430.03|
Info:     896000 |   685576     210423 |  871   129 |     15862|       1.71    2431.73|
Info:     897000 |   686389     210610 |  813   187 |     15865|       2.97    2434.70|
Info:     898000 |   687171     210828 |  782   218 |     15855|       2.79    2437.49|
