Warning: Use of default value for --package is deprecated. Please add '--package ct256' to arguments.
Warning: No PCF file specified; IO pins will be placed automatically

Info: Packing constants..
Info: Packing IOs..
Info: Packing LUT-FFs..
Info:     6512 LCs used as LUT4 only
Info:      646 LCs used as LUT4 and DFF
Info: Packing non-LUT FFs..
Info:      388 LCs used as DFF only
Info: Packing carries..
Info:        3 LCs used as CARRY only
Info: Packing indirect carry+LUT pairs...
Info:        1 LUTs merged into carry LCs
Info: Packing RAMs..
Info: Placing PLLs..
Info: Packing special functions..
Info: Packing PLLs..
Info: Promoting globals..
Info: promoting clk$SB_IO_IN (fanout 1034)
Info: promoting rst_n_SB_LUT4_I3_O [reset] (fanout 394)
Info: promoting busy_SB_LUT4_I2_O_SB_LUT4_I3_O [cen] (fanout 128)
Info: promoting busy_SB_LUT4_I3_O [cen] (fanout 128)
Info: promoting rst_n_SB_LUT4_I1_O [cen] (fanout 128)
Info: promoting rst_n_SB_LUT4_I1_1_O [cen] (fanout 128)
Info: Constraining chains...
Info:        3 LCs used to legalise carry chains.
Info: Checksum: 0x005b6ad8

Info: Device utilisation:
Info: 	         ICESTORM_LC:    7553/   7680    98%
Info: 	        ICESTORM_RAM:       0/     32     0%
Info: 	               SB_IO:     199/    206    96%
Info: 	               SB_GB:       6/      8    75%
Info: 	        ICESTORM_PLL:       0/      2     0%
Info: 	         SB_WARMBOOT:       0/      1     0%

Info: Placed 0 cells based on constraints.
Info: Creating initial placement for remaining 7758 cells.
Info:   initial placement placed 500/7758 cells
Info:   initial placement placed 1000/7758 cells
Info:   initial placement placed 1500/7758 cells
Info:   initial placement placed 2000/7758 cells
Info:   initial placement placed 2500/7758 cells
Info:   initial placement placed 3000/7758 cells
Info:   initial placement placed 3500/7758 cells
Info:   initial placement placed 4000/7758 cells
Info:   initial placement placed 4500/7758 cells
Info:   initial placement placed 5000/7758 cells
Info:   initial placement placed 5500/7758 cells
Info:   initial placement placed 6000/7758 cells
Info:   initial placement placed 6500/7758 cells
Info:   initial placement placed 7000/7758 cells
Info:   initial placement placed 7500/7758 cells
Info:   initial placement placed 7758/7758 cells
Info: Initial placement time 0.01s
Info: Running simulated annealing placer.
Info:   at iteration #1: temp = 1.000000, timing cost = 19992, wirelen = 264529
Info:   at iteration #5: temp = 0.062500, timing cost = 19743, wirelen = 264463
Info:   at iteration #10: temp = 0.001953, timing cost = 16670, wirelen = 262830
Info:   at iteration #15: temp = 0.000356, timing cost = 18672, wirelen = 259574
Info:   at iteration #20: temp = 0.000210, timing cost = 19609, wirelen = 257263
Info:   at iteration #25: temp = 0.000124, timing cost = 17708, wirelen = 253761
Info:   at iteration #30: temp = 0.000106, timing cost = 16059, wirelen = 246192
Info:   at iteration #35: temp = 0.000087, timing cost = 15629, wirelen = 244453
Info:   at iteration #40: temp = 0.000074, timing cost = 16668, wirelen = 240033
Info:   at iteration #45: temp = 0.000064, timing cost = 16049, wirelen = 234132
Info:   at iteration #50: temp = 0.000061, timing cost = 15572, wirelen = 224312
Info:   at iteration #55: temp = 0.000058, timing cost = 16899, wirelen = 214266
Info:   at iteration #60: temp = 0.000055, timing cost = 15436, wirelen = 204790
Info:   at iteration #65: temp = 0.000052, timing cost = 14696, wirelen = 191579
Info:   at iteration #70: temp = 0.000049, timing cost = 12144, wirelen = 182613
Info:   at iteration #75: temp = 0.000047, timing cost = 9573, wirelen = 173753
Info:   at iteration #80: temp = 0.000044, timing cost = 12812, wirelen = 165284
Info:   at iteration #85: temp = 0.000042, timing cost = 15460, wirelen = 157056
Info:   at iteration #90: temp = 0.000040, timing cost = 11462, wirelen = 148556
Info:   at iteration #95: temp = 0.000038, timing cost = 13000, wirelen = 140298
Info:   at iteration #100: temp = 0.000036, timing cost = 15660, wirelen = 138073
Info:   at iteration #105: temp = 0.000034, timing cost = 13283, wirelen = 128641
Info:   at iteration #110: temp = 0.000033, timing cost = 13573, wirelen = 121368
Info:   at iteration #115: temp = 0.000031, timing cost = 11920, wirelen = 117023
Info:   at iteration #120: temp = 0.000030, timing cost = 12543, wirelen = 112610
Info:   at iteration #125: temp = 0.000028, timing cost = 11807, wirelen = 106163
Info:   at iteration #130: temp = 0.000027, timing cost = 14870, wirelen = 102726
Info:   at iteration #135: temp = 0.000025, timing cost = 14345, wirelen = 97146
Info:   at iteration #140: temp = 0.000024, timing cost = 13298, wirelen = 93630
Info: Legalising relative constraints...
Info:     moved 11 cells, 1 unplaced (after legalising chains)
Info:        average distance 0.272727
Info:        maximum distance 1.000000
Info:     moved 17 cells, 0 unplaced (after replacing ripped up cells)
Info:        average distance 0.743587
Info:        maximum distance 3.162278
Info:   at iteration #145: temp = 0.000022, timing cost = 14483, wirelen = 89750
Info:   at iteration #150: temp = 0.000021, timing cost = 12782, wirelen = 85738
Info:   at iteration #155: temp = 0.000019, timing cost = 12520, wirelen = 82063
Info:   at iteration #160: temp = 0.000018, timing cost = 13538, wirelen = 79424
Info:   at iteration #165: temp = 0.000016, timing cost = 13424, wirelen = 76982
Info:   at iteration #170: temp = 0.000014, timing cost = 14102, wirelen = 74156
Info:   at iteration #175: temp = 0.000013, timing cost = 12162, wirelen = 71775
Info:   at iteration #180: temp = 0.000012, timing cost = 13678, wirelen = 69166
Info:   at iteration #185: temp = 0.000010, timing cost = 13155, wirelen = 67333
Info:   at iteration #190: temp = 0.000008, timing cost = 12278, wirelen = 64780
Info:   at iteration #195: temp = 0.000006, timing cost = 12684, wirelen = 62786
Info:   at iteration #200: temp = 0.000003, timing cost = 12408, wirelen = 61027
Info:   at iteration #205: temp = 0.000002, timing cost = 12312, wirelen = 60059
Info:   at iteration #210: temp = 0.000001, timing cost = 12628, wirelen = 59735
Info:   at iteration #215: temp = 0.000000, timing cost = 12726, wirelen = 59639
Info:   at iteration #220: temp = 0.000000, timing cost = 12711, wirelen = 59608
Info:   at iteration #225: temp = 0.000000, timing cost = 12732, wirelen = 59599
Info:   at iteration #230: temp = 0.000000, timing cost = 12712, wirelen = 59588
Info:   at iteration #235: temp = 0.000000, timing cost = 12710, wirelen = 59589
Info:   at iteration #237: temp = 0.000000, timing cost = 12683, wirelen = 59590 
Info: SA placement time 59.82s

Info: Max frequency for clock 'clk$SB_IO_IN_$glb_clk': 31.12 MHz (FAIL at 48.00 MHz)

Info: Max delay <async>                       -> posedge clk$SB_IO_IN_$glb_clk: 9.50 ns
Info: Max delay posedge clk$SB_IO_IN_$glb_clk -> <async>                      : 3.92 ns

Info: Slack histogram:
Info:  legend: * represents 8 endpoint(s)
Info:          + represents [1,8) endpoint(s)
Info: [-11297,  -9759) |****************+
Info: [ -9759,  -8221) |*****+
Info: [ -8221,  -6683) | 
Info: [ -6683,  -5145) |**+
Info: [ -5145,  -3607) |*********************+
Info: [ -3607,  -2069) |******************************+
Info: [ -2069,   -531) |******+
Info: [  -531,   1007) |+
Info: [  1007,   2545) | 
Info: [  2545,   4083) | 
Info: [  4083,   5621) | 
Info: [  5621,   7159) | 
Info: [  7159,   8697) | 
Info: [  8697,  10235) |**********************************+
Info: [ 10235,  11773) |************************+
Info: [ 11773,  13311) |***************************+
Info: [ 13311,  14849) |*********************************************+
Info: [ 14849,  16387) |************************************************************ 
Info: [ 16387,  17925) |***********************+
Info: [ 17925,  19463) |************************************+
Info: Checksum: 0x232baf98
Info: Running router2...
Info: Setting up routing resources...
Info: Running main router loop...
Info:     iter=1 wires=106505 overused=10484 overuse=11324 archfail=NA
Info:     iter=2 wires=107785 overused=9149 overuse=9476 archfail=NA
Info:     iter=3 wires=108192 overused=7687 overuse=7815 archfail=NA
Info:     iter=4 wires=108851 overused=6903 overuse=6946 archfail=NA
Info:     iter=5 wires=109172 overused=6372 overuse=6402 archfail=NA
Info:     iter=6 wires=109510 overused=5913 overuse=5935 archfail=NA
Info:     iter=7 wires=109744 overused=5567 overuse=5585 archfail=NA
Info:     iter=8 wires=109918 overused=5320 overuse=5331 archfail=NA
Info:     iter=9 wires=110244 overused=5161 overuse=5172 archfail=NA
Info:     iter=10 wires=110478 overused=5025 overuse=5039 archfail=NA
Info:     iter=11 wires=110326 overused=4979 overuse=4987 archfail=NA
Info:     iter=12 wires=110662 overused=4746 overuse=4749 archfail=NA
Info:     iter=13 wires=110574 overused=4555 overuse=4564 archfail=NA
Info:     iter=14 wires=110832 overused=4414 overuse=4424 archfail=NA
Info:     iter=15 wires=111106 overused=4441 overuse=4448 archfail=NA
Info:     iter=16 wires=111167 overused=4401 overuse=4411 archfail=NA
Info:     iter=17 wires=111168 overused=4407 overuse=4409 archfail=NA
Info:     iter=18 wires=111351 overused=4414 overuse=4418 archfail=NA
Info:     iter=19 wires=111294 overused=4293 overuse=4299 archfail=NA
Info:     iter=20 wires=111282 overused=4254 overuse=4260 archfail=NA
Info:     iter=21 wires=111264 overused=4256 overuse=4262 archfail=NA
Info:     iter=22 wires=111412 overused=4210 overuse=4213 archfail=NA
Info:     iter=23 wires=111576 overused=4162 overuse=4169 archfail=NA
Info:     iter=24 wires=111468 overused=4073 overuse=4075 archfail=NA
Info:     iter=25 wires=111715 overused=4052 overuse=4055 archfail=NA
Info:     iter=26 wires=111684 overused=4042 overuse=4053 archfail=NA
Info:     iter=27 wires=111719 overused=4031 overuse=4035 archfail=NA
Info:     iter=28 wires=111624 overused=4041 overuse=4045 archfail=NA
Info:     iter=29 wires=111672 overused=4047 overuse=4053 archfail=NA
Info:     iter=30 wires=111614 overused=3951 overuse=3954 archfail=NA
Info:     iter=31 wires=111603 overused=3918 overuse=3922 archfail=NA
Info:     iter=32 wires=111558 overused=3825 overuse=3827 archfail=NA
Info:     iter=33 wires=111772 overused=3869 overuse=3873 archfail=NA
Info:     iter=34 wires=111671 overused=3817 overuse=3821 archfail=NA
Info:     iter=35 wires=111877 overused=3854 overuse=3858 archfail=NA
Info:     iter=36 wires=111854 overused=3785 overuse=3787 archfail=NA
Info:     iter=37 wires=111984 overused=3889 overuse=3891 archfail=NA
Info:     iter=38 wires=111900 overused=3847 overuse=3850 archfail=NA
Info:     iter=39 wires=112077 overused=3928 overuse=3937 archfail=NA
Info:     iter=40 wires=112047 overused=3869 overuse=3873 archfail=NA
Info:     iter=41 wires=111939 overused=3736 overuse=3739 archfail=NA
Info:     iter=42 wires=112005 overused=3785 overuse=3792 archfail=NA
Info:     iter=43 wires=112010 overused=3814 overuse=3819 archfail=NA
Info:     iter=44 wires=111900 overused=3857 overuse=3858 archfail=NA
Info:     iter=45 wires=111894 overused=3594 overuse=3597 archfail=NA
Info:     iter=46 wires=111821 overused=3480 overuse=3480 archfail=NA
Info:     iter=47 wires=111921 overused=3539 overuse=3541 archfail=NA
Info:     iter=48 wires=111966 overused=3590 overuse=3592 archfail=NA
Info:     iter=49 wires=111907 overused=3537 overuse=3540 archfail=NA
Info:     iter=50 wires=111941 overused=3543 overuse=3545 archfail=NA
Info:     iter=51 wires=111932 overused=3399 overuse=3400 archfail=NA
Info:     iter=52 wires=111948 overused=3543 overuse=3546 archfail=NA
Info:     iter=53 wires=111934 overused=3563 overuse=3565 archfail=NA
Info:     iter=54 wires=111860 overused=3469 overuse=3471 archfail=NA
Info:     iter=55 wires=111874 overused=3385 overuse=3387 archfail=NA
Info:     iter=56 wires=111851 overused=3394 overuse=3398 archfail=NA
Info:     iter=57 wires=111894 overused=3372 overuse=3374 archfail=NA
Info:     iter=58 wires=111810 overused=3412 overuse=3415 archfail=NA
Info:     iter=59 wires=111862 overused=3396 overuse=3399 archfail=NA
Info:     iter=60 wires=111802 overused=3309 overuse=3309 archfail=NA
Info:     iter=61 wires=111798 overused=3254 overuse=3256 archfail=NA
Info:     iter=62 wires=111788 overused=3195 overuse=3195 archfail=NA
Info:     iter=63 wires=111746 overused=3272 overuse=3272 archfail=NA
Info:     iter=64 wires=111825 overused=3277 overuse=3278 archfail=NA
Info:     iter=65 wires=111797 overused=3211 overuse=3211 archfail=NA
Info:     iter=66 wires=111771 overused=3155 overuse=3155 archfail=NA
Info:     iter=67 wires=111812 overused=3135 overuse=3138 archfail=NA
Info:     iter=68 wires=111795 overused=3179 overuse=3179 archfail=NA
Info:     iter=69 wires=111761 overused=3185 overuse=3188 archfail=NA
Info:     iter=70 wires=111786 overused=3179 overuse=3180 archfail=NA
Info:     iter=71 wires=111812 overused=3244 overuse=3246 archfail=NA
Info:     iter=72 wires=111740 overused=3213 overuse=3216 archfail=NA
Info:     iter=73 wires=111835 overused=3190 overuse=3191 archfail=NA
Info:     iter=74 wires=111783 overused=3202 overuse=3204 archfail=NA
Info:     iter=75 wires=111789 overused=3262 overuse=3262 archfail=NA
Info:     iter=76 wires=111808 overused=3274 overuse=3275 archfail=NA
Info:     iter=77 wires=111791 overused=3205 overuse=3207 archfail=NA
Info:     iter=78 wires=111770 overused=3215 overuse=3217 archfail=NA
Info:     iter=79 wires=111684 overused=3107 overuse=3107 archfail=NA
Info:     iter=80 wires=111703 overused=3105 overuse=3105 archfail=NA
Info:     iter=81 wires=111827 overused=3177 overuse=3178 archfail=NA
Info:     iter=82 wires=111833 overused=3094 overuse=3096 archfail=NA
Info:     iter=83 wires=111828 overused=3080 overuse=3082 archfail=NA
Info:     iter=84 wires=111769 overused=3058 overuse=3059 archfail=NA
Info:     iter=85 wires=111779 overused=2968 overuse=2969 archfail=NA
Info:     iter=86 wires=111751 overused=2919 overuse=2922 archfail=NA
Info:     iter=87 wires=111757 overused=2907 overuse=2908 archfail=NA
Info:     iter=88 wires=111737 overused=2938 overuse=2938 archfail=NA
Info:     iter=89 wires=111688 overused=2946 overuse=2947 archfail=NA
Info:     iter=90 wires=111723 overused=2897 overuse=2897 archfail=NA
Info:     iter=91 wires=111717 overused=2859 overuse=2862 archfail=NA
Info:     iter=92 wires=111748 overused=2891 overuse=2892 archfail=NA
Info:     iter=93 wires=111788 overused=2897 overuse=2898 archfail=NA
Info:     iter=94 wires=111802 overused=2891 overuse=2891 archfail=NA
Info:     iter=95 wires=111713 overused=2899 overuse=2899 archfail=NA
Info:     iter=96 wires=111669 overused=2895 overuse=2895 archfail=NA
Info:     iter=97 wires=111777 overused=2950 overuse=2951 archfail=NA
Info:     iter=98 wires=111820 overused=2986 overuse=2988 archfail=NA
Info:     iter=99 wires=111702 overused=2867 overuse=2867 archfail=NA
Info:     iter=100 wires=111726 overused=2808 overuse=2810 archfail=NA
Info:     iter=101 wires=111780 overused=2881 overuse=2885 archfail=NA
Info:     iter=102 wires=111826 overused=2874 overuse=2875 archfail=NA
Info:     iter=103 wires=111709 overused=2900 overuse=2901 archfail=NA
Info:     iter=104 wires=111798 overused=2892 overuse=2893 archfail=NA
Info:     iter=105 wires=111728 overused=2850 overuse=2851 archfail=NA
Info:     iter=106 wires=111799 overused=2910 overuse=2911 archfail=NA
Info:     iter=107 wires=111883 overused=2975 overuse=2975 archfail=NA
Info:     iter=108 wires=111904 overused=3030 overuse=3031 archfail=NA
Info:     iter=109 wires=111772 overused=3036 overuse=3037 archfail=NA
Info:     iter=110 wires=111873 overused=3054 overuse=3055 archfail=NA
Info:     iter=111 wires=111903 overused=3044 overuse=3046 archfail=NA
Info:     iter=112 wires=111953 overused=3063 overuse=3064 archfail=NA
Info:     iter=113 wires=111839 overused=2936 overuse=2938 archfail=NA
Info:     iter=114 wires=111809 overused=2960 overuse=2961 archfail=NA
Info:     iter=115 wires=111946 overused=2965 overuse=2967 archfail=NA
Info:     iter=116 wires=111970 overused=2992 overuse=2992 archfail=NA
Info:     iter=117 wires=112032 overused=3019 overuse=3021 archfail=NA
Info:     iter=118 wires=112010 overused=3064 overuse=3066 archfail=NA
Info:     iter=119 wires=112007 overused=3103 overuse=3104 archfail=NA
Info:     iter=120 wires=111986 overused=3028 overuse=3029 archfail=NA
Info:     iter=121 wires=112017 overused=3082 overuse=3084 archfail=NA
Info:     iter=122 wires=111932 overused=3044 overuse=3044 archfail=NA
Info:     iter=123 wires=112024 overused=3118 overuse=3122 archfail=NA
Info:     iter=124 wires=111906 overused=3003 overuse=3003 archfail=NA
Info:     iter=125 wires=111925 overused=2957 overuse=2957 archfail=NA
Info:     iter=126 wires=111877 overused=2924 overuse=2925 archfail=NA
Info:     iter=127 wires=111868 overused=2951 overuse=2953 archfail=NA
Info:     iter=128 wires=111811 overused=2951 overuse=2952 archfail=NA
Info:     iter=129 wires=111756 overused=2954 overuse=2956 archfail=NA
Info:     iter=130 wires=111896 overused=2981 overuse=2985 archfail=NA
Info:     iter=131 wires=111822 overused=3024 overuse=3026 archfail=NA
Info:     iter=132 wires=111875 overused=2987 overuse=2989 archfail=NA
Info:     iter=133 wires=111882 overused=2944 overuse=2944 archfail=NA
Info:     iter=134 wires=111890 overused=2964 overuse=2964 archfail=NA
Info:     iter=135 wires=111866 overused=2986 overuse=2987 archfail=NA
Info:     iter=136 wires=111856 overused=2917 overuse=2917 archfail=NA
Info:     iter=137 wires=111769 overused=2810 overuse=2810 archfail=NA
Info:     iter=138 wires=111949 overused=2863 overuse=2866 archfail=NA
Info:     iter=139 wires=111836 overused=2880 overuse=2880 archfail=NA
Info:     iter=140 wires=111866 overused=2935 overuse=2937 archfail=NA
Info:     iter=141 wires=111914 overused=2954 overuse=2956 archfail=NA
Info:     iter=142 wires=111863 overused=2887 overuse=2888 archfail=NA
Info:     iter=143 wires=111948 overused=2982 overuse=2982 archfail=NA
Info:     iter=144 wires=111948 overused=2982 overuse=2983 archfail=NA
Info:     iter=145 wires=111962 overused=2989 overuse=2990 archfail=NA
Info:     iter=146 wires=111847 overused=2932 overuse=2936 archfail=NA
Info:     iter=147 wires=111848 overused=2922 overuse=2924 archfail=NA
Info:     iter=148 wires=111720 overused=2863 overuse=2864 archfail=NA
Info:     iter=149 wires=111707 overused=2822 overuse=2822 archfail=NA
Info:     iter=150 wires=111783 overused=2896 overuse=2901 archfail=NA
Info:     iter=151 wires=111698 overused=2863 overuse=2864 archfail=NA
Info:     iter=152 wires=111697 overused=2834 overuse=2834 archfail=NA
Info:     iter=153 wires=111721 overused=2778 overuse=2778 archfail=NA
Info:     iter=154 wires=111644 overused=2787 overuse=2787 archfail=NA
Info:     iter=155 wires=111698 overused=2754 overuse=2754 archfail=NA
Info:     iter=156 wires=111647 overused=2694 overuse=2694 archfail=NA
Info:     iter=157 wires=111673 overused=2746 overuse=2747 archfail=NA
Info:     iter=158 wires=111645 overused=2702 overuse=2703 archfail=NA
Info:     iter=159 wires=111615 overused=2703 overuse=2703 archfail=NA
Info:     iter=160 wires=111658 overused=2598 overuse=2599 archfail=NA
Info:     iter=161 wires=111597 overused=2642 overuse=2642 archfail=NA
Info:     iter=162 wires=111648 overused=2620 overuse=2620 archfail=NA
Info:     iter=163 wires=111623 overused=2618 overuse=2618 archfail=NA
Info:     iter=164 wires=111674 overused=2599 overuse=2599 archfail=NA
Info:     iter=165 wires=111670 overused=2562 overuse=2562 archfail=NA
Info:     iter=166 wires=111701 overused=2550 overuse=2552 archfail=NA
Info:     iter=167 wires=111669 overused=2553 overuse=2553 archfail=NA
Info:     iter=168 wires=111653 overused=2610 overuse=2610 archfail=NA
Info:     iter=169 wires=111624 overused=2594 overuse=2595 archfail=NA
Info:     iter=170 wires=111712 overused=2667 overuse=2668 archfail=NA
Info:     iter=171 wires=111702 overused=2632 overuse=2633 archfail=NA
Info:     iter=172 wires=111740 overused=2580 overuse=2580 archfail=NA
Info:     iter=173 wires=111633 overused=2481 overuse=2481 archfail=NA
Info:     iter=174 wires=111651 overused=2525 overuse=2525 archfail=NA
Info:     iter=175 wires=111636 overused=2519 overuse=2519 archfail=NA
Info:     iter=176 wires=111678 overused=2474 overuse=2474 archfail=NA
Info:     iter=177 wires=111645 overused=2502 overuse=2502 archfail=NA
Info:     iter=178 wires=111689 overused=2490 overuse=2491 archfail=NA
Info:     iter=179 wires=111655 overused=2465 overuse=2466 archfail=NA
Info:     iter=180 wires=111666 overused=2512 overuse=2512 archfail=NA
Info:     iter=181 wires=111648 overused=2501 overuse=2501 archfail=NA
Info:     iter=182 wires=111635 overused=2497 overuse=2499 archfail=NA
Info:     iter=183 wires=111666 overused=2532 overuse=2532 archfail=NA
Info:     iter=184 wires=111688 overused=2464 overuse=2464 archfail=NA
Info:     iter=185 wires=111590 overused=2525 overuse=2526 archfail=NA
Info:     iter=186 wires=111547 overused=2473 overuse=2473 archfail=NA
Info:     iter=187 wires=111611 overused=2459 overuse=2459 archfail=NA
Info:     iter=188 wires=111704 overused=2493 overuse=2495 archfail=NA
Info:     iter=189 wires=111620 overused=2445 overuse=2446 archfail=NA
Info:     iter=190 wires=111651 overused=2464 overuse=2464 archfail=NA
Info:     iter=191 wires=111670 overused=2516 overuse=2516 archfail=NA
Info:     iter=192 wires=111707 overused=2511 overuse=2512 archfail=NA
Info:     iter=193 wires=111547 overused=2396 overuse=2397 archfail=NA
Info:     iter=194 wires=111541 overused=2364 overuse=2364 archfail=NA
Info:     iter=195 wires=111512 overused=2266 overuse=2268 archfail=NA
Info:     iter=196 wires=111546 overused=2351 overuse=2351 archfail=NA
Info:     iter=197 wires=111553 overused=2262 overuse=2262 archfail=NA
Info:     iter=198 wires=111570 overused=2364 overuse=2365 archfail=NA
Info:     iter=199 wires=111540 overused=2357 overuse=2357 archfail=NA
Info:     iter=200 wires=111597 overused=2348 overuse=2348 archfail=NA
Info:     iter=201 wires=111519 overused=2362 overuse=2364 archfail=NA
Info:     iter=202 wires=111526 overused=2355 overuse=2355 archfail=NA
Info:     iter=203 wires=111589 overused=2367 overuse=2367 archfail=NA
Info:     iter=204 wires=111583 overused=2360 overuse=2361 archfail=NA
Info:     iter=205 wires=111578 overused=2353 overuse=2354 archfail=NA
Info:     iter=206 wires=111675 overused=2400 overuse=2401 archfail=NA
Info:     iter=207 wires=111573 overused=2380 overuse=2380 archfail=NA
Info:     iter=208 wires=111537 overused=2350 overuse=2350 archfail=NA
Info:     iter=209 wires=111516 overused=2277 overuse=2278 archfail=NA
Info:     iter=210 wires=111534 overused=2242 overuse=2242 archfail=NA
Info:     iter=211 wires=111543 overused=2269 overuse=2269 archfail=NA
Info:     iter=212 wires=111631 overused=2374 overuse=2374 archfail=NA
Info:     iter=213 wires=111522 overused=2310 overuse=2311 archfail=NA
Info:     iter=214 wires=111525 overused=2256 overuse=2256 archfail=NA
Info:     iter=215 wires=111562 overused=2257 overuse=2257 archfail=NA
Info:     iter=216 wires=111415 overused=2278 overuse=2279 archfail=NA
Info:     iter=217 wires=111527 overused=2262 overuse=2262 archfail=NA
Info:     iter=218 wires=111559 overused=2239 overuse=2239 archfail=NA
Info:     iter=219 wires=111632 overused=2320 overuse=2320 archfail=NA
Info:     iter=220 wires=111663 overused=2379 overuse=2379 archfail=NA
Info:     iter=221 wires=111614 overused=2427 overuse=2428 archfail=NA
Info:     iter=222 wires=111608 overused=2375 overuse=2375 archfail=NA
Info:     iter=223 wires=111564 overused=2373 overuse=2375 archfail=NA
Info:     iter=224 wires=111645 overused=2445 overuse=2446 archfail=NA
Info:     iter=225 wires=111626 overused=2423 overuse=2424 archfail=NA
Info:     iter=226 wires=111655 overused=2457 overuse=2457 archfail=NA
Info:     iter=227 wires=111726 overused=2506 overuse=2506 archfail=NA
Info:     iter=228 wires=111660 overused=2432 overuse=2433 archfail=NA
Info:     iter=229 wires=111588 overused=2365 overuse=2366 archfail=NA
Info:     iter=230 wires=111691 overused=2315 overuse=2315 archfail=NA
Info:     iter=231 wires=111708 overused=2359 overuse=2359 archfail=NA
Info:     iter=232 wires=111654 overused=2393 overuse=2393 archfail=NA
Info:     iter=233 wires=111607 overused=2385 overuse=2386 archfail=NA
Info:     iter=234 wires=111604 overused=2402 overuse=2403 archfail=NA
Info:     iter=235 wires=111527 overused=2424 overuse=2424 archfail=NA
Info:     iter=236 wires=111624 overused=2477 overuse=2481 archfail=NA
Info:     iter=237 wires=111609 overused=2430 overuse=2430 archfail=NA
Info:     iter=238 wires=111691 overused=2449 overuse=2449 archfail=NA
Info:     iter=239 wires=111680 overused=2430 overuse=2431 archfail=NA
Info:     iter=240 wires=111823 overused=2549 overuse=2549 archfail=NA
Info:     iter=241 wires=111760 overused=2481 overuse=2482 archfail=NA
Info:     iter=242 wires=111786 overused=2479 overuse=2479 archfail=NA
