  R=1 K=104 -> SAT (0.0s)
  R=1 K=52 -> SAT (0.2s)
  R=1 K=26 -> SAT (0.2s)
  R=1 K=13 -> UNSAT (0.1s)
  R=1 K=20 -> UNSAT (0.3s)
  R=1 K=23 -> UNSAT (0.5s)
  R=1 K=25 -> SAT (0.2s)
  R=1 K=24 -> UNSAT (0.7s)
R=1: min trail support = 25  (trail DP <= 2^-25)
  R=2 K=208 -> SAT (0.1s)
  R=2 K=104 -> SAT (2.2s)
  R=2 K=52 -> UNSAT (12.1s)
  R=2 K=78 -> SAT (5.2s)
  R=2 K=65 -> SAT (6.2s)
  R=2 K=59 -> SAT (15.9s)
  R=2 K=56 -> UNSAT (15.4s)
  R=2 K=58 -> SAT (16.1s)
  R=2 K=57 -> UNSAT (20.4s)
R=2: min trail support = 58  (trail DP <= 2^-58)
  R=3 K=312 -> SAT (0.2s)
  R=3 K=156 -> SAT (16.0s)
  R=3 K=78 -> UNSAT (42.0s)
  R=3 K=117 -> SAT (30.5s)
  R=3 K=98 -> SAT (92.1s)
  R=3 K=88 -> UNSAT (66.6s)
  R=3 K=93 -> UNSAT (91.5s)
  R=3 K=96 -> SAT (104.8s)
  R=3 K=95 -> UNSAT (183.1s)
R=3: min trail support = 96  (trail DP <= 2^-96)
  R=4 K=416 -> SAT (0.3s)
  R=4 K=208 -> SAT (90.5s)
  R=4 K=104 -> UNSAT (89.0s)
  R=4 K=156 -> SAT (167.1s)
  R=4 K=130 -> SAT (294.9s)
  R=4 K=117 -> UNSAT (153.6s)
  R=4 K=124 -> UNSAT (258.8s)
  R=4 K=127 -> UNSAT (349.8s)
  R=4 K=129 -> UNSAT (331.0s)
R=4: min trail support = 130  (trail DP <= 2^-130)
  R=5 K=520 -> SAT (0.6s)
# --- R=5 focused binary search (trail_r5_retry.py / trail_r5_resume.py, 2026-08-21) ---
# bracket: R=4 min is 130, per-round increment ~33-38 -> search over [130,208]
R=5 K=169 -> SAT (598.4s)
R=5 K=149 -> UNSAT (300.8s)
R=5 K=159 -> UNSAT (363.2s)
R=5 K=164 -> UNSAT (474.8s)
R=5 K=167 -> SAT (429.8s)
R=5 K=166 -> SAT (459.2s)
R=5 K=165 -> UNSAT (501.8s)
R=5: min trail support = 166  (trail DP <= 2^-166)
