RNG_test using PractRand version 0.96
RNG = RNG_stdin64, seed = unknown
test set = core, folding = standard (64 bit)

rng=RNG_stdin64, seed=unknown
length= 64 megabytes (2^26 bytes), time= 3.1 seconds
  no anomalies in 172 test result(s)

rng=RNG_stdin64, seed=unknown
length= 128 megabytes (2^27 bytes), time= 8.3 seconds
  no anomalies in 185 test result(s)

rng=RNG_stdin64, seed=unknown
length= 256 megabytes (2^28 bytes), time= 17.9 seconds
  no anomalies in 199 test result(s)

rng=RNG_stdin64, seed=unknown
length= 512 megabytes (2^29 bytes), time= 37.7 seconds
  no anomalies in 213 test result(s)

rng=RNG_stdin64, seed=unknown
length= 1 gigabyte (2^30 bytes), time= 76.8 seconds
  no anomalies in 227 test result(s)

rng=RNG_stdin64, seed=unknown
length= 2 gigabytes (2^31 bytes), time= 156 seconds
  no anomalies in 242 test result(s)

rng=RNG_stdin64, seed=unknown
length= 4 gigabytes (2^32 bytes), time= 314 seconds
  Test Name                         Raw       Processed     Evaluation       
  [Low16/64]DC6-9x1Bytes-1          R=  +5.7  p =  3.1e-3   unusual          
  ...and 255 test result(s) without anomalies

rng=RNG_stdin64, seed=unknown
length= 8 gigabytes (2^33 bytes), time= 635 seconds
  Test Name                         Raw       Processed     Evaluation       
  [Low16/64]DC6-9x1Bytes-1          R=  +5.7  p =  2.6e-3   unusual          
  ...and 269 test result(s) without anomalies

