=== TestU01 BigCrush ===
xxxxxxxxxxxxxxxxxxxxxxxxxxxxxxxxxxxxxxxxxxxxxxxxxxxxxxxxxxx
                 Starting BigCrush
                 Version: TestU01 1.2.3
xxxxxxxxxxxxxxxxxxxxxxxxxxxxxxxxxxxxxxxxxxxxxxxxxxxxxxxxxxx


***********************************************************
Test smarsa_SerialOver calling smultin_MultinomialOver

***********************************************************
HOST = LAPTOP-JUCO3OMC, Linux

Algorithm-1 (Tempest v3)


smultin_MultinomialOver test:
-----------------------------------------------
   N =  1,  n = 1000000000,  r =  0,   d =  256,   t =  3,
       Sparse =  FALSE

       GenerCell = smultin_GenerCellSerial
       Number of cells = d^t =           16777216
       Expected number per cell =   59.604645
       Hashing =  FALSE

   For Delta > -1, we use the ChiSquare approximation
   Correction factor of the ChiSquare: 
       Delta =     1,    Mu =   0.0083558402,    Sigma =          1

-----------------------------------------------
Test Results for Delta =   1.0000

Number of degrees of freedom          : 16711680
Value of the statistic                : 1.67e+7
p-value of test                       :    0.77


-----------------------------------------------
CPU time used                    :  00:02:05.79

Generator state:
 Algorithm-1 (Tempest v3)\n



***********************************************************
Test smarsa_SerialOver calling smultin_MultinomialOver

***********************************************************
HOST = LAPTOP-JUCO3OMC, Linux

Algorithm-1 (Tempest v3)


smultin_MultinomialOver test:
-----------------------------------------------
   N =  1,  n = 1000000000,  r = 22,   d =  256,   t =  3,
       Sparse =  FALSE

       GenerCell = smultin_GenerCellSerial
       Number of cells = d^t =           16777216
       Expected number per cell =   59.604645
       Hashing =  FALSE

   For Delta > -1, we use the ChiSquare approximation
   Correction factor of the ChiSquare: 
       Delta =     1,    Mu =   0.0083558402,    Sigma =          1

-----------------------------------------------
Test Results for Delta =   1.0000

Number of degrees of freedom          : 16711680
Value of the statistic                : 1.67e+7
p-value of test                       :    0.05


-----------------------------------------------
CPU time used                    :  00:02:03.71

Generator state:
 Algorithm-1 (Tempest v3)\n



***********************************************************
Test smarsa_CollisionOver calling smultin_MultinomialOver

***********************************************************
HOST = LAPTOP-JUCO3OMC, Linux

Algorithm-1 (Tempest v3)


smultin_MultinomialOver test:
-----------------------------------------------
   N = 30,  n = 20000000,  r =  0,   d = 2097152,   t =  2,
       Sparse =   TRUE

       GenerCell = smultin_GenerCellSerial
       Number of cells = d^t =      4398046511104
       Expected number per cell =  1 /  219902.33
       EColl = n^2 / (2k) =  45.47473509
       Hashing =   TRUE

       Collision test

       CollisionOver:   density = n / k =  1 /  219902.33
       Expected number of collisions = Mu =      45.47


-----------------------------------------------
Results of CollisionOver test:

POISSON approximation                 :
Expected number of collisions = N*Mu  :     1364.24
Observed number of collisions         :     1325
p-value of test                       :    0.85

-----------------------------
Total number of cells containing j balls

  j =  0                              :  131940795334445
  j =  1                              :        599997350
  j =  2                              :             1325
  j =  3                              :                0
  j =  4                              :                0
  j =  5                              :                0

-----------------------------------------------
CPU time used                    :  00:03:31.00

Generator state:
 Algorithm-1 (Tempest v3)\n



***********************************************************
Test smarsa_CollisionOver calling smultin_MultinomialOver

***********************************************************
HOST = LAPTOP-JUCO3OMC, Linux

Algorithm-1 (Tempest v3)


smultin_MultinomialOver test:
-----------------------------------------------
   N = 30,  n = 20000000,  r =  9,   d = 2097152,   t =  2,
       Sparse =   TRUE

       GenerCell = smultin_GenerCellSerial
       Number of cells = d^t =      4398046511104
       Expected number per cell =  1 /  219902.33
       EColl = n^2 / (2k) =  45.47473509
       Hashing =   TRUE

       Collision test

       CollisionOver:   density = n / k =  1 /  219902.33
       Expected number of collisions = Mu =      45.47


-----------------------------------------------
Results of CollisionOver test:

POISSON approximation                 :
Expected number of collisions = N*Mu  :     1364.24
Observed number of collisions         :     1311
p-value of test                       :    0.92

-----------------------------
Total number of cells containing j balls

  j =  0                              :  131940795334431
  j =  1                              :        599997378
  j =  2                              :             1311
  j =  3                              :                0
  j =  4                              :                0
  j =  5                              :                0

-----------------------------------------------
CPU time used                    :  00:03:25.87

Generator state:
 Algorithm-1 (Tempest v3)\n



***********************************************************
Test smarsa_CollisionOver calling smultin_MultinomialOver

***********************************************************
HOST = LAPTOP-JUCO3OMC, Linux

Algorithm-1 (Tempest v3)


smultin_MultinomialOver test:
-----------------------------------------------
   N = 30,  n = 20000000,  r =  0,   d = 16384,   t =  3,
       Sparse =   TRUE

       GenerCell = smultin_GenerCellSerial
       Number of cells = d^t =      4398046511104
       Expected number per cell =  1 /  219902.33
       EColl = n^2 / (2k) =  45.47473509
       Hashing =   TRUE

       Collision test

       CollisionOver:   density = n / k =  1 /  219902.33
       Expected number of collisions = Mu =      45.47


-----------------------------------------------
Results of CollisionOver test:

POISSON approximation                 :
Expected number of collisions = N*Mu  :     1364.24
Observed number of collisions         :     1315
p-value of test                       :    0.91

-----------------------------
Total number of cells containing j balls

  j =  0                              :  131940795334435
  j =  1                              :        599997370
  j =  2                              :             1315
  j =  3                              :                0
  j =  4                              :                0
  j =  5                              :                0

-----------------------------------------------
CPU time used                    :  00:04:13.84

Generator state:
 Algorithm-1 (Tempest v3)\n



***********************************************************
Test smarsa_CollisionOver calling smultin_MultinomialOver

***********************************************************
HOST = LAPTOP-JUCO3OMC, Linux

Algorithm-1 (Tempest v3)


smultin_MultinomialOver test:
-----------------------------------------------
   N = 30,  n = 20000000,  r = 16,   d = 16384,   t =  3,
       Sparse =   TRUE

       GenerCell = smultin_GenerCellSerial
       Number of cells = d^t =      4398046511104
       Expected number per cell =  1 /  219902.33
       EColl = n^2 / (2k) =  45.47473509
       Hashing =   TRUE

       Collision test

       CollisionOver:   density = n / k =  1 /  219902.33
       Expected number of collisions = Mu =      45.47


-----------------------------------------------
Results of CollisionOver test:

POISSON approximation                 :
Expected number of collisions = N*Mu  :     1364.24
Observed number of collisions         :     1396
p-value of test                       :    0.20

-----------------------------
Total number of cells containing j balls

  j =  0                              :  131940795334516
  j =  1                              :        599997208
  j =  2                              :             1396
  j =  3                              :                0
  j =  4                              :                0
  j =  5                              :                0

-----------------------------------------------
CPU time used                    :  00:04:20.16

Generator state:
 Algorithm-1 (Tempest v3)\n



***********************************************************
Test smarsa_CollisionOver calling smultin_MultinomialOver

***********************************************************
HOST = LAPTOP-JUCO3OMC, Linux

Algorithm-1 (Tempest v3)


smultin_MultinomialOver test:
-----------------------------------------------
   N = 30,  n = 20000000,  r =  0,   d =   64,   t =  7,
       Sparse =   TRUE

       GenerCell = smultin_GenerCellSerial
       Number of cells = d^t =      4398046511104
       Expected number per cell =  1 /  219902.33
       EColl = n^2 / (2k) =  45.47473509
       Hashing =   TRUE

       Collision test

       CollisionOver:   density = n / k =  1 /  219902.33
       Expected number of collisions = Mu =      45.47


-----------------------------------------------
Results of CollisionOver test:

POISSON approximation                 :
Expected number of collisions = N*Mu  :     1364.24
Observed number of collisions         :     1330
p-value of test                       :    0.82

-----------------------------
Total number of cells containing j balls

  j =  0                              :  131940795334450
  j =  1                              :        599997340
  j =  2                              :             1330
  j =  3                              :                0
  j =  4                              :                0
  j =  5                              :                0

-----------------------------------------------
CPU time used                    :  00:04:09.95

Generator state:
 Algorithm-1 (Tempest v3)\n



***********************************************************
Test smarsa_CollisionOver calling smultin_MultinomialOver

***********************************************************
HOST = LAPTOP-JUCO3OMC, Linux

Algorithm-1 (Tempest v3)


smultin_MultinomialOver test:
-----------------------------------------------
   N = 30,  n = 20000000,  r = 24,   d =   64,   t =  7,
       Sparse =   TRUE

       GenerCell = smultin_GenerCellSerial
       Number of cells = d^t =      4398046511104
       Expected number per cell =  1 /  219902.33
       EColl = n^2 / (2k) =  45.47473509
       Hashing =   TRUE

       Collision test

       CollisionOver:   density = n / k =  1 /  219902.33
       Expected number of collisions = Mu =      45.47


-----------------------------------------------
Results of CollisionOver test:

POISSON approximation                 :
Expected number of collisions = N*Mu  :     1364.24
Observed number of collisions         :     1340
p-value of test                       :    0.74

-----------------------------
Total number of cells containing j balls

  j =  0                              :  131940795334460
  j =  1                              :        599997320
  j =  2                              :             1340
  j =  3                              :                0
  j =  4                              :                0
  j =  5                              :                0

-----------------------------------------------
CPU time used                    :  00:04:31.96

Generator state:
 Algorithm-1 (Tempest v3)\n



***********************************************************
Test smarsa_CollisionOver calling smultin_MultinomialOver

***********************************************************
HOST = LAPTOP-JUCO3OMC, Linux

Algorithm-1 (Tempest v3)


smultin_MultinomialOver test:
-----------------------------------------------
   N = 30,  n = 20000000,  r =  0,   d =    8,   t = 14,
       Sparse =   TRUE

       GenerCell = smultin_GenerCellSerial
       Number of cells = d^t =      4398046511104
       Expected number per cell =  1 /  219902.33
       EColl = n^2 / (2k) =  45.47473509
       Hashing =   TRUE

       Collision test

       CollisionOver:   density = n / k =  1 /  219902.33
       Expected number of collisions = Mu =      45.47


-----------------------------------------------
Results of CollisionOver test:

POISSON approximation                 :
Expected number of collisions = N*Mu  :     1364.24
Observed number of collisions         :     1419
p-value of test                       :    0.07

-----------------------------
Total number of cells containing j balls

  j =  0                              :  131940795334539
  j =  1                              :        599997162
  j =  2                              :             1419
  j =  3                              :                0
  j =  4                              :                0
  j =  5                              :                0

-----------------------------------------------
CPU time used                    :  00:04:21.81

Generator state:
 Algorithm-1 (Tempest v3)\n



***********************************************************
Test smarsa_CollisionOver calling smultin_MultinomialOver

***********************************************************
HOST = LAPTOP-JUCO3OMC, Linux

Algorithm-1 (Tempest v3)


smultin_MultinomialOver test:
-----------------------------------------------
   N = 30,  n = 20000000,  r = 27,   d =    8,   t = 14,
       Sparse =   TRUE

       GenerCell = smultin_GenerCellSerial
       Number of cells = d^t =      4398046511104
       Expected number per cell =  1 /  219902.33
       EColl = n^2 / (2k) =  45.47473509
       Hashing =   TRUE

       Collision test

       CollisionOver:   density = n / k =  1 /  219902.33
       Expected number of collisions = Mu =      45.47


-----------------------------------------------
Results of CollisionOver test:

POISSON approximation                 :
Expected number of collisions = N*Mu  :     1364.24
Observed number of collisions         :     1403
p-value of test                       :    0.15

-----------------------------
Total number of cells containing j balls

  j =  0                              :  131940795334523
  j =  1                              :        599997194
  j =  2                              :             1403
  j =  3                              :                0
  j =  4                              :                0
  j =  5                              :                0

-----------------------------------------------
CPU time used                    :  00:04:14.65

Generator state:
 Algorithm-1 (Tempest v3)\n



***********************************************************
Test smarsa_CollisionOver calling smultin_MultinomialOver

***********************************************************
HOST = LAPTOP-JUCO3OMC, Linux

Algorithm-1 (Tempest v3)


smultin_MultinomialOver test:
-----------------------------------------------
   N = 30,  n = 20000000,  r =  0,   d =    4,   t = 21,
       Sparse =   TRUE

       GenerCell = smultin_GenerCellSerial
       Number of cells = d^t =      4398046511104
       Expected number per cell =  1 /  219902.33
       EColl = n^2 / (2k) =  45.47473509
       Hashing =   TRUE

       Collision test

       CollisionOver:   density = n / k =  1 /  219902.33
       Expected number of collisions = Mu =      45.47


-----------------------------------------------
Results of CollisionOver test:

POISSON approximation                 :
Expected number of collisions = N*Mu  :     1364.24
Observed number of collisions         :     1335
p-value of test                       :    0.78

-----------------------------
Total number of cells containing j balls

  j =  0                              :  131940795334455
  j =  1                              :        599997330
  j =  2                              :             1335
  j =  3                              :                0
  j =  4                              :                0
  j =  5                              :                0

-----------------------------------------------
CPU time used                    :  00:04:06.84

Generator state:
 Algorithm-1 (Tempest v3)\n



***********************************************************
Test smarsa_CollisionOver calling smultin_MultinomialOver

***********************************************************
HOST = LAPTOP-JUCO3OMC, Linux

Algorithm-1 (Tempest v3)


smultin_MultinomialOver test:
-----------------------------------------------
   N = 30,  n = 20000000,  r = 28,   d =    4,   t = 21,
       Sparse =   TRUE

       GenerCell = smultin_GenerCellSerial
       Number of cells = d^t =      4398046511104
       Expected number per cell =  1 /  219902.33
       EColl = n^2 / (2k) =  45.47473509
       Hashing =   TRUE

       Collision test

       CollisionOver:   density = n / k =  1 /  219902.33
       Expected number of collisions = Mu =      45.47


-----------------------------------------------
Results of CollisionOver test:

POISSON approximation                 :
Expected number of collisions = N*Mu  :     1364.24
Observed number of collisions         :     1402
p-value of test                       :    0.16

-----------------------------
Total number of cells containing j balls

  j =  0                              :  131940795334522
  j =  1                              :        599997196
  j =  2                              :             1402
  j =  3                              :                0
  j =  4                              :                0
  j =  5                              :                0

-----------------------------------------------
CPU time used                    :  00:04:10.15

Generator state:
 Algorithm-1 (Tempest v3)\n



***********************************************************
HOST = LAPTOP-JUCO3OMC, Linux

Algorithm-1 (Tempest v3)


smarsa_BirthdaySpacings test:
-----------------------------------------------
   N = 100,  n = 10000000,  r =  0,    d = 2147483648,    t = 2,    p = 1


      Number of cells = d^t = 4611686018427387904
      Lambda = Poisson mean =      54.2101


----------------------------------------------------
Total expected number = N*Lambda      :    5421.01
Total observed number                 :    5452
p-value of test                       :    0.34


-----------------------------------------------
CPU time used                    :  00:02:35.94

Generator state:
 Algorithm-1 (Tempest v3)\n



***********************************************************
HOST = LAPTOP-JUCO3OMC, Linux

Algorithm-1 (Tempest v3)


smarsa_BirthdaySpacings test:
-----------------------------------------------
   N = 20,  n = 20000000,  r =  0,    d = 2097152,    t = 3,    p = 1


      Number of cells = d^t = 9223372036854775808
      Lambda = Poisson mean =     216.8404


----------------------------------------------------
Total expected number = N*Lambda      :    4336.81
Total observed number                 :    4394
p-value of test                       :    0.19


-----------------------------------------------
CPU time used                    :  00:01:10.67

Generator state:
 Algorithm-1 (Tempest v3)\n



***********************************************************
HOST = LAPTOP-JUCO3OMC, Linux

Algorithm-1 (Tempest v3)


smarsa_BirthdaySpacings test:
-----------------------------------------------
   N = 20,  n = 30000000,  r = 14,    d = 65536,    t = 4,    p = 1


      Number of cells = d^t = 18446744073709551616
      Lambda = Poisson mean =     365.9182


----------------------------------------------------
Total expected number = N*Lambda      :    7318.36
Total observed number                 :    7379
p-value of test                       :    0.24


-----------------------------------------------
CPU time used                    :  00:02:04.67

Generator state:
 Algorithm-1 (Tempest v3)\n



***********************************************************
HOST = LAPTOP-JUCO3OMC, Linux

Algorithm-1 (Tempest v3)


smarsa_BirthdaySpacings test:
-----------------------------------------------
   N = 20,  n = 20000000,  r =  0,    d = 512,    t = 7,    p = 1


      Number of cells = d^t = 9223372036854775808
      Lambda = Poisson mean =     216.8404


----------------------------------------------------
Total expected number = N*Lambda      :    4336.81
Total observed number                 :    4366
p-value of test                       :    0.33


-----------------------------------------------
CPU time used                    :  00:01:37.73

Generator state:
 Algorithm-1 (Tempest v3)\n



***********************************************************
HOST = LAPTOP-JUCO3OMC, Linux

Algorithm-1 (Tempest v3)


smarsa_BirthdaySpacings test:
-----------------------------------------------
   N = 20,  n = 20000000,  r =  7,    d = 512,    t = 7,    p = 1


      Number of cells = d^t = 9223372036854775808
      Lambda = Poisson mean =     216.8404


----------------------------------------------------
Total expected number = N*Lambda      :    4336.81
Total observed number                 :    4389
p-value of test                       :    0.22


-----------------------------------------------
CPU time used                    :  00:01:45.38

Generator state:
 Algorithm-1 (Tempest v3)\n



***********************************************************
HOST = LAPTOP-JUCO3OMC, Linux

Algorithm-1 (Tempest v3)


smarsa_BirthdaySpacings test:
-----------------------------------------------
   N = 20,  n = 30000000,  r = 14,    d = 256,    t = 8,    p = 1


      Number of cells = d^t = 18446744073709551616
      Lambda = Poisson mean =     365.9182


----------------------------------------------------
Total expected number = N*Lambda      :    7318.36
Total observed number                 :    7353
p-value of test                       :    0.34


-----------------------------------------------
CPU time used                    :  00:02:57.69

Generator state:
 Algorithm-1 (Tempest v3)\n



***********************************************************
HOST = LAPTOP-JUCO3OMC, Linux

Algorithm-1 (Tempest v3)


smarsa_BirthdaySpacings test:
-----------------------------------------------
   N = 20,  n = 30000000,  r = 22,    d = 256,    t = 8,    p = 1


      Number of cells = d^t = 18446744073709551616
      Lambda = Poisson mean =     365.9182


----------------------------------------------------
Total expected number = N*Lambda      :    7318.36
Total observed number                 :    7164
p-value of test                       :    0.96


-----------------------------------------------
CPU time used                    :  00:02:56.86

Generator state:
 Algorithm-1 (Tempest v3)\n



***********************************************************
HOST = LAPTOP-JUCO3OMC, Linux

Algorithm-1 (Tempest v3)


smarsa_BirthdaySpacings test:
-----------------------------------------------
   N = 20,  n = 30000000,  r =  0,    d = 16,    t = 16,    p = 1


      Number of cells = d^t = 18446744073709551616
      Lambda = Poisson mean =     365.9182


----------------------------------------------------
Total expected number = N*Lambda      :    7318.36
Total observed number                 :    7298
p-value of test                       :    0.59


-----------------------------------------------
CPU time used                    :  00:03:59.46

Generator state:
 Algorithm-1 (Tempest v3)\n



***********************************************************
HOST = LAPTOP-JUCO3OMC, Linux

Algorithm-1 (Tempest v3)


smarsa_BirthdaySpacings test:
-----------------------------------------------
   N = 20,  n = 30000000,  r = 26,    d = 16,    t = 16,    p = 1


      Number of cells = d^t = 18446744073709551616
      Lambda = Poisson mean =     365.9182


----------------------------------------------------
Total expected number = N*Lambda      :    7318.36
Total observed number                 :    7287
p-value of test                       :    0.64


-----------------------------------------------
CPU time used                    :  00:04:23.63

Generator state:
 Algorithm-1 (Tempest v3)\n



***********************************************************
HOST = LAPTOP-JUCO3OMC, Linux

Algorithm-1 (Tempest v3)


snpair_ClosePairs test:
-----------------------------------------------
   N = 30,  n = 6000000,  r =  0,  t = 3,  p = 0,  m = 30,  Torus =  TRUE


---------------------------------------
Test based on the 2 nearest points (NP):

Stat. AD on the N values (NP)         :    3.31
p-value of test                       :    0.02


A2 test based on the spacings between the
   successive jump times of process Y_n(t):

A2 test on the values of A2 (m-NP)    :    0.82
p-value of test                       :    0.47

Test on the Nm values of W_{n,i}(mNP1):    0.61
p-value of test                       :    0.64

Test on the jump times of Y
   (superposition of Yn):

Expected number of jumps of Y = mN    :     900
Number of jumps of Y                  :     910
p-value of test                       :    0.37

Stat. AD (mNP2)                       :    1.94
p-value of test                       :    0.10

Stat. AD after spacings (mNP2-S)      :    0.77
p-value of test                       :    0.50

-----------------------------------------------
CPU time used                    :  00:01:12.40

Generator state:
 Algorithm-1 (Tempest v3)\n



***********************************************************
HOST = LAPTOP-JUCO3OMC, Linux

Algorithm-1 (Tempest v3)


snpair_ClosePairs test:
-----------------------------------------------
   N = 20,  n = 4000000,  r =  0,  t = 5,  p = 0,  m = 30,  Torus =  TRUE


---------------------------------------
Test based on the 2 nearest points (NP):

Stat. AD on the N values (NP)         :    1.58
p-value of test                       :    0.16


A2 test based on the spacings between the
   successive jump times of process Y_n(t):

A2 test on the values of A2 (m-NP)    :    1.28
p-value of test                       :    0.24

Test on the Nm values of W_{n,i}(mNP1):    0.31
p-value of test                       :    0.93

Test on the jump times of Y
   (superposition of Yn):

Expected number of jumps of Y = mN    :     600
Number of jumps of Y                  :     624
p-value of test                       :    0.17

Stat. AD (mNP2)                       :    1.86
p-value of test                       :    0.11

Stat. AD after spacings (mNP2-S)      :    0.74
p-value of test                       :    0.52

-----------------------------------------------
CPU time used                    :  00:00:49.42

Generator state:
 Algorithm-1 (Tempest v3)\n



***********************************************************
HOST = LAPTOP-JUCO3OMC, Linux

Algorithm-1 (Tempest v3)


snpair_ClosePairs test:
-----------------------------------------------
   N = 10,  n = 3000000,  r =  0,  t = 9,  p = 0,  m = 30,  Torus =  TRUE


---------------------------------------
Test based on the 2 nearest points (NP):

Stat. AD on the N values (NP)         :    0.46
p-value of test                       :    0.79


A2 test based on the spacings between the
   successive jump times of process Y_n(t):

A2 test on the values of A2 (m-NP)    :    0.66
p-value of test                       :    0.59

Test on the Nm values of W_{n,i}(mNP1):    0.49
p-value of test                       :    0.76

Test on the jump times of Y
   (superposition of Yn):

Expected number of jumps of Y = mN    :     300
Number of jumps of Y                  :     311
p-value of test                       :    0.27

Stat. AD (mNP2)                       :    1.22
p-value of test                       :    0.26

Stat. AD after spacings (mNP2-S)      :    2.55
p-value of test                       :    0.05

-----------------------------------------------
CPU time used                    :  00:01:15.64

Generator state:
 Algorithm-1 (Tempest v3)\n



***********************************************************
HOST = LAPTOP-JUCO3OMC, Linux

Algorithm-1 (Tempest v3)


snpair_ClosePairs test:
-----------------------------------------------
   N =  5,  n = 2000000,  r =  0,  t = 16,  p = 0,  m = 30,  Torus =  TRUE


---------------------------------------
Test based on the 2 nearest points (NP):

Stat. AD on the N values (NP)         :    0.56
p-value of test                       :    0.68


A2 test based on the spacings between the
   successive jump times of process Y_n(t):

A2 test on the values of A2 (m-NP)    :    0.28
p-value of test                       :    0.95

Test on the Nm values of W_{n,i}(mNP1):    1.13
p-value of test                       :    0.29

Test on the jump times of Y
   (superposition of Yn):

Expected number of jumps of Y = mN    :     150
Number of jumps of Y                  :     135
p-value of test                       :    0.88

Stat. AD (mNP2)                       :    0.67
p-value of test                       :    0.59

Stat. AD after spacings (mNP2-S)      :    0.73
p-value of test                       :    0.53

-----------------------------------------------
CPU time used                    :  00:01:33.81

Generator state:
 Algorithm-1 (Tempest v3)\n



***********************************************************
HOST = LAPTOP-JUCO3OMC, Linux

Algorithm-1 (Tempest v3)


sknuth_SimpPoker test:
-----------------------------------------------
   N =  1,  n = 400000000,  r =  0,   d =    8,   k =    8


-----------------------------------------------
Number of degrees of freedom          :    7
Chi-square statistic                  :    4.43
p-value of test                       :    0.73

-----------------------------------------------
CPU time used                    :  00:01:06.86

Generator state:
 Algorithm-1 (Tempest v3)\n



***********************************************************
HOST = LAPTOP-JUCO3OMC, Linux

Algorithm-1 (Tempest v3)


sknuth_SimpPoker test:
-----------------------------------------------
   N =  1,  n = 400000000,  r = 27,   d =    8,   k =    8


-----------------------------------------------
Number of degrees of freedom          :    7
Chi-square statistic                  :   12.61
p-value of test                       :    0.08

-----------------------------------------------
CPU time used                    :  00:01:18.38

Generator state:
 Algorithm-1 (Tempest v3)\n



***********************************************************
HOST = LAPTOP-JUCO3OMC, Linux

Algorithm-1 (Tempest v3)


sknuth_SimpPoker test:
-----------------------------------------------
   N =  1,  n = 100000000,  r =  0,   d =   32,   k =   32


-----------------------------------------------
Number of degrees of freedom          :   18
Chi-square statistic                  :   10.05
p-value of test                       :    0.93

-----------------------------------------------
CPU time used                    :  00:01:08.93

Generator state:
 Algorithm-1 (Tempest v3)\n



***********************************************************
HOST = LAPTOP-JUCO3OMC, Linux

Algorithm-1 (Tempest v3)


sknuth_SimpPoker test:
-----------------------------------------------
   N =  1,  n = 100000000,  r = 25,   d =   32,   k =   32


-----------------------------------------------
Number of degrees of freedom          :   18
Chi-square statistic                  :   15.76
p-value of test                       :    0.61

-----------------------------------------------
CPU time used                    :  00:01:20.43

Generator state:
 Algorithm-1 (Tempest v3)\n



***********************************************************
HOST = LAPTOP-JUCO3OMC, Linux

Algorithm-1 (Tempest v3)


sknuth_CouponCollector test:
-----------------------------------------------
   N =  1,  n = 200000000,  r =  0,   d =    8


-----------------------------------------------
Number of degrees of freedom          :   54
Chi-square statistic                  :   78.21
p-value of test                       :    0.02

-----------------------------------------------
CPU time used                    :  00:01:27.85

Generator state:
 Algorithm-1 (Tempest v3)\n



***********************************************************
HOST = LAPTOP-JUCO3OMC, Linux

Algorithm-1 (Tempest v3)


sknuth_CouponCollector test:
-----------------------------------------------
   N =  1,  n = 200000000,  r = 10,   d =    8


-----------------------------------------------
Number of degrees of freedom          :   54
Chi-square statistic                  :   57.09
p-value of test                       :    0.36

-----------------------------------------------
CPU time used                    :  00:01:43.72

Generator state:
 Algorithm-1 (Tempest v3)\n



***********************************************************
HOST = LAPTOP-JUCO3OMC, Linux

Algorithm-1 (Tempest v3)


sknuth_CouponCollector test:
-----------------------------------------------
   N =  1,  n = 200000000,  r = 20,   d =    8


-----------------------------------------------
Number of degrees of freedom          :   54
Chi-square statistic                  :   49.86
p-value of test                       :    0.63

-----------------------------------------------
CPU time used                    :  00:01:43.56

Generator state:
 Algorithm-1 (Tempest v3)\n



***********************************************************
HOST = LAPTOP-JUCO3OMC, Linux

Algorithm-1 (Tempest v3)


sknuth_CouponCollector test:
-----------------------------------------------
   N =  1,  n = 200000000,  r = 27,   d =    8


-----------------------------------------------
Number of degrees of freedom          :   54
Chi-square statistic                  :   55.50
p-value of test                       :    0.42

-----------------------------------------------
CPU time used                    :  00:01:43.59

Generator state:
 Algorithm-1 (Tempest v3)\n



***********************************************************
HOST = LAPTOP-JUCO3OMC, Linux

Algorithm-1 (Tempest v3)


sknuth_Gap test:
-----------------------------------------------
   N =  1,  n = 500000000,  r =  0,   Alpha =        0,   Beta  =   0.0625


-----------------------------------------------
Number of degrees of freedom          :  232
Chi-square statistic                  :  228.85
p-value of test                       :    0.55

-----------------------------------------------
CPU time used                    :  00:02:09.19

Generator state:
 Algorithm-1 (Tempest v3)\n



***********************************************************
HOST = LAPTOP-JUCO3OMC, Linux

Algorithm-1 (Tempest v3)


sknuth_Gap test:
-----------------------------------------------
   N =  1,  n = 300000000,  r = 25,   Alpha =        0,   Beta  =  0.03125


-----------------------------------------------
Number of degrees of freedom          :  434
Chi-square statistic                  :  426.82
p-value of test                       :    0.59

-----------------------------------------------
CPU time used                    :  00:03:00.71

Generator state:
 Algorithm-1 (Tempest v3)\n



***********************************************************
HOST = LAPTOP-JUCO3OMC, Linux

Algorithm-1 (Tempest v3)


sknuth_Gap test:
-----------------------------------------------
   N =  1,  n = 100000000,  r =  0,   Alpha =        0,   Beta  = 0.0078125


-----------------------------------------------
Number of degrees of freedom          : 1437
Chi-square statistic                  : 1401.10
p-value of test                       :    0.75

-----------------------------------------------
CPU time used                    :  00:03:19.35

Generator state:
 Algorithm-1 (Tempest v3)\n



***********************************************************
HOST = LAPTOP-JUCO3OMC, Linux

Algorithm-1 (Tempest v3)


sknuth_Gap test:
-----------------------------------------------
   N =  1,  n = 10000000,  r = 20,   Alpha =        0,   Beta  = 0.000976562


-----------------------------------------------
Number of degrees of freedom          : 7046
Chi-square statistic                  : 6827.30
p-value of test                       :    0.97

-----------------------------------------------
CPU time used                    :  00:03:08.84

Generator state:
 Algorithm-1 (Tempest v3)\n



***********************************************************
HOST = LAPTOP-JUCO3OMC, Linux

Algorithm-1 (Tempest v3)


sknuth_Run test:
-----------------------------------------------
   N =  5,  n = 1000000000,  r =  0,   Up = FALSE


-----------------------------------------------

Kolmogorov-Smirnov+ statistic = D+    :    0.35
p-value of test                       :    0.25

Kolmogorov-Smirnov- statistic = D-    :   0.062
p-value of test                       :    0.92

Anderson-Darling statistic = A2       :    1.22
p-value of test                       :    0.26

Test on the sum of all N observations
Number of degrees of freedom          :   30
Chi-square statistic                  :   21.66
p-value of test                       :    0.87

-----------------------------------------------
CPU time used                    :  00:01:36.34

Generator state:
 Algorithm-1 (Tempest v3)\n



***********************************************************
HOST = LAPTOP-JUCO3OMC, Linux

Algorithm-1 (Tempest v3)


sknuth_Run test:
-----------------------------------------------
   N = 10,  n = 1000000000,  r = 15,   Up =  TRUE


-----------------------------------------------

Kolmogorov-Smirnov+ statistic = D+    :    0.17
p-value of test                       :    0.50

Kolmogorov-Smirnov- statistic = D-    :    0.12
p-value of test                       :    0.68

Anderson-Darling statistic = A2       :    0.41
p-value of test                       :    0.84

Test on the sum of all N observations
Number of degrees of freedom          :   60
Chi-square statistic                  :   60.26
p-value of test                       :    0.47

-----------------------------------------------
CPU time used                    :  00:03:46.27

Generator state:
 Algorithm-1 (Tempest v3)\n



***********************************************************
Test sknuth_Permutation calling smultin_Multinomial

***********************************************************
HOST = LAPTOP-JUCO3OMC, Linux

Algorithm-1 (Tempest v3)


smultin_Multinomial test:
-----------------------------------------------
   N =  1,  n = 1000000000,  r =  5,   t =  3,
       Sparse =  FALSE

       GenerCell = smultin_GenerCellPermut
       Number of cells = t! =                  6
       Expected number per cell =  1.6666667e+08
       Hashing =  FALSE

   For Delta > -1, we use the ChiSquare approximation
   Correction factor of the ChiSquare: 
       Delta =     1,    Mu =  2.5000002e-09,    Sigma =          1

-----------------------------------------------
Test Results for Delta =   1.0000

Number of degrees of freedom          :    5
Value of the statistic                :   13.97
p-value of test                       :    0.02


-----------------------------------------------
CPU time used                    :  00:01:02.57

Generator state:
 Algorithm-1 (Tempest v3)\n



***********************************************************
Test sknuth_Permutation calling smultin_Multinomial

***********************************************************
HOST = LAPTOP-JUCO3OMC, Linux

Algorithm-1 (Tempest v3)


smultin_Multinomial test:
-----------------------------------------------
   N =  1,  n = 1000000000,  r =  5,   t =  5,
       Sparse =  FALSE

       GenerCell = smultin_GenerCellPermut
       Number of cells = t! =                120
       Expected number per cell =   8333333.3
       Hashing =  FALSE

   For Delta > -1, we use the ChiSquare approximation
   Correction factor of the ChiSquare: 
       Delta =     1,    Mu =  5.9500005e-08,    Sigma =          1

-----------------------------------------------
Test Results for Delta =   1.0000

Number of degrees of freedom          :  119
Value of the statistic                :   90.37
p-value of test                       :    0.98


-----------------------------------------------
CPU time used                    :  00:01:45.50

Generator state:
 Algorithm-1 (Tempest v3)\n



***********************************************************
Test sknuth_Permutation calling smultin_Multinomial

***********************************************************
HOST = LAPTOP-JUCO3OMC, Linux

Algorithm-1 (Tempest v3)


smultin_Multinomial test:
-----------------------------------------------
   N =  1,  n = 500000000,  r =  5,   t =  7,
       Sparse =  FALSE

       GenerCell = smultin_GenerCellPermut
       Number of cells = t! =               5040
       Expected number per cell =   99206.349
       Hashing =  FALSE

   For Delta > -1, we use the ChiSquare approximation
   Correction factor of the ChiSquare: 
       Delta =     1,    Mu =  5.0390004e-06,    Sigma =          1

-----------------------------------------------
Test Results for Delta =   1.0000

Number of degrees of freedom          : 5039
Value of the statistic                : 5028.20
p-value of test                       :    0.54


-----------------------------------------------
CPU time used                    :  00:01:16.56

Generator state:
 Algorithm-1 (Tempest v3)\n



***********************************************************
Test sknuth_Permutation calling smultin_Multinomial

***********************************************************
HOST = LAPTOP-JUCO3OMC, Linux

Algorithm-1 (Tempest v3)


smultin_Multinomial test:
-----------------------------------------------
   N =  1,  n = 500000000,  r = 10,   t = 10,
       Sparse =  FALSE

       GenerCell = smultin_GenerCellPermut
       Number of cells = t! =            3628800
       Expected number per cell =    137.7866
       Hashing =  FALSE

   For Delta > -1, we use the ChiSquare approximation
   Correction factor of the ChiSquare: 
       Delta =     1,    Mu =   0.0036287993,    Sigma =          1

-----------------------------------------------
Test Results for Delta =   1.0000

Number of degrees of freedom          : 3628799
Value of the statistic                : 3.63e+6
p-value of test                       :    0.47


-----------------------------------------------
CPU time used                    :  00:02:21.80

Generator state:
 Algorithm-1 (Tempest v3)\n



***********************************************************
Test sknuth_CollisionPermut calling smultin_Multinomial

***********************************************************
HOST = LAPTOP-JUCO3OMC, Linux

Algorithm-1 (Tempest v3)


smultin_Multinomial test:
-----------------------------------------------
   N = 20,  n = 20000000,  r =  0,   t = 14,
       Sparse =   TRUE

       GenerCell = smultin_GenerCellPermut
       Number of cells = t! =        87178291200
       Expected number per cell =  1 /  4358.9146
       EColl = n^2 / (2k) =   2294.14912
       Hashing =   TRUE

       Collision test,    Mu =      2293.9736,    Sigma =    47.8841

-----------------------------------------------
Test Results for Collisions

For the total number of collisions, we use
      the Poisson approximation:
Expected number of collisions = N*Mu  :    45879.47
Observed number of collisions         :    45819
p-value of test                       :    0.61


-----------------------------
Total number of cells containing j balls

  j =  0                              :    1743165869819
  j =  1                              :        399908366
  j =  2                              :            45811
  j =  3                              :                4
  j =  4                              :                0
  j =  5                              :                0

-----------------------------------------------
CPU time used                    :  00:03:23.07

Generator state:
 Algorithm-1 (Tempest v3)\n



***********************************************************
Test sknuth_CollisionPermut calling smultin_Multinomial

***********************************************************
HOST = LAPTOP-JUCO3OMC, Linux

Algorithm-1 (Tempest v3)


smultin_Multinomial test:
-----------------------------------------------
   N = 20,  n = 20000000,  r = 10,   t = 14,
       Sparse =   TRUE

       GenerCell = smultin_GenerCellPermut
       Number of cells = t! =        87178291200
       Expected number per cell =  1 /  4358.9146
       EColl = n^2 / (2k) =   2294.14912
       Hashing =   TRUE

       Collision test,    Mu =      2293.9736,    Sigma =    47.8841

-----------------------------------------------
Test Results for Collisions

For the total number of collisions, we use
      the Poisson approximation:
Expected number of collisions = N*Mu  :    45879.47
Observed number of collisions         :    45544
p-value of test                       :    0.94


-----------------------------
Total number of cells containing j balls

  j =  0                              :    1743165869544
  j =  1                              :        399908916
  j =  2                              :            45536
  j =  3                              :                4
  j =  4                              :                0
  j =  5                              :                0

-----------------------------------------------
CPU time used                    :  00:03:35.14

Generator state:
 Algorithm-1 (Tempest v3)\n



***********************************************************
HOST = LAPTOP-JUCO3OMC, Linux

Algorithm-1 (Tempest v3)


sknuth_MaxOft test:
-----------------------------------------------
   N = 40,  n = 10000000,  r =  0,   d = 100000,   t =  8

      Number of categories = 100000
      Expected number per category  = 100.00


-----------------------------------------------
Test results for chi2 with 99999 degrees of freedom:

Kolmogorov-Smirnov+ statistic = D+    :   0.074
p-value of test                       :    0.61

Kolmogorov-Smirnov- statistic = D-    :    0.11
p-value of test                       :    0.36

Anderson-Darling statistic = A2       :    0.66
p-value of test                       :    0.59

Test on the sum of all N observations
Number of degrees of freedom          : 3999960
Chi-square statistic                  : 4.00e+6
p-value of test                       :    0.63


-----------------------------------------------
Test results for Anderson-Darling:

Kolmogorov-Smirnov+ statistic = D+    :    0.16
p-value of test                       :    0.12

Kolmogorov-Smirnov- statistic = D-    :    0.13
p-value of test                       :    0.24

Anderson-Darling statistic = A2       :    1.43
p-value of test                       :    0.19


-----------------------------------------------
CPU time used                    :  00:01:38.11

Generator state:
 Algorithm-1 (Tempest v3)\n



***********************************************************
HOST = LAPTOP-JUCO3OMC, Linux

Algorithm-1 (Tempest v3)


sknuth_MaxOft test:
-----------------------------------------------
   N = 30,  n = 10000000,  r =  0,   d = 100000,   t = 16

      Number of categories = 100000
      Expected number per category  = 100.00


-----------------------------------------------
Test results for chi2 with 99999 degrees of freedom:

Kolmogorov-Smirnov+ statistic = D+    :    0.23
p-value of test                       :    0.04

Kolmogorov-Smirnov- statistic = D-    :   0.040
p-value of test                       :    0.89

Anderson-Darling statistic = A2       :    2.65
p-value of test                       :    0.04

Test on the sum of all N observations
Number of degrees of freedom          : 2999970
Chi-square statistic                  : 3.00e+6
p-value of test                       :    0.97


-----------------------------------------------
Test results for Anderson-Darling:

Kolmogorov-Smirnov+ statistic = D+    :   0.082
p-value of test                       :    0.64

Kolmogorov-Smirnov- statistic = D-    :   0.061
p-value of test                       :    0.77

Anderson-Darling statistic = A2       :    0.35
p-value of test                       :    0.89


-----------------------------------------------
CPU time used                    :  00:01:54.09

Generator state:
 Algorithm-1 (Tempest v3)\n



***********************************************************
HOST = LAPTOP-JUCO3OMC, Linux

Algorithm-1 (Tempest v3)


sknuth_MaxOft test:
-----------------------------------------------
   N = 20,  n = 10000000,  r =  0,   d = 100000,   t = 24

      Number of categories = 100000
      Expected number per category  = 100.00


-----------------------------------------------
Test results for chi2 with 99999 degrees of freedom:

Kolmogorov-Smirnov+ statistic = D+    :    0.17
p-value of test                       :    0.30

Kolmogorov-Smirnov- statistic = D-    :    0.11
p-value of test                       :    0.59

Anderson-Darling statistic = A2       :    0.79
p-value of test                       :    0.49

Test on the sum of all N observations
Number of degrees of freedom          : 1999980
Chi-square statistic                  : 2.00e+6
p-value of test                       :    0.60


-----------------------------------------------
Test results for Anderson-Darling:

Kolmogorov-Smirnov+ statistic = D+    :    0.20
p-value of test                       :    0.17

Kolmogorov-Smirnov- statistic = D-    :   0.083
p-value of test                       :    0.72

Anderson-Darling statistic = A2       :    1.43
p-value of test                       :    0.19


-----------------------------------------------
CPU time used                    :  00:01:40.81

Generator state:
 Algorithm-1 (Tempest v3)\n



***********************************************************
HOST = LAPTOP-JUCO3OMC, Linux

Algorithm-1 (Tempest v3)


sknuth_MaxOft test:
-----------------------------------------------
   N = 20,  n = 10000000,  r =  0,   d = 100000,   t = 32

      Number of categories = 100000
      Expected number per category  = 100.00


-----------------------------------------------
Test results for chi2 with 99999 degrees of freedom:

Kolmogorov-Smirnov+ statistic = D+    :    0.13
p-value of test                       :    0.46

Kolmogorov-Smirnov- statistic = D-    :   0.033
p-value of test                       :    0.94

Anderson-Darling statistic = A2       :    0.51
p-value of test                       :    0.74

Test on the sum of all N observations
Number of degrees of freedom          : 1999980
Chi-square statistic                  : 2.00e+6
p-value of test                       :    0.81


-----------------------------------------------
Test results for Anderson-Darling:

Kolmogorov-Smirnov+ statistic = D+    :    0.21
p-value of test                       :    0.15

Kolmogorov-Smirnov- statistic = D-    :   0.019
p-value of test                       :    0.97

Anderson-Darling statistic = A2       :    1.49
p-value of test                       :    0.18


-----------------------------------------------
CPU time used                    :  00:02:05.72

Generator state:
 Algorithm-1 (Tempest v3)\n



***********************************************************
HOST = LAPTOP-JUCO3OMC, Linux

Algorithm-1 (Tempest v3)


svaria_SampleProd test:
-----------------------------------------------
   N = 40,  n = 10000000,  r =  0,   t = 8


-----------------------------------------------

Kolmogorov-Smirnov+ statistic = D+    :    0.18
p-value of test                       :    0.06

Kolmogorov-Smirnov- statistic = D-    :   0.038
p-value of test                       :    0.87

Anderson-Darling statistic = A2       :    1.50
p-value of test                       :    0.18

-----------------------------------------------
CPU time used                    :  00:01:30.50

Generator state:
 Algorithm-1 (Tempest v3)\n



***********************************************************
HOST = LAPTOP-JUCO3OMC, Linux

Algorithm-1 (Tempest v3)


svaria_SampleProd test:
-----------------------------------------------
   N = 20,  n = 10000000,  r =  0,   t = 16


-----------------------------------------------

Kolmogorov-Smirnov+ statistic = D+    :    0.11
p-value of test                       :    0.56

Kolmogorov-Smirnov- statistic = D-    :    0.14
p-value of test                       :    0.41

Anderson-Darling statistic = A2       :    0.44
p-value of test                       :    0.80

-----------------------------------------------
CPU time used                    :  00:01:12.23

Generator state:
 Algorithm-1 (Tempest v3)\n



***********************************************************
HOST = LAPTOP-JUCO3OMC, Linux

Algorithm-1 (Tempest v3)


svaria_SampleProd test:
-----------------------------------------------
   N = 20,  n = 10000000,  r =  0,   t = 24


-----------------------------------------------

Kolmogorov-Smirnov+ statistic = D+    :    0.29
p-value of test                       :    0.03

Kolmogorov-Smirnov- statistic = D-    :   0.028
p-value of test                       :    0.95

Anderson-Darling statistic = A2       :    1.64
p-value of test                       :    0.15

-----------------------------------------------
CPU time used                    :  00:01:39.09

Generator state:
 Algorithm-1 (Tempest v3)\n



***********************************************************
HOST = LAPTOP-JUCO3OMC, Linux

Algorithm-1 (Tempest v3)


svaria_SampleMean test:
-----------------------------------------------
   N = 20000000,  n = 30,  r =  0


-----------------------------------------------

Kolmogorov-Smirnov+ statistic = D+    : 7.09e-5
p-value of test                       :    0.82

Kolmogorov-Smirnov- statistic = D-    : 1.98e-4
p-value of test                       :    0.21

Anderson-Darling statistic = A2       :    0.67
p-value of test                       :    0.58

-----------------------------------------------
CPU time used                    :  00:00:13.77

Generator state:
 Algorithm-1 (Tempest v3)\n



***********************************************************
HOST = LAPTOP-JUCO3OMC, Linux

Algorithm-1 (Tempest v3)


svaria_SampleMean test:
-----------------------------------------------
   N = 20000000,  n = 30,  r = 10


-----------------------------------------------

Kolmogorov-Smirnov+ statistic = D+    : 3.27e-4
p-value of test                       :    0.01

Kolmogorov-Smirnov- statistic = D-    : 1.04e-4
p-value of test                       :    0.65

Anderson-Darling statistic = A2       :    2.06
p-value of test                       :    0.08

-----------------------------------------------
CPU time used                    :  00:00:15.00

Generator state:
 Algorithm-1 (Tempest v3)\n



***********************************************************
HOST = LAPTOP-JUCO3OMC, Linux

Algorithm-1 (Tempest v3)


svaria_SampleCorr test:
-----------------------------------------------
   N =  1,  n = 2000000000,  r =  0,   k = 1


-----------------------------------------------
Normal statistic                      :    2.11
p-value of test                       :    0.02

-----------------------------------------------
CPU time used                    :  00:00:32.68

Generator state:
 Algorithm-1 (Tempest v3)\n



***********************************************************
HOST = LAPTOP-JUCO3OMC, Linux

Algorithm-1 (Tempest v3)


svaria_SampleCorr test:
-----------------------------------------------
   N =  1,  n = 2000000000,  r =  0,   k = 2


-----------------------------------------------
Normal statistic                      :    0.57
p-value of test                       :    0.28

-----------------------------------------------
CPU time used                    :  00:00:32.64

Generator state:
 Algorithm-1 (Tempest v3)\n



***********************************************************
HOST = LAPTOP-JUCO3OMC, Linux

Algorithm-1 (Tempest v3)


svaria_AppearanceSpacings test:
-----------------------------------------------
   N =  1,   Q = 10000000,   K = 1000000000,   r = 0,   s = 3,   L = 15

   Sequences of n = (K + Q)L =  15150000000 bits
   Q = 10000000 initialization blocks
   K = 1000000000 blocks for the test
   the blocks have L = 15 bits



-----------------------------------------------
Normal statistic                      :   -0.57
p-value of test                       :    0.72

-----------------------------------------------
CPU time used                    :  00:01:33.27

Generator state:
 Algorithm-1 (Tempest v3)\n



***********************************************************
HOST = LAPTOP-JUCO3OMC, Linux

Algorithm-1 (Tempest v3)


svaria_AppearanceSpacings test:
-----------------------------------------------
   N =  1,   Q = 10000000,   K = 1000000000,   r = 27,   s = 3,   L = 15

   Sequences of n = (K + Q)L =  15150000000 bits
   Q = 10000000 initialization blocks
   K = 1000000000 blocks for the test
   the blocks have L = 15 bits



-----------------------------------------------
Normal statistic                      :   -0.24
p-value of test                       :    0.59

-----------------------------------------------
CPU time used                    :  00:01:32.94

Generator state:
 Algorithm-1 (Tempest v3)\n



***********************************************************
HOST = LAPTOP-JUCO3OMC, Linux

Algorithm-1 (Tempest v3)


svaria_WeightDistrib test:
-----------------------------------------------
   N =  1,  n = 20000000,  r =  0,  k = 256,  Alpha =      0,  Beta =   0.25


-----------------------------------------------
Number of degrees of freedom          :   67
Chi-square statistic                  :   76.69
p-value of test                       :    0.20

-----------------------------------------------
CPU time used                    :  00:01:21.14

Generator state:
 Algorithm-1 (Tempest v3)\n



***********************************************************
HOST = LAPTOP-JUCO3OMC, Linux

Algorithm-1 (Tempest v3)


svaria_WeightDistrib test:
-----------------------------------------------
   N =  1,  n = 20000000,  r = 20,  k = 256,  Alpha =      0,  Beta =   0.25


-----------------------------------------------
Number of degrees of freedom          :   67
Chi-square statistic                  :   49.96
p-value of test                       :    0.94

-----------------------------------------------
CPU time used                    :  00:01:36.39

Generator state:
 Algorithm-1 (Tempest v3)\n



***********************************************************
HOST = LAPTOP-JUCO3OMC, Linux

Algorithm-1 (Tempest v3)


svaria_WeightDistrib test:
-----------------------------------------------
   N =  1,  n = 20000000,  r = 28,  k = 256,  Alpha =      0,  Beta =   0.25


-----------------------------------------------
Number of degrees of freedom          :   67
Chi-square statistic                  :   64.77
p-value of test                       :    0.55

-----------------------------------------------
CPU time used                    :  00:01:36.45

Generator state:
 Algorithm-1 (Tempest v3)\n



***********************************************************
HOST = LAPTOP-JUCO3OMC, Linux

Algorithm-1 (Tempest v3)


svaria_WeightDistrib test:
-----------------------------------------------
   N =  1,  n = 20000000,  r =  0,  k = 256,  Alpha =      0,  Beta = 0.0625


-----------------------------------------------
Number of degrees of freedom          :   37
Chi-square statistic                  :   43.12
p-value of test                       :    0.23

-----------------------------------------------
CPU time used                    :  00:01:21.54

Generator state:
 Algorithm-1 (Tempest v3)\n



***********************************************************
HOST = LAPTOP-JUCO3OMC, Linux

Algorithm-1 (Tempest v3)


svaria_WeightDistrib test:
-----------------------------------------------
   N =  1,  n = 20000000,  r = 10,  k = 256,  Alpha =      0,  Beta = 0.0625


-----------------------------------------------
Number of degrees of freedom          :   37
Chi-square statistic                  :   30.29
p-value of test                       :    0.77

-----------------------------------------------
CPU time used                    :  00:01:36.23

Generator state:
 Algorithm-1 (Tempest v3)\n



***********************************************************
HOST = LAPTOP-JUCO3OMC, Linux

Algorithm-1 (Tempest v3)


svaria_WeightDistrib test:
-----------------------------------------------
   N =  1,  n = 20000000,  r = 26,  k = 256,  Alpha =      0,  Beta = 0.0625


-----------------------------------------------
Number of degrees of freedom          :   37
Chi-square statistic                  :   25.63
p-value of test                       :    0.92

-----------------------------------------------
CPU time used                    :  00:01:36.98

Generator state:
 Algorithm-1 (Tempest v3)\n



***********************************************************
HOST = LAPTOP-JUCO3OMC, Linux

Algorithm-1 (Tempest v3)


svaria_SumCollector test:
-----------------------------------------------
   N =  1,  n = 500000000,  r =  0,   g = 10


-----------------------------------------------
Number of degrees of freedom          :   29
Chi-square statistic                  :   33.56
p-value of test                       :    0.26

-----------------------------------------------
CPU time used                    :  00:02:50.96

Generator state:
 Algorithm-1 (Tempest v3)\n



***********************************************************
HOST = LAPTOP-JUCO3OMC, Linux

Algorithm-1 (Tempest v3)


smarsa_MatrixRank test:
-----------------------------------------------
   N = 10,  n = 1000000,  r =  0,    s = 5,    L = 30,    k = 30


-----------------------------------------------

Kolmogorov-Smirnov+ statistic = D+    :    0.17
p-value of test                       :    0.50

Kolmogorov-Smirnov- statistic = D-    :    0.17
p-value of test                       :    0.53

Anderson-Darling statistic = A2       :    0.48
p-value of test                       :    0.76

Test on the sum of all N observations
Number of degrees of freedom          :   40
Chi-square statistic                  :   44.41
p-value of test                       :    0.29

-----------------------------------------------
CPU time used                    :  00:00:57.07

Generator state:
 Algorithm-1 (Tempest v3)\n



***********************************************************
HOST = LAPTOP-JUCO3OMC, Linux

Algorithm-1 (Tempest v3)


smarsa_MatrixRank test:
-----------------------------------------------
   N = 10,  n = 1000000,  r = 25,    s = 5,    L = 30,    k = 30


-----------------------------------------------

Kolmogorov-Smirnov+ statistic = D+    :   0.043
p-value of test                       :    0.94

Kolmogorov-Smirnov- statistic = D-    :    0.33
p-value of test                       :    0.10

Anderson-Darling statistic = A2       :    0.75
p-value of test                       :    0.51

Test on the sum of all N observations
Number of degrees of freedom          :   40
Chi-square statistic                  :   47.10
p-value of test                       :    0.20

-----------------------------------------------
CPU time used                    :  00:00:57.07

Generator state:
 Algorithm-1 (Tempest v3)\n



***********************************************************
HOST = LAPTOP-JUCO3OMC, Linux

Algorithm-1 (Tempest v3)


smarsa_MatrixRank test:
-----------------------------------------------
   N =  1,  n = 5000,  r =  0,    s = 4,    L = 1000,    k = 1000


-----------------------------------------------
Number of degrees of freedom          :    3
Chi-square statistic                  :    7.34
p-value of test                       :    0.06

-----------------------------------------------
CPU time used                    :  00:01:03.07

Generator state:
 Algorithm-1 (Tempest v3)\n



***********************************************************
HOST = LAPTOP-JUCO3OMC, Linux

Algorithm-1 (Tempest v3)


smarsa_MatrixRank test:
-----------------------------------------------
   N =  1,  n = 5000,  r = 26,    s = 4,    L = 1000,    k = 1000


-----------------------------------------------
Number of degrees of freedom          :    3
Chi-square statistic                  :    1.35
p-value of test                       :    0.72

-----------------------------------------------
CPU time used                    :  00:01:02.84

Generator state:
 Algorithm-1 (Tempest v3)\n



***********************************************************
HOST = LAPTOP-JUCO3OMC, Linux

Algorithm-1 (Tempest v3)


smarsa_MatrixRank test:
-----------------------------------------------
   N =  1,  n = 80,  r = 15,    s = 15,    L = 5000,    k = 5000


-----------------------------------------------
Number of degrees of freedom          :    2
Chi-square statistic                  :    1.04
p-value of test                       :    0.59

-----------------------------------------------
CPU time used                    :  00:00:36.43

Generator state:
 Algorithm-1 (Tempest v3)\n



***********************************************************
HOST = LAPTOP-JUCO3OMC, Linux

Algorithm-1 (Tempest v3)


smarsa_MatrixRank test:
-----------------------------------------------
   N =  1,  n = 80,  r =  0,    s = 30,    L = 5000,    k = 5000


-----------------------------------------------
Number of degrees of freedom          :    2
Chi-square statistic                  :    4.94
p-value of test                       :    0.08

-----------------------------------------------
CPU time used                    :  00:00:30.92

Generator state:
 Algorithm-1 (Tempest v3)\n



***********************************************************
HOST = LAPTOP-JUCO3OMC, Linux

Algorithm-1 (Tempest v3)


smarsa_Savir2 test:
-----------------------------------------------
   N = 10,  n = 10000000,  r = 10,    m = 1048576,    t = 30


-----------------------------------------------

Kolmogorov-Smirnov+ statistic = D+    :    0.25
p-value of test                       :    0.25

Kolmogorov-Smirnov- statistic = D-    :    0.27
p-value of test                       :    0.20

Anderson-Darling statistic = A2       :    0.93
p-value of test                       :    0.40

Test on the sum of all N observations
Number of degrees of freedom          :  130
Chi-square statistic                  :  130.95
p-value of test                       :    0.46

-----------------------------------------------
CPU time used                    :  00:00:58.62

Generator state:
 Algorithm-1 (Tempest v3)\n



***********************************************************
HOST = LAPTOP-JUCO3OMC, Linux

Algorithm-1 (Tempest v3)


smarsa_GCD test:
-----------------------------------------------
   N = 10,  n = 50000000,  r =  0,   s = 30


-----------------------------------------------
Test results for GCD values:

Kolmogorov-Smirnov+ statistic = D+    :    0.22
p-value of test                       :    0.34

Kolmogorov-Smirnov- statistic = D-    :    0.30
p-value of test                       :    0.14

Anderson-Darling statistic = A2       :    0.81
p-value of test                       :    0.47

Test on the sum of all N observations
Number of degrees of freedom          : 17430
Chi-square statistic                  :17507.99
p-value of test                       :    0.34



-----------------------------------------------
CPU time used                    :  00:00:38.39

Generator state:
 Algorithm-1 (Tempest v3)\n



***********************************************************
HOST = LAPTOP-JUCO3OMC, Linux

Algorithm-1 (Tempest v3)


swalk_RandomWalk1 test:
-----------------------------------------------
   N =  1,  n = 100000000,  r =  0,   s = 5,   L0 =   50,   L1 =   50



-----------------------------------------------
Test on the values of the Statistic H

Number of degrees of freedom          :   36
ChiSquare statistic                   :   39.69
p-value of test                       :    0.31


-----------------------------------------------
Test on the values of the Statistic M

Number of degrees of freedom          :   35
ChiSquare statistic                   :   38.76
p-value of test                       :    0.30


-----------------------------------------------
Test on the values of the Statistic J

Number of degrees of freedom          :   25
ChiSquare statistic                   :   23.80
p-value of test                       :    0.53


-----------------------------------------------
Test on the values of the Statistic R

Number of degrees of freedom          :   24
ChiSquare statistic                   :   19.87
p-value of test                       :    0.70


-----------------------------------------------
Test on the values of the Statistic C

Number of degrees of freedom          :   17
ChiSquare statistic                   :   21.76
p-value of test                       :    0.19


-----------------------------------------------
CPU time used                    :  00:00:31.17

Generator state:
 Algorithm-1 (Tempest v3)\n



***********************************************************
HOST = LAPTOP-JUCO3OMC, Linux

Algorithm-1 (Tempest v3)


swalk_RandomWalk1 test:
-----------------------------------------------
   N =  1,  n = 100000000,  r = 25,   s = 5,   L0 =   50,   L1 =   50



-----------------------------------------------
Test on the values of the Statistic H

Number of degrees of freedom          :   36
ChiSquare statistic                   :   30.38
p-value of test                       :    0.73


-----------------------------------------------
Test on the values of the Statistic M

Number of degrees of freedom          :   35
ChiSquare statistic                   :   39.63
p-value of test                       :    0.27


-----------------------------------------------
Test on the values of the Statistic J

Number of degrees of freedom          :   25
ChiSquare statistic                   :   27.12
p-value of test                       :    0.35


-----------------------------------------------
Test on the values of the Statistic R

Number of degrees of freedom          :   24
ChiSquare statistic                   :   24.02
p-value of test                       :    0.46


-----------------------------------------------
Test on the values of the Statistic C

Number of degrees of freedom          :   17
ChiSquare statistic                   :   32.54
p-value of test                       :    0.01


-----------------------------------------------
CPU time used                    :  00:00:31.71

Generator state:
 Algorithm-1 (Tempest v3)\n



***********************************************************
HOST = LAPTOP-JUCO3OMC, Linux

Algorithm-1 (Tempest v3)


swalk_RandomWalk1 test:
-----------------------------------------------
   N =  1,  n = 10000000,  r =  0,   s = 10,   L0 = 1000,   L1 = 1000



-----------------------------------------------
Test on the values of the Statistic H

Number of degrees of freedom          :  146
ChiSquare statistic                   :  155.99
p-value of test                       :    0.27


-----------------------------------------------
Test on the values of the Statistic M

Number of degrees of freedom          :  146
ChiSquare statistic                   :  155.67
p-value of test                       :    0.28


-----------------------------------------------
Test on the values of the Statistic J

Number of degrees of freedom          :  500
ChiSquare statistic                   :  476.69
p-value of test                       :    0.77


-----------------------------------------------
Test on the values of the Statistic R

Number of degrees of freedom          :  136
ChiSquare statistic                   :  159.16
p-value of test                       :    0.09


-----------------------------------------------
Test on the values of the Statistic C

Number of degrees of freedom          :   74
ChiSquare statistic                   :   65.87
p-value of test                       :    0.74


-----------------------------------------------
CPU time used                    :  00:00:32.97

Generator state:
 Algorithm-1 (Tempest v3)\n



***********************************************************
HOST = LAPTOP-JUCO3OMC, Linux

Algorithm-1 (Tempest v3)


swalk_RandomWalk1 test:
-----------------------------------------------
   N =  1,  n = 10000000,  r = 20,   s = 10,   L0 = 1000,   L1 = 1000



-----------------------------------------------
Test on the values of the Statistic H

Number of degrees of freedom          :  146
ChiSquare statistic                   :  141.76
p-value of test                       :    0.58


-----------------------------------------------
Test on the values of the Statistic M

Number of degrees of freedom          :  146
ChiSquare statistic                   :  152.89
p-value of test                       :    0.33


-----------------------------------------------
Test on the values of the Statistic J

Number of degrees of freedom          :  500
ChiSquare statistic                   :  499.37
p-value of test                       :    0.50


-----------------------------------------------
Test on the values of the Statistic R

Number of degrees of freedom          :  136
ChiSquare statistic                   :  142.22
p-value of test                       :    0.34


-----------------------------------------------
Test on the values of the Statistic C

Number of degrees of freedom          :   74
ChiSquare statistic                   :   83.19
p-value of test                       :    0.22


-----------------------------------------------
CPU time used                    :  00:00:33.34

Generator state:
 Algorithm-1 (Tempest v3)\n



***********************************************************
HOST = LAPTOP-JUCO3OMC, Linux

Algorithm-1 (Tempest v3)


swalk_RandomWalk1 test:
-----------------------------------------------
   N =  1,  n = 1000000,  r =  0,   s = 15,   L0 = 10000,   L1 = 10000



-----------------------------------------------
Test on the values of the Statistic H

Number of degrees of freedom          :  384
ChiSquare statistic                   :  365.56
p-value of test                       :    0.74


-----------------------------------------------
Test on the values of the Statistic M

Number of degrees of freedom          :  384
ChiSquare statistic                   :  360.06
p-value of test                       :    0.80


-----------------------------------------------
Test on the values of the Statistic J

Number of degrees of freedom          : 5000
ChiSquare statistic                   : 5059.85
p-value of test                       :    0.27


-----------------------------------------------
Test on the values of the Statistic R

Number of degrees of freedom          :  378
ChiSquare statistic                   :  324.90
p-value of test                       :    0.98


-----------------------------------------------
Test on the values of the Statistic C

Number of degrees of freedom          :  200
ChiSquare statistic                   :  226.21
p-value of test                       :    0.10


-----------------------------------------------
CPU time used                    :  00:00:24.93

Generator state:
 Algorithm-1 (Tempest v3)\n



***********************************************************
HOST = LAPTOP-JUCO3OMC, Linux

Algorithm-1 (Tempest v3)


swalk_RandomWalk1 test:
-----------------------------------------------
   N =  1,  n = 1000000,  r = 15,   s = 15,   L0 = 10000,   L1 = 10000



-----------------------------------------------
Test on the values of the Statistic H

Number of degrees of freedom          :  384
ChiSquare statistic                   :  361.58
p-value of test                       :    0.79


-----------------------------------------------
Test on the values of the Statistic M

Number of degrees of freedom          :  384
ChiSquare statistic                   :  363.67
p-value of test                       :    0.77


-----------------------------------------------
Test on the values of the Statistic J

Number of degrees of freedom          : 5000
ChiSquare statistic                   : 4959.18
p-value of test                       :    0.66


-----------------------------------------------
Test on the values of the Statistic R

Number of degrees of freedom          :  378
ChiSquare statistic                   :  396.10
p-value of test                       :    0.25


-----------------------------------------------
Test on the values of the Statistic C

Number of degrees of freedom          :  200
ChiSquare statistic                   :  200.80
p-value of test                       :    0.47


-----------------------------------------------
CPU time used                    :  00:00:25.35

Generator state:
 Algorithm-1 (Tempest v3)\n



***********************************************************
HOST = LAPTOP-JUCO3OMC, Linux

Algorithm-1 (Tempest v3)


scomp_LinearComp test:
-----------------------------------------------
   N =  1,  n = 400020,  r =  0,    s = 1



-----------------------------------------------
Number of degrees of freedom          :   12
Chi2 statistic for size of jumps      :    5.48
p-value of test                       :    0.94


-----------------------------------------------
Normal statistic for number of jumps  :    0.58
p-value of test                       :    0.28



-----------------------------------------------
CPU time used                    :  00:01:08.84

Generator state:
 Algorithm-1 (Tempest v3)\n



***********************************************************
HOST = LAPTOP-JUCO3OMC, Linux

Algorithm-1 (Tempest v3)


scomp_LinearComp test:
-----------------------------------------------
   N =  1,  n = 400020,  r = 29,    s = 1



-----------------------------------------------
Number of degrees of freedom          :   12
Chi2 statistic for size of jumps      :   16.27
p-value of test                       :    0.18


-----------------------------------------------
Normal statistic for number of jumps  :   -1.27
p-value of test                       :    0.90



-----------------------------------------------
CPU time used                    :  00:01:08.95

Generator state:
 Algorithm-1 (Tempest v3)\n



***********************************************************
HOST = LAPTOP-JUCO3OMC, Linux

Algorithm-1 (Tempest v3)


scomp_LempelZiv test:
-----------------------------------------------
   N = 10,  n = 134217728,  r =  0,   s =   30,   k =   27


-----------------------------------------------

Kolmogorov-Smirnov+ statistic = D+    :    0.19
p-value of test                       :    0.45

Kolmogorov-Smirnov- statistic = D-    :    0.15
p-value of test                       :    0.60

Anderson-Darling statistic = A2       :    0.46
p-value of test                       :    0.78

Tests on the sum of all N observations
Standardized normal statistic         :    0.23
p-value of test                       :    0.41

Sample variance                       :    1.31
p-value of test                       :    0.22

-----------------------------------------------
CPU time used                    :  00:00:38.87

Generator state:
 Algorithm-1 (Tempest v3)\n



***********************************************************
HOST = LAPTOP-JUCO3OMC, Linux

Algorithm-1 (Tempest v3)


scomp_LempelZiv test:
-----------------------------------------------
   N = 10,  n = 134217728,  r = 15,   s =   15,   k =   27


-----------------------------------------------

Kolmogorov-Smirnov+ statistic = D+    :    0.11
p-value of test                       :    0.74

Kolmogorov-Smirnov- statistic = D-    :    0.39
p-value of test                       :    0.03

Anderson-Darling statistic = A2       :    1.12
p-value of test                       :    0.30

Tests on the sum of all N observations
Standardized normal statistic         :    0.68
p-value of test                       :    0.25

Sample variance                       :    1.16
p-value of test                       :    0.32

-----------------------------------------------
CPU time used                    :  00:00:39.61

Generator state:
 Algorithm-1 (Tempest v3)\n



***********************************************************
HOST = LAPTOP-JUCO3OMC, Linux

Algorithm-1 (Tempest v3)


sspectral_Fourier3 test:
-----------------------------------------------
   N = 100000,  n = 16384,  r =  0,   s =    3,   k =   14


-----------------------------------------------

Kolmogorov-Smirnov+ statistic = D+    : 6.45e-3
p-value of test                       :    0.71

Kolmogorov-Smirnov- statistic = D-    :   0.011
p-value of test                       :    0.40

Anderson-Darling statistic = A2       :    0.31
p-value of test                       :    0.93

-----------------------------------------------
CPU time used                    :  00:00:30.92

Generator state:
 Algorithm-1 (Tempest v3)\n



***********************************************************
HOST = LAPTOP-JUCO3OMC, Linux

Algorithm-1 (Tempest v3)


sspectral_Fourier3 test:
-----------------------------------------------
   N = 100000,  n = 16384,  r = 27,   s =    3,   k =   14


-----------------------------------------------

Kolmogorov-Smirnov+ statistic = D+    :   0.015
p-value of test                       :    0.15

Kolmogorov-Smirnov- statistic = D-    : 2.11e-3
p-value of test                       :    0.96

Anderson-Darling statistic = A2       :    0.78
p-value of test                       :    0.49

-----------------------------------------------
CPU time used                    :  00:00:30.88

Generator state:
 Algorithm-1 (Tempest v3)\n



***********************************************************
HOST = LAPTOP-JUCO3OMC, Linux

Algorithm-1 (Tempest v3)


sstring_LongestHeadRun test:
-----------------------------------------------
   N =  1,  n = 1000,  r =  0,   s = 3,   L = 10000020


-----------------------------------------------
Number of degrees of freedom          :    8
Chi-square statistic                  :    6.23
p-value of test                       :    0.62

-----------------------------------------------
Global longest run of 1               :   31.00
p-value of test                       :    0.69



-----------------------------------------------
CPU time used                    :  00:01:30.56

Generator state:
 Algorithm-1 (Tempest v3)\n



***********************************************************
HOST = LAPTOP-JUCO3OMC, Linux

Algorithm-1 (Tempest v3)


sstring_LongestHeadRun test:
-----------------------------------------------
   N =  1,  n = 1000,  r = 27,   s = 3,   L = 10000020


-----------------------------------------------
Number of degrees of freedom          :    8
Chi-square statistic                  :    5.08
p-value of test                       :    0.75

-----------------------------------------------
Global longest run of 1               :   30.00
p-value of test                       :    0.90



-----------------------------------------------
CPU time used                    :  00:01:31.72

Generator state:
 Algorithm-1 (Tempest v3)\n



***********************************************************
HOST = LAPTOP-JUCO3OMC, Linux

Algorithm-1 (Tempest v3)


sstring_PeriodsInStrings test:
-----------------------------------------------
   N = 10,  n = 500000000,  r =  0,   s =   10


-----------------------------------------------

Kolmogorov-Smirnov+ statistic = D+    :    0.21
p-value of test                       :    0.38

Kolmogorov-Smirnov- statistic = D-    :    0.13
p-value of test                       :    0.66

Anderson-Darling statistic = A2       :    0.61
p-value of test                       :    0.63

Test on the sum of all N observations
Number of degrees of freedom          :  200
Chi-square statistic                  :  187.17
p-value of test                       :    0.73

-----------------------------------------------
CPU time used                    :  00:02:14.36

Generator state:
 Algorithm-1 (Tempest v3)\n



***********************************************************
HOST = LAPTOP-JUCO3OMC, Linux

Algorithm-1 (Tempest v3)


sstring_PeriodsInStrings test:
-----------------------------------------------
   N = 10,  n = 500000000,  r = 20,   s =   10


-----------------------------------------------

Kolmogorov-Smirnov+ statistic = D+    :    0.20
p-value of test                       :    0.38

Kolmogorov-Smirnov- statistic = D-    :    0.21
p-value of test                       :    0.37

Anderson-Darling statistic = A2       :    0.45
p-value of test                       :    0.79

Test on the sum of all N observations
Number of degrees of freedom          :  200
Chi-square statistic                  :  198.05
p-value of test                       :    0.53

-----------------------------------------------
CPU time used                    :  00:02:16.55

Generator state:
 Algorithm-1 (Tempest v3)\n



***********************************************************
HOST = LAPTOP-JUCO3OMC, Linux

Algorithm-1 (Tempest v3)


sstring_HammingWeight2 test:
-----------------------------------------------
   N = 10,  n = 1000000000,  r =  0,   s = 3,   L = 1000000


-----------------------------------------------

Kolmogorov-Smirnov+ statistic = D+    :    0.12
p-value of test                       :    0.71

Kolmogorov-Smirnov- statistic = D-    :    0.24
p-value of test                       :    0.28

Anderson-Darling statistic = A2       :    1.15
p-value of test                       :    0.28

Test on the sum of all N observations
Number of degrees of freedom          : 10000
Chi-square statistic                  :10174.45
p-value of test                       :    0.11

-----------------------------------------------
CPU time used                    :  00:01:13.28

Generator state:
 Algorithm-1 (Tempest v3)\n



***********************************************************
HOST = LAPTOP-JUCO3OMC, Linux

Algorithm-1 (Tempest v3)


sstring_HammingWeight2 test:
-----------------------------------------------
   N = 10,  n = 1000000000,  r = 27,   s = 3,   L = 1000000


-----------------------------------------------

Kolmogorov-Smirnov+ statistic = D+    :    0.17
p-value of test                       :    0.51

Kolmogorov-Smirnov- statistic = D-    :    0.24
p-value of test                       :    0.28

Anderson-Darling statistic = A2       :    0.74
p-value of test                       :    0.52

Test on the sum of all N observations
Number of degrees of freedom          : 10000
Chi-square statistic                  :10087.95
p-value of test                       :    0.27

-----------------------------------------------
CPU time used                    :  00:01:14.20

Generator state:
 Algorithm-1 (Tempest v3)\n



***********************************************************
HOST = LAPTOP-JUCO3OMC, Linux

Algorithm-1 (Tempest v3)


sstring_HammingCorr test:
-----------------------------------------------
   N =  1,  n = 1000000000,  r = 10,   s = 10,   L = 30



-----------------------------------------------
Normal statistic                      :   -0.29
p-value of test                       :    0.61

-----------------------------------------------
CPU time used                    :  00:01:16.35

Generator state:
 Algorithm-1 (Tempest v3)\n



***********************************************************
HOST = LAPTOP-JUCO3OMC, Linux

Algorithm-1 (Tempest v3)


sstring_HammingCorr test:
-----------------------------------------------
   N =  1,  n = 100000000,  r = 10,   s = 10,   L = 300



-----------------------------------------------
Normal statistic                      :  -0.086
p-value of test                       :    0.53

-----------------------------------------------
CPU time used                    :  00:01:15.82

Generator state:
 Algorithm-1 (Tempest v3)\n



***********************************************************
HOST = LAPTOP-JUCO3OMC, Linux

Algorithm-1 (Tempest v3)


sstring_HammingCorr test:
-----------------------------------------------
   N =  1,  n = 100000000,  r = 10,   s = 10,   L = 1200



-----------------------------------------------
Normal statistic                      :   -1.49
p-value of test                       :    0.93

-----------------------------------------------
CPU time used                    :  00:05:02.73

Generator state:
 Algorithm-1 (Tempest v3)\n



***********************************************************
HOST = LAPTOP-JUCO3OMC, Linux

Algorithm-1 (Tempest v3)


sstring_HammingIndep test:
-----------------------------------------------
   N = 10,  n = 30000000,  r =  0,   s = 3,   L = 30,   d = 0



Counters with expected numbers >= 10
-----------------------------------------------

Kolmogorov-Smirnov+ statistic = D+    :    0.36
p-value of test                       :    0.06

Kolmogorov-Smirnov- statistic = D-    :   0.064
p-value of test                       :    0.89

Anderson-Darling statistic = A2       :    1.79
p-value of test                       :    0.12

Test on the sum of all N observations
Number of degrees of freedom          : 4890
Chi-square statistic                  : 4722.99
p-value of test                       :    0.96

-----------------------------------------------
CPU time used                    :  00:02:14.61

Generator state:
 Algorithm-1 (Tempest v3)\n



***********************************************************
HOST = LAPTOP-JUCO3OMC, Linux

Algorithm-1 (Tempest v3)


sstring_HammingIndep test:
-----------------------------------------------
   N = 10,  n = 30000000,  r = 27,   s = 3,   L = 30,   d = 0



Counters with expected numbers >= 10
-----------------------------------------------

Kolmogorov-Smirnov+ statistic = D+    :    0.17
p-value of test                       :    0.50

Kolmogorov-Smirnov- statistic = D-    :    0.21
p-value of test                       :    0.37

Anderson-Darling statistic = A2       :    0.45
p-value of test                       :    0.79

Test on the sum of all N observations
Number of degrees of freedom          : 4890
Chi-square statistic                  : 4859.31
p-value of test                       :    0.62

-----------------------------------------------
CPU time used                    :  00:02:16.37

Generator state:
 Algorithm-1 (Tempest v3)\n



***********************************************************
HOST = LAPTOP-JUCO3OMC, Linux

Algorithm-1 (Tempest v3)


sstring_HammingIndep test:
-----------------------------------------------
   N =  1,  n = 30000000,  r =  0,   s = 4,   L = 300,   d = 0



Counters with expected numbers >= 10
-----------------------------------------------
Number of degrees of freedom          : 4117
Chi-square statistic                  : 4183.39
p-value of test                       :    0.23

-----------------------------------------------
CPU time used                    :  00:01:40.84

Generator state:
 Algorithm-1 (Tempest v3)\n



***********************************************************
HOST = LAPTOP-JUCO3OMC, Linux

Algorithm-1 (Tempest v3)


sstring_HammingIndep test:
-----------------------------------------------
   N =  1,  n = 30000000,  r = 26,   s = 4,   L = 300,   d = 0



Counters with expected numbers >= 10
-----------------------------------------------
Number of degrees of freedom          : 4117
Chi-square statistic                  : 4115.66
p-value of test                       :    0.50

-----------------------------------------------
CPU time used                    :  00:01:42.40

Generator state:
 Algorithm-1 (Tempest v3)\n



***********************************************************
HOST = LAPTOP-JUCO3OMC, Linux

Algorithm-1 (Tempest v3)


sstring_HammingIndep test:
-----------------------------------------------
   N =  1,  n = 10000000,  r =  0,   s = 5,   L = 1200,   d = 0



Counters with expected numbers >= 10
-----------------------------------------------
Number of degrees of freedom          : 11825
Chi-square statistic                  :11789.45
p-value of test                       :    0.59

-----------------------------------------------
CPU time used                    :  00:01:49.90

Generator state:
 Algorithm-1 (Tempest v3)\n



***********************************************************
HOST = LAPTOP-JUCO3OMC, Linux

Algorithm-1 (Tempest v3)


sstring_HammingIndep test:
-----------------------------------------------
   N =  1,  n = 10000000,  r = 25,   s = 5,   L = 1200,   d = 0



Counters with expected numbers >= 10
-----------------------------------------------
Number of degrees of freedom          : 11825
Chi-square statistic                  :11717.39
p-value of test                       :    0.76

-----------------------------------------------
CPU time used                    :  00:01:51.46

Generator state:
 Algorithm-1 (Tempest v3)\n



***********************************************************
HOST = LAPTOP-JUCO3OMC, Linux

Algorithm-1 (Tempest v3)


sstring_Run test:
-----------------------------------------------
   N =  1,  n = 2000000000,  r =  0,   s =    3


-----------------------------------------------
Total number of 1 runs:  2000000000

Number of degrees of freedom          :   54
Chi2 statistic for number of runs     :   60.71
p-value of test                       :    0.25


-----------------------------------------------
Total number of bits:  8000118858

Normal statistic for number of bits   :    0.94
p-value of test                       :    0.17



-----------------------------------------------
CPU time used                    :  00:01:11.07

Generator state:
 Algorithm-1 (Tempest v3)\n



***********************************************************
HOST = LAPTOP-JUCO3OMC, Linux

Algorithm-1 (Tempest v3)


sstring_Run test:
-----------------------------------------------
   N =  1,  n = 2000000000,  r = 27,   s =    3


-----------------------------------------------
Total number of 1 runs:  2000000000

Number of degrees of freedom          :   54
Chi2 statistic for number of runs     :   35.34
p-value of test                       :    0.98


-----------------------------------------------
Total number of bits:  7999967910

Normal statistic for number of bits   :   -0.25
p-value of test                       :    0.60



-----------------------------------------------
CPU time used                    :  00:01:12.27

Generator state:
 Algorithm-1 (Tempest v3)\n



***********************************************************
HOST = LAPTOP-JUCO3OMC, Linux

Algorithm-1 (Tempest v3)


sstring_AutoCor test:
-----------------------------------------------
   N = 10,  n = 1000000030,  r =  0,   s = 3,   d = 1


-----------------------------------------------

Kolmogorov-Smirnov+ statistic = D+    :    0.30
p-value of test                       :    0.14

Kolmogorov-Smirnov- statistic = D-    :    0.11
p-value of test                       :    0.75

Anderson-Darling statistic = A2       :    1.10
p-value of test                       :    0.31

Tests on the sum of all N observations
Standardized normal statistic         :   -1.01
p-value of test                       :    0.84

Sample variance                       :    0.42
p-value of test                       :    0.92

-----------------------------------------------
CPU time used                    :  00:01:31.17

Generator state:
 Algorithm-1 (Tempest v3)\n



***********************************************************
HOST = LAPTOP-JUCO3OMC, Linux

Algorithm-1 (Tempest v3)


sstring_AutoCor test:
-----------------------------------------------
   N = 10,  n = 1000000029,  r =  0,   s = 3,   d = 3


-----------------------------------------------

Kolmogorov-Smirnov+ statistic = D+    :    0.23
p-value of test                       :    0.29

Kolmogorov-Smirnov- statistic = D-    :    0.32
p-value of test                       :    0.10

Anderson-Darling statistic = A2       :    1.23
p-value of test                       :    0.26

Tests on the sum of all N observations
Standardized normal statistic         :    0.37
p-value of test                       :    0.35

Sample variance                       :    0.19
p-value of test                       :    0.9949

-----------------------------------------------
CPU time used                    :  00:01:21.09

Generator state:
 Algorithm-1 (Tempest v3)\n



***********************************************************
HOST = LAPTOP-JUCO3OMC, Linux

Algorithm-1 (Tempest v3)


sstring_AutoCor test:
-----------------------------------------------
   N = 10,  n = 1000000030,  r = 27,   s = 3,   d = 1


-----------------------------------------------

Kolmogorov-Smirnov+ statistic = D+    :    0.19
p-value of test                       :    0.44

Kolmogorov-Smirnov- statistic = D-    :    0.18
p-value of test                       :    0.45

Anderson-Darling statistic = A2       :    0.46
p-value of test                       :    0.79

Tests on the sum of all N observations
Standardized normal statistic         :   0.046
p-value of test                       :    0.48

Sample variance                       :    0.47
p-value of test                       :    0.89

-----------------------------------------------
CPU time used                    :  00:01:31.26

Generator state:
 Algorithm-1 (Tempest v3)\n



***********************************************************
HOST = LAPTOP-JUCO3OMC, Linux

Algorithm-1 (Tempest v3)


sstring_AutoCor test:
-----------------------------------------------
   N = 10,  n = 1000000029,  r = 27,   s = 3,   d = 3


-----------------------------------------------

Kolmogorov-Smirnov+ statistic = D+    :   0.067
p-value of test                       :    0.88

Kolmogorov-Smirnov- statistic = D-    :    0.24
p-value of test                       :    0.27

Anderson-Darling statistic = A2       :    0.61
p-value of test                       :    0.63

Tests on the sum of all N observations
Standardized normal statistic         :    0.77
p-value of test                       :    0.22

Sample variance                       :    0.95
p-value of test                       :    0.48

-----------------------------------------------
CPU time used                    :  00:01:21.59

Generator state:
 Algorithm-1 (Tempest v3)\n




========= Summary results of BigCrush =========

 Version:          TestU01 1.2.3
 Generator:        Algorithm-1 (Tempest v3)
 Number of statistics:  160
 Total CPU time:   03:15:41.15

 All tests were passed



