=== TestU01 Crush ===
xxxxxxxxxxxxxxxxxxxxxxxxxxxxxxxxxxxxxxxxxxxxxxxxxxxxxxxxxxx
                 Starting Crush
                 Version: TestU01 1.2.3
xxxxxxxxxxxxxxxxxxxxxxxxxxxxxxxxxxxxxxxxxxxxxxxxxxxxxxxxxxx


***********************************************************
Test smarsa_SerialOver calling smultin_MultinomialOver

***********************************************************
HOST = 

4-cmul Tempest v3


smultin_MultinomialOver test:
-----------------------------------------------
   N =  1,  n = 500000000,  r =  0,   d = 4096,   t =  2,
       Sparse =  FALSE

       GenerCell = smultin_GenerCellSerial
       Number of cells = d^t =           16777216
       Expected number per cell =   29.802322
       Hashing =  FALSE

   For Delta > -1, we use the ChiSquare approximation
   Correction factor of the ChiSquare: 
       Delta =     1,    Mu =     0.01677312,    Sigma =          1

-----------------------------------------------
Test Results for Delta =   1.0000

Number of degrees of freedom          : 16773120
Value of the statistic                : 1.68e+7
p-value of test                       :    0.69


-----------------------------------------------
CPU time used                    :  00:00:49.45

Generator state:
 4-cmul Tempest v3\n



***********************************************************
Test smarsa_SerialOver calling smultin_MultinomialOver

***********************************************************
HOST = 

4-cmul Tempest v3


smultin_MultinomialOver test:
-----------------------------------------------
   N =  1,  n = 300000000,  r =  0,   d =   64,   t =  4,
       Sparse =  FALSE

       GenerCell = smultin_GenerCellSerial
       Number of cells = d^t =           16777216
       Expected number per cell =   17.881393
       Hashing =  FALSE

   For Delta > -1, we use the ChiSquare approximation
   Correction factor of the ChiSquare: 
       Delta =     1,    Mu =    0.027525119,    Sigma =          1

-----------------------------------------------
Test Results for Delta =   1.0000

Number of degrees of freedom          : 16515072
Value of the statistic                : 1.65e+7
p-value of test                       :    0.91


-----------------------------------------------
CPU time used                    :  00:00:28.46

Generator state:
 4-cmul Tempest v3\n



***********************************************************
Test smarsa_CollisionOver calling smultin_MultinomialOver

***********************************************************
HOST = 

4-cmul Tempest v3


smultin_MultinomialOver test:
-----------------------------------------------
   N = 10,  n = 10000000,  r =  0,   d = 1048576,   t =  2,
       Sparse =   TRUE

       GenerCell = smultin_GenerCellSerial
       Number of cells = d^t =      1099511627776
       Expected number per cell =  1 /  109951.16
       EColl = n^2 / (2k) =  45.47473509
       Hashing =   TRUE

       Collision test

       CollisionOver:   density = n / k =  1 /  109951.16
       Expected number of collisions = Mu =      45.47


-----------------------------------------------
Results of CollisionOver test:

POISSON approximation                 :
Expected number of collisions = N*Mu  :      454.75
Observed number of collisions         :      462
p-value of test                       :    0.37

-----------------------------
Total number of cells containing j balls

  j =  0                              :   10995016278222
  j =  1                              :         99999076
  j =  2                              :              462
  j =  3                              :                0
  j =  4                              :                0
  j =  5                              :                0

-----------------------------------------------
CPU time used                    :  00:00:22.68

Generator state:
 4-cmul Tempest v3\n



***********************************************************
Test smarsa_CollisionOver calling smultin_MultinomialOver

***********************************************************
HOST = 

4-cmul Tempest v3


smultin_MultinomialOver test:
-----------------------------------------------
   N = 10,  n = 10000000,  r = 10,   d = 1048576,   t =  2,
       Sparse =   TRUE

       GenerCell = smultin_GenerCellSerial
       Number of cells = d^t =      1099511627776
       Expected number per cell =  1 /  109951.16
       EColl = n^2 / (2k) =  45.47473509
       Hashing =   TRUE

       Collision test

       CollisionOver:   density = n / k =  1 /  109951.16
       Expected number of collisions = Mu =      45.47


-----------------------------------------------
Results of CollisionOver test:

POISSON approximation                 :
Expected number of collisions = N*Mu  :      454.75
Observed number of collisions         :      474
p-value of test                       :    0.19

-----------------------------
Total number of cells containing j balls

  j =  0                              :   10995016278234
  j =  1                              :         99999052
  j =  2                              :              474
  j =  3                              :                0
  j =  4                              :                0
  j =  5                              :                0

-----------------------------------------------
CPU time used                    :  00:00:22.76

Generator state:
 4-cmul Tempest v3\n



***********************************************************
Test smarsa_CollisionOver calling smultin_MultinomialOver

***********************************************************
HOST = 

4-cmul Tempest v3


smultin_MultinomialOver test:
-----------------------------------------------
   N = 10,  n = 10000000,  r =  0,   d = 1024,   t =  4,
       Sparse =   TRUE

       GenerCell = smultin_GenerCellSerial
       Number of cells = d^t =      1099511627776
       Expected number per cell =  1 /  109951.16
       EColl = n^2 / (2k) =  45.47473509
       Hashing =   TRUE

       Collision test

       CollisionOver:   density = n / k =  1 /  109951.16
       Expected number of collisions = Mu =      45.47


-----------------------------------------------
Results of CollisionOver test:

POISSON approximation                 :
Expected number of collisions = N*Mu  :      454.75
Observed number of collisions         :      479
p-value of test                       :    0.13

-----------------------------
Total number of cells containing j balls

  j =  0                              :   10995016278239
  j =  1                              :         99999042
  j =  2                              :              479
  j =  3                              :                0
  j =  4                              :                0
  j =  5                              :                0

-----------------------------------------------
CPU time used                    :  00:00:28.62

Generator state:
 4-cmul Tempest v3\n



***********************************************************
Test smarsa_CollisionOver calling smultin_MultinomialOver

***********************************************************
HOST = 

4-cmul Tempest v3


smultin_MultinomialOver test:
-----------------------------------------------
   N = 10,  n = 10000000,  r = 20,   d = 1024,   t =  4,
       Sparse =   TRUE

       GenerCell = smultin_GenerCellSerial
       Number of cells = d^t =      1099511627776
       Expected number per cell =  1 /  109951.16
       EColl = n^2 / (2k) =  45.47473509
       Hashing =   TRUE

       Collision test

       CollisionOver:   density = n / k =  1 /  109951.16
       Expected number of collisions = Mu =      45.47


-----------------------------------------------
Results of CollisionOver test:

POISSON approximation                 :
Expected number of collisions = N*Mu  :      454.75
Observed number of collisions         :      453
p-value of test                       :    0.52

-----------------------------
Total number of cells containing j balls

  j =  0                              :   10995016278213
  j =  1                              :         99999094
  j =  2                              :              453
  j =  3                              :                0
  j =  4                              :                0
  j =  5                              :                0

-----------------------------------------------
CPU time used                    :  00:00:29.06

Generator state:
 4-cmul Tempest v3\n



***********************************************************
Test smarsa_CollisionOver calling smultin_MultinomialOver

***********************************************************
HOST = 

4-cmul Tempest v3


smultin_MultinomialOver test:
-----------------------------------------------
   N = 10,  n = 10000000,  r =  0,   d =   32,   t =  8,
       Sparse =   TRUE

       GenerCell = smultin_GenerCellSerial
       Number of cells = d^t =      1099511627776
       Expected number per cell =  1 /  109951.16
       EColl = n^2 / (2k) =  45.47473509
       Hashing =   TRUE

       Collision test

       CollisionOver:   density = n / k =  1 /  109951.16
       Expected number of collisions = Mu =      45.47


-----------------------------------------------
Results of CollisionOver test:

POISSON approximation                 :
Expected number of collisions = N*Mu  :      454.75
Observed number of collisions         :      471
p-value of test                       :    0.23

-----------------------------
Total number of cells containing j balls

  j =  0                              :   10995016278231
  j =  1                              :         99999058
  j =  2                              :              471
  j =  3                              :                0
  j =  4                              :                0
  j =  5                              :                0

-----------------------------------------------
CPU time used                    :  00:00:29.17

Generator state:
 4-cmul Tempest v3\n



***********************************************************
Test smarsa_CollisionOver calling smultin_MultinomialOver

***********************************************************
HOST = 

4-cmul Tempest v3


smultin_MultinomialOver test:
-----------------------------------------------
   N = 10,  n = 10000000,  r = 25,   d =   32,   t =  8,
       Sparse =   TRUE

       GenerCell = smultin_GenerCellSerial
       Number of cells = d^t =      1099511627776
       Expected number per cell =  1 /  109951.16
       EColl = n^2 / (2k) =  45.47473509
       Hashing =   TRUE

       Collision test

       CollisionOver:   density = n / k =  1 /  109951.16
       Expected number of collisions = Mu =      45.47


-----------------------------------------------
Results of CollisionOver test:

POISSON approximation                 :
Expected number of collisions = N*Mu  :      454.75
Observed number of collisions         :      462
p-value of test                       :    0.37

-----------------------------
Total number of cells containing j balls

  j =  0                              :   10995016278222
  j =  1                              :         99999076
  j =  2                              :              462
  j =  3                              :                0
  j =  4                              :                0
  j =  5                              :                0

-----------------------------------------------
CPU time used                    :  00:00:29.40

Generator state:
 4-cmul Tempest v3\n



***********************************************************
Test smarsa_CollisionOver calling smultin_MultinomialOver

***********************************************************
HOST = 

4-cmul Tempest v3


smultin_MultinomialOver test:
-----------------------------------------------
   N = 10,  n = 10000000,  r =  0,   d =    4,   t = 20,
       Sparse =   TRUE

       GenerCell = smultin_GenerCellSerial
       Number of cells = d^t =      1099511627776
       Expected number per cell =  1 /  109951.16
       EColl = n^2 / (2k) =  45.47473509
       Hashing =   TRUE

       Collision test

       CollisionOver:   density = n / k =  1 /  109951.16
       Expected number of collisions = Mu =      45.47


-----------------------------------------------
Results of CollisionOver test:

POISSON approximation                 :
Expected number of collisions = N*Mu  :      454.74
Observed number of collisions         :      452
p-value of test                       :    0.54

-----------------------------
Total number of cells containing j balls

  j =  0                              :   10995016278212
  j =  1                              :         99999096
  j =  2                              :              452
  j =  3                              :                0
  j =  4                              :                0
  j =  5                              :                0

-----------------------------------------------
CPU time used                    :  00:00:26.40

Generator state:
 4-cmul Tempest v3\n



***********************************************************
Test smarsa_CollisionOver calling smultin_MultinomialOver

***********************************************************
HOST = 

4-cmul Tempest v3


smultin_MultinomialOver test:
-----------------------------------------------
   N = 10,  n = 10000000,  r = 28,   d =    4,   t = 20,
       Sparse =   TRUE

       GenerCell = smultin_GenerCellSerial
       Number of cells = d^t =      1099511627776
       Expected number per cell =  1 /  109951.16
       EColl = n^2 / (2k) =  45.47473509
       Hashing =   TRUE

       Collision test

       CollisionOver:   density = n / k =  1 /  109951.16
       Expected number of collisions = Mu =      45.47


-----------------------------------------------
Results of CollisionOver test:

POISSON approximation                 :
Expected number of collisions = N*Mu  :      454.74
Observed number of collisions         :      438
p-value of test                       :    0.78

-----------------------------
Total number of cells containing j balls

  j =  0                              :   10995016278198
  j =  1                              :         99999124
  j =  2                              :              438
  j =  3                              :                0
  j =  4                              :                0
  j =  5                              :                0

-----------------------------------------------
CPU time used                    :  00:00:27.39

Generator state:
 4-cmul Tempest v3\n



***********************************************************
HOST = 

4-cmul Tempest v3


smarsa_BirthdaySpacings test:
-----------------------------------------------
   N = 10,  n = 10000000,  r =  0,    d = 1073741824,    t = 2,    p = 1


      Number of cells = d^t = 1152921504606846976
      Lambda = Poisson mean =     216.8404


----------------------------------------------------
Total expected number = N*Lambda      :    2168.40
Total observed number                 :    2147
p-value of test                       :    0.67


-----------------------------------------------
CPU time used                    :  00:00:16.28

Generator state:
 4-cmul Tempest v3\n



***********************************************************
HOST = 

4-cmul Tempest v3


smarsa_BirthdaySpacings test:
-----------------------------------------------
   N =  5,  n = 20000000,  r =  0,    d = 2097152,    t = 3,    p = 1


      Number of cells = d^t = 9223372036854775808
      Lambda = Poisson mean =     216.8404


----------------------------------------------------
Total expected number = N*Lambda      :    1084.20
Total observed number                 :    1063
p-value of test                       :    0.73


-----------------------------------------------
CPU time used                    :  00:00:17.87

Generator state:
 4-cmul Tempest v3\n



***********************************************************
HOST = 

4-cmul Tempest v3


smarsa_BirthdaySpacings test:
-----------------------------------------------
   N =  5,  n = 20000000,  r =  0,    d = 65536,    t = 4,    p = 1


      Number of cells = d^t = 18446744073709551616
      Lambda = Poisson mean =     108.4202


----------------------------------------------------
Total expected number = N*Lambda      :     542.10
Total observed number                 :     572
p-value of test                       :    0.10


-----------------------------------------------
CPU time used                    :  00:00:20.03

Generator state:
 4-cmul Tempest v3\n



***********************************************************
HOST = 

4-cmul Tempest v3


smarsa_BirthdaySpacings test:
-----------------------------------------------
   N =  3,  n = 20000000,  r =  0,    d = 512,    t = 7,    p = 1


      Number of cells = d^t = 9223372036854775808
      Lambda = Poisson mean =     216.8404


----------------------------------------------------
Total expected number = N*Lambda      :     650.52
Total observed number                 :     654
p-value of test                       :    0.45


-----------------------------------------------
CPU time used                    :  00:00:13.50

Generator state:
 4-cmul Tempest v3\n



***********************************************************
HOST = 

4-cmul Tempest v3


smarsa_BirthdaySpacings test:
-----------------------------------------------
   N =  3,  n = 20000000,  r =  7,    d = 512,    t = 7,    p = 1


      Number of cells = d^t = 9223372036854775808
      Lambda = Poisson mean =     216.8404


----------------------------------------------------
Total expected number = N*Lambda      :     650.52
Total observed number                 :     627
p-value of test                       :    0.82


-----------------------------------------------
CPU time used                    :  00:00:14.12

Generator state:
 4-cmul Tempest v3\n



***********************************************************
HOST = 

4-cmul Tempest v3


smarsa_BirthdaySpacings test:
-----------------------------------------------
   N =  3,  n = 20000000,  r = 14,    d = 256,    t = 8,    p = 1


      Number of cells = d^t = 18446744073709551616
      Lambda = Poisson mean =     108.4202


----------------------------------------------------
Total expected number = N*Lambda      :     325.26
Total observed number                 :     309
p-value of test                       :    0.81


-----------------------------------------------
CPU time used                    :  00:00:14.96

Generator state:
 4-cmul Tempest v3\n



***********************************************************
HOST = 

4-cmul Tempest v3


smarsa_BirthdaySpacings test:
-----------------------------------------------
   N =  3,  n = 20000000,  r = 22,    d = 256,    t = 8,    p = 1


      Number of cells = d^t = 18446744073709551616
      Lambda = Poisson mean =     108.4202


----------------------------------------------------
Total expected number = N*Lambda      :     325.26
Total observed number                 :     298
p-value of test                       :    0.93


-----------------------------------------------
CPU time used                    :  00:00:15.42

Generator state:
 4-cmul Tempest v3\n



***********************************************************
HOST = 

4-cmul Tempest v3


snpair_ClosePairs test:
-----------------------------------------------
   N = 10,  n = 2000000,  r =  0,  t = 2,  p = 0,  m = 30,  Torus =  TRUE


---------------------------------------
Test based on the 2 nearest points (NP):

Stat. AD on the N values (NP)         :    2.56
p-value of test                       :    0.05


A2 test based on the spacings between the
   successive jump times of process Y_n(t):

A2 test on the values of A2 (m-NP)    :    0.61
p-value of test                       :    0.64

Test on the Nm values of W_{n,i}(mNP1):    0.78
p-value of test                       :    0.49

Test on the jump times of Y
   (superposition of Yn):

Expected number of jumps of Y = mN    :     300
Number of jumps of Y                  :     309
p-value of test                       :    0.31

Stat. AD (mNP2)                       :    0.28
p-value of test                       :    0.95

-----------------------------------------------
CPU time used                    :  00:00:05.68

Generator state:
 4-cmul Tempest v3\n



***********************************************************
HOST = 

4-cmul Tempest v3


snpair_ClosePairs test:
-----------------------------------------------
   N = 10,  n = 2000000,  r =  0,  t = 3,  p = 0,  m = 30,  Torus =  TRUE


---------------------------------------
Test based on the 2 nearest points (NP):

Stat. AD on the N values (NP)         :    0.64
p-value of test                       :    0.61


A2 test based on the spacings between the
   successive jump times of process Y_n(t):

A2 test on the values of A2 (m-NP)    :    0.35
p-value of test                       :    0.89

Test on the Nm values of W_{n,i}(mNP1):    2.28
p-value of test                       :    0.07

Test on the jump times of Y
   (superposition of Yn):

Expected number of jumps of Y = mN    :     300
Number of jumps of Y                  :     298
p-value of test                       :    0.53

Stat. AD (mNP2)                       :    1.19
p-value of test                       :    0.27

Stat. AD after spacings (mNP2-S)      :    1.07
p-value of test                       :    0.32

-----------------------------------------------
CPU time used                    :  00:00:07.60

Generator state:
 4-cmul Tempest v3\n



***********************************************************
HOST = 

4-cmul Tempest v3


snpair_ClosePairs test:
-----------------------------------------------
   N =  5,  n = 2000000,  r =  0,  t = 7,  p = 0,  m = 30,  Torus =  TRUE


---------------------------------------
Test based on the 2 nearest points (NP):

Stat. AD on the N values (NP)         :    4.02
p-value of test                       :  9.3e-3


A2 test based on the spacings between the
   successive jump times of process Y_n(t):

A2 test on the values of A2 (m-NP)    :    1.13
p-value of test                       :    0.29

Test on the Nm values of W_{n,i}(mNP1):    1.36
p-value of test                       :    0.21

Test on the jump times of Y
   (superposition of Yn):

Expected number of jumps of Y = mN    :     150
Number of jumps of Y                  :     168
p-value of test                       :    0.08

Stat. AD (mNP2)                       :    0.53
p-value of test                       :    0.72

Stat. AD after spacings (mNP2-S)      :    1.07
p-value of test                       :    0.32

-----------------------------------------------
CPU time used                    :  00:00:13.04

Generator state:
 4-cmul Tempest v3\n



***********************************************************
HOST = 

4-cmul Tempest v3


snpair_ClosePairsBitMatch test:
-----------------------------------------------
   N =  4,  n = 4000000,  r =  0,  t = 2


-----------------------------------------------
Max of all bit distances              :   24.00
p-value of test                       :    0.03

-----------------------------------------------
CPU time used                    :  00:00:05.25

Generator state:
 4-cmul Tempest v3\n



***********************************************************
HOST = 

4-cmul Tempest v3


snpair_ClosePairsBitMatch test:
-----------------------------------------------
   N =  2,  n = 4000000,  r =  0,  t = 4


-----------------------------------------------
Max of all bit distances              :   12.00
p-value of test                       :  3.6e-3

-----------------------------------------------
CPU time used                    :  00:00:04.45

Generator state:
 4-cmul Tempest v3\n



***********************************************************
HOST = 

4-cmul Tempest v3


sknuth_SimpPoker test:
-----------------------------------------------
   N =  1,  n = 40000000,  r =  0,   d =   16,   k =   16


-----------------------------------------------
Number of degrees of freedom          :   12
Chi-square statistic                  :   16.96
p-value of test                       :    0.15

-----------------------------------------------
CPU time used                    :  00:00:11.39

Generator state:
 4-cmul Tempest v3\n



***********************************************************
HOST = 

4-cmul Tempest v3


sknuth_SimpPoker test:
-----------------------------------------------
   N =  1,  n = 40000000,  r = 26,   d =   16,   k =   16


-----------------------------------------------
Number of degrees of freedom          :   12
Chi-square statistic                  :    5.05
p-value of test                       :    0.96

-----------------------------------------------
CPU time used                    :  00:00:12.68

Generator state:
 4-cmul Tempest v3\n



***********************************************************
HOST = 

4-cmul Tempest v3


sknuth_SimpPoker test:
-----------------------------------------------
   N =  1,  n = 10000000,  r =  0,   d =   64,   k =   64


-----------------------------------------------
Number of degrees of freedom          :   23
Chi-square statistic                  :   25.47
p-value of test                       :    0.33

-----------------------------------------------
CPU time used                    :  00:00:11.50

Generator state:
 4-cmul Tempest v3\n



***********************************************************
HOST = 

4-cmul Tempest v3


sknuth_SimpPoker test:
-----------------------------------------------
   N =  1,  n = 10000000,  r = 24,   d =   64,   k =   64


-----------------------------------------------
Number of degrees of freedom          :   23
Chi-square statistic                  :   23.87
p-value of test                       :    0.41

-----------------------------------------------
CPU time used                    :  00:00:12.46

Generator state:
 4-cmul Tempest v3\n



***********************************************************
HOST = 

4-cmul Tempest v3


sknuth_CouponCollector test:
-----------------------------------------------
   N =  1,  n = 40000000,  r =  0,   d =    4


-----------------------------------------------
Number of degrees of freedom          :   51
Chi-square statistic                  :   48.75
p-value of test                       :    0.56

-----------------------------------------------
CPU time used                    :  00:00:05.79

Generator state:
 4-cmul Tempest v3\n



***********************************************************
HOST = 

4-cmul Tempest v3


sknuth_CouponCollector test:
-----------------------------------------------
   N =  1,  n = 40000000,  r = 28,   d =    4


-----------------------------------------------
Number of degrees of freedom          :   51
Chi-square statistic                  :   64.33
p-value of test                       :    0.10

-----------------------------------------------
CPU time used                    :  00:00:06.26

Generator state:
 4-cmul Tempest v3\n



***********************************************************
HOST = 

4-cmul Tempest v3


sknuth_CouponCollector test:
-----------------------------------------------
   N =  1,  n = 10000000,  r =  0,   d =   16


-----------------------------------------------
Number of degrees of freedom          :   46
Chi-square statistic                  :   46.70
p-value of test                       :    0.44

-----------------------------------------------
CPU time used                    :  00:00:08.20

Generator state:
 4-cmul Tempest v3\n



***********************************************************
HOST = 

4-cmul Tempest v3


sknuth_CouponCollector test:
-----------------------------------------------
   N =  1,  n = 10000000,  r = 26,   d =   16


-----------------------------------------------
Number of degrees of freedom          :   46
Chi-square statistic                  :   62.61
p-value of test                       :    0.05

-----------------------------------------------
CPU time used                    :  00:00:08.43

Generator state:
 4-cmul Tempest v3\n



***********************************************************
HOST = 

4-cmul Tempest v3


sknuth_Gap test:
-----------------------------------------------
   N =  1,  n = 100000000,  r =  0,   Alpha =        0,   Beta  =    0.125


-----------------------------------------------
Number of degrees of freedom          :  106
Chi-square statistic                  :  127.14
p-value of test                       :    0.08

-----------------------------------------------
CPU time used                    :  00:00:11.09

Generator state:
 4-cmul Tempest v3\n



***********************************************************
HOST = 

4-cmul Tempest v3


sknuth_Gap test:
-----------------------------------------------
   N =  1,  n = 100000000,  r = 27,   Alpha =        0,   Beta  =    0.125


-----------------------------------------------
Number of degrees of freedom          :  106
Chi-square statistic                  :  134.24
p-value of test                       :    0.03

-----------------------------------------------
CPU time used                    :  00:00:11.76

Generator state:
 4-cmul Tempest v3\n



***********************************************************
HOST = 

4-cmul Tempest v3


sknuth_Gap test:
-----------------------------------------------
   N =  1,  n = 5000000,  r =  0,   Alpha =        0,   Beta  = 0.00390625


-----------------------------------------------
Number of degrees of freedom          : 1936
Chi-square statistic                  : 2034.97
p-value of test                       :    0.06

-----------------------------------------------
CPU time used                    :  00:00:14.50

Generator state:
 4-cmul Tempest v3\n



***********************************************************
HOST = 

4-cmul Tempest v3


sknuth_Gap test:
-----------------------------------------------
   N =  1,  n = 5000000,  r = 22,   Alpha =        0,   Beta  = 0.00390625


-----------------------------------------------
Number of degrees of freedom          : 1936
Chi-square statistic                  : 1957.43
p-value of test                       :    0.36

-----------------------------------------------
CPU time used                    :  00:00:16.32

Generator state:
 4-cmul Tempest v3\n



***********************************************************
HOST = 

4-cmul Tempest v3


sknuth_Run test:
-----------------------------------------------
   N =  1,  n = 500000000,  r =  0,   Up =  TRUE


-----------------------------------------------
Number of degrees of freedom          :    6
Chi-square statistic                  :    6.84
p-value of test                       :    0.34

-----------------------------------------------
CPU time used                    :  00:00:07.04

Generator state:
 4-cmul Tempest v3\n



***********************************************************
HOST = 

4-cmul Tempest v3


sknuth_Run test:
-----------------------------------------------
   N =  1,  n = 500000000,  r = 15,   Up = FALSE


-----------------------------------------------
Number of degrees of freedom          :    6
Chi-square statistic                  :    3.34
p-value of test                       :    0.77

-----------------------------------------------
CPU time used                    :  00:00:08.71

Generator state:
 4-cmul Tempest v3\n



***********************************************************
Test sknuth_Permutation calling smultin_Multinomial

***********************************************************
HOST = 

4-cmul Tempest v3


smultin_Multinomial test:
-----------------------------------------------
   N =  1,  n = 50000000,  r =  0,   t = 10,
       Sparse =  FALSE

       GenerCell = smultin_GenerCellPermut
       Number of cells = t! =            3628800
       Expected number per cell =    13.77866
       Hashing =  FALSE

   For Delta > -1, we use the ChiSquare approximation
   Correction factor of the ChiSquare: 
       Delta =     1,    Mu =     0.03628799,    Sigma =          1

-----------------------------------------------
Test Results for Delta =   1.0000

Number of degrees of freedom          : 3628799
Value of the statistic                : 3.63e+6
p-value of test                       :    0.76


-----------------------------------------------
CPU time used                    :  00:00:14.73

Generator state:
 4-cmul Tempest v3\n



***********************************************************
Test sknuth_Permutation calling smultin_Multinomial

***********************************************************
HOST = 

4-cmul Tempest v3


smultin_Multinomial test:
-----------------------------------------------
   N =  1,  n = 50000000,  r = 15,   t = 10,
       Sparse =  FALSE

       GenerCell = smultin_GenerCellPermut
       Number of cells = t! =            3628800
       Expected number per cell =    13.77866
       Hashing =  FALSE

   For Delta > -1, we use the ChiSquare approximation
   Correction factor of the ChiSquare: 
       Delta =     1,    Mu =     0.03628799,    Sigma =          1

-----------------------------------------------
Test Results for Delta =   1.0000

Number of degrees of freedom          : 3628799
Value of the statistic                : 3.63e+6
p-value of test                       :    0.82


-----------------------------------------------
CPU time used                    :  00:00:15.34

Generator state:
 4-cmul Tempest v3\n



***********************************************************
Test sknuth_CollisionPermut calling smultin_Multinomial

***********************************************************
HOST = 

4-cmul Tempest v3


smultin_Multinomial test:
-----------------------------------------------
   N =  5,  n = 10000000,  r =  0,   t = 13,
       Sparse =   TRUE

       GenerCell = smultin_GenerCellPermut
       Number of cells = t! =         6227020800
       Expected number per cell =  1 /  622.70208
       EColl = n^2 / (2k) =  8029.521918
       Hashing =   TRUE

       Collision test,    Mu =      8025.2245,    Sigma =    89.5098

-----------------------------------------------
Test Results for Collisions

For the total number of collisions, we use
      the Poisson approximation:
Expected number of collisions = N*Mu  :    40126.12
Observed number of collisions         :    40370
p-value of test                       :    0.11


-----------------------------
Total number of cells containing j balls

  j =  0                              :      31085144370
  j =  1                              :         49919291
  j =  2                              :            40308
  j =  3                              :               31
  j =  4                              :                0
  j =  5                              :                0

-----------------------------------------------
CPU time used                    :  00:00:27.90

Generator state:
 4-cmul Tempest v3\n



***********************************************************
Test sknuth_CollisionPermut calling smultin_Multinomial

***********************************************************
HOST = 

4-cmul Tempest v3


smultin_Multinomial test:
-----------------------------------------------
   N =  5,  n = 10000000,  r = 15,   t = 13,
       Sparse =   TRUE

       GenerCell = smultin_GenerCellPermut
       Number of cells = t! =         6227020800
       Expected number per cell =  1 /  622.70208
       EColl = n^2 / (2k) =  8029.521918
       Hashing =   TRUE

       Collision test,    Mu =      8025.2245,    Sigma =    89.5098

-----------------------------------------------
Test Results for Collisions

For the total number of collisions, we use
      the Poisson approximation:
Expected number of collisions = N*Mu  :    40126.12
Observed number of collisions         :    40036
p-value of test                       :    0.67


-----------------------------
Total number of cells containing j balls

  j =  0                              :      31085144036
  j =  1                              :         49919949
  j =  2                              :            39994
  j =  3                              :               21
  j =  4                              :                0
  j =  5                              :                0

-----------------------------------------------
CPU time used                    :  00:00:28.93

Generator state:
 4-cmul Tempest v3\n



***********************************************************
HOST = 

4-cmul Tempest v3


sknuth_MaxOft test:
-----------------------------------------------
   N = 10,  n = 10000000,  r =  0,   d = 100000,   t =  5

      Number of categories = 100000
      Expected number per category  = 100.00


-----------------------------------------------
Test results for chi2 with 99999 degrees of freedom:

Kolmogorov-Smirnov+ statistic = D+    :   0.088
p-value of test                       :    0.81

Kolmogorov-Smirnov- statistic = D-    :    0.21
p-value of test                       :    0.36

Anderson-Darling statistic = A2       :    0.34
p-value of test                       :    0.90

Test on the sum of all N observations
Number of degrees of freedom          : 999990
Chi-square statistic                  : 1.00e+6
p-value of test                       :    0.49


-----------------------------------------------
Test results for Anderson-Darling:

Kolmogorov-Smirnov+ statistic = D+    :    0.23
p-value of test                       :    0.31

Kolmogorov-Smirnov- statistic = D-    :    0.10
p-value of test                       :    0.75

Anderson-Darling statistic = A2       :    0.38
p-value of test                       :    0.86


-----------------------------------------------
CPU time used                    :  00:00:24.34

Generator state:
 4-cmul Tempest v3\n



***********************************************************
HOST = 

4-cmul Tempest v3


sknuth_MaxOft test:
-----------------------------------------------
   N =  5,  n = 10000000,  r =  0,   d = 100000,   t = 10

      Number of categories = 100000
      Expected number per category  = 100.00


-----------------------------------------------
Test results for chi2 with 99999 degrees of freedom:

Kolmogorov-Smirnov+ statistic = D+    :   0.014
p-value of test                       :    0.98

Kolmogorov-Smirnov- statistic = D-    :    0.72
p-value of test                       :  1.9e-3

Anderson-Darling statistic = A2       :    5.97
p-value of test                       :  1.2e-3

Test on the sum of all N observations
Number of degrees of freedom          : 499995
Chi-square statistic                  : 5.03e+5
p-value of test                       :  7.2e-4    *****


-----------------------------------------------
Test results for Anderson-Darling:

Kolmogorov-Smirnov+ statistic = D+    :    0.51
p-value of test                       :    0.05

Kolmogorov-Smirnov- statistic = D-    :   0.063
p-value of test                       :    0.92

Anderson-Darling statistic = A2       :    1.44
p-value of test                       :    0.19


-----------------------------------------------
CPU time used                    :  00:00:15.03

Generator state:
 4-cmul Tempest v3\n



***********************************************************
HOST = 

4-cmul Tempest v3


sknuth_MaxOft test:
-----------------------------------------------
   N =  1,  n = 10000000,  r =  0,   d = 100000,   t = 20

      Number of categories = 100000
      Expected number per category  = 100.00


-----------------------------------------------
Number of degrees of freedom          : 99999
Chi-square statistic                  :99992.52
p-value of test                       :    0.51


-----------------------------------------------
Anderson-Darling statistic            :    0.60
p-value of test                       :    0.40


-----------------------------------------------
CPU time used                    :  00:00:04.51

Generator state:
 4-cmul Tempest v3\n



***********************************************************
HOST = 

4-cmul Tempest v3


sknuth_MaxOft test:
-----------------------------------------------
   N =  1,  n = 10000000,  r =  0,   d = 100000,   t = 30

      Number of categories = 100000
      Expected number per category  = 100.00


-----------------------------------------------
Number of degrees of freedom          : 99999
Chi-square statistic                  :99772.64
p-value of test                       :    0.69


-----------------------------------------------
Anderson-Darling statistic            :    0.31
p-value of test                       :    0.69


-----------------------------------------------
CPU time used                    :  00:00:05.34

Generator state:
 4-cmul Tempest v3\n



***********************************************************
HOST = 

4-cmul Tempest v3


svaria_SampleProd test:
-----------------------------------------------
   N =  1,  n = 10000000,  r =  0,   t = 10


-----------------------------------------------
Anderson-Darling statistic            :    0.30
p-value of test                       :    0.70

-----------------------------------------------
CPU time used                    :  00:00:03.28

Generator state:
 4-cmul Tempest v3\n



***********************************************************
HOST = 

4-cmul Tempest v3


svaria_SampleProd test:
-----------------------------------------------
   N =  1,  n = 10000000,  r =  0,   t = 30


-----------------------------------------------
Anderson-Darling statistic            :    0.45
p-value of test                       :    0.55

-----------------------------------------------
CPU time used                    :  00:00:06.07

Generator state:
 4-cmul Tempest v3\n



***********************************************************
HOST = 

4-cmul Tempest v3


svaria_SampleMean test:
-----------------------------------------------
   N = 10000000,  n = 20,  r =  0


-----------------------------------------------

Kolmogorov-Smirnov+ statistic = D+    : 1.31e-4
p-value of test                       :    0.71

Kolmogorov-Smirnov- statistic = D-    : 2.03e-4
p-value of test                       :    0.44

Anderson-Darling statistic = A2       :    0.34
p-value of test                       :    0.90

-----------------------------------------------
CPU time used                    :  00:00:05.28

Generator state:
 4-cmul Tempest v3\n



***********************************************************
HOST = 

4-cmul Tempest v3


svaria_SampleCorr test:
-----------------------------------------------
   N =  1,  n = 500000000,  r =  0,   k = 1


-----------------------------------------------
Normal statistic                      :    0.18
p-value of test                       :    0.43

-----------------------------------------------
CPU time used                    :  00:00:06.03

Generator state:
 4-cmul Tempest v3\n



***********************************************************
HOST = 

4-cmul Tempest v3


svaria_AppearanceSpacings test:
-----------------------------------------------
   N =  1,   Q = 10000000,   K = 400000000,   r = 0,   s = 30,   L = 15

   Sequences of n = (K + Q)L =   6150000000 bits
   Q = 10000000 initialization blocks
   K = 400000000 blocks for the test
   the blocks have L = 15 bits



-----------------------------------------------
Normal statistic                      :   -1.90
p-value of test                       :    0.97

-----------------------------------------------
CPU time used                    :  00:00:17.17

Generator state:
 4-cmul Tempest v3\n



***********************************************************
HOST = 

4-cmul Tempest v3


svaria_AppearanceSpacings test:
-----------------------------------------------
   N =  1,   Q = 10000000,   K = 100000000,   r = 20,   s = 10,   L = 15

   Sequences of n = (K + Q)L =   1650000000 bits
   Q = 10000000 initialization blocks
   K = 100000000 blocks for the test
   the blocks have L = 15 bits



-----------------------------------------------
Normal statistic                      :   -0.31
p-value of test                       :    0.62

-----------------------------------------------
CPU time used                    :  00:00:06.43

Generator state:
 4-cmul Tempest v3\n



***********************************************************
HOST = 

4-cmul Tempest v3


svaria_WeightDistrib test:
-----------------------------------------------
   N =  1,  n = 2000000,  r =  0,  k = 256,  Alpha =      0,  Beta =  0.125


-----------------------------------------------
Number of degrees of freedom          :   46
Chi-square statistic                  :   28.30
p-value of test                       :    0.98

-----------------------------------------------
CPU time used                    :  00:00:06.03

Generator state:
 4-cmul Tempest v3\n



***********************************************************
HOST = 

4-cmul Tempest v3


svaria_WeightDistrib test:
-----------------------------------------------
   N =  1,  n = 2000000,  r =  8,  k = 256,  Alpha =      0,  Beta =  0.125


-----------------------------------------------
Number of degrees of freedom          :   46
Chi-square statistic                  :   53.79
p-value of test                       :    0.20

-----------------------------------------------
CPU time used                    :  00:00:06.87

Generator state:
 4-cmul Tempest v3\n



***********************************************************
HOST = 

4-cmul Tempest v3


svaria_WeightDistrib test:
-----------------------------------------------
   N =  1,  n = 2000000,  r = 16,  k = 256,  Alpha =      0,  Beta =  0.125


-----------------------------------------------
Number of degrees of freedom          :   46
Chi-square statistic                  :   68.25
p-value of test                       :    0.02

-----------------------------------------------
CPU time used                    :  00:00:07.06

Generator state:
 4-cmul Tempest v3\n



***********************************************************
HOST = 

4-cmul Tempest v3


svaria_WeightDistrib test:
-----------------------------------------------
   N =  1,  n = 2000000,  r = 24,  k = 256,  Alpha =      0,  Beta =  0.125


-----------------------------------------------
Number of degrees of freedom          :   46
Chi-square statistic                  :   40.23
p-value of test                       :    0.71

-----------------------------------------------
CPU time used                    :  00:00:05.59

Generator state:
 4-cmul Tempest v3\n



***********************************************************
HOST = 

4-cmul Tempest v3


svaria_SumCollector test:
-----------------------------------------------
   N =  1,  n = 20000000,  r =  0,   g = 10


-----------------------------------------------
Number of degrees of freedom          :   25
Chi-square statistic                  :   17.50
p-value of test                       :    0.86

-----------------------------------------------
CPU time used                    :  00:00:03.40

Generator state:
 4-cmul Tempest v3\n



***********************************************************
HOST = 

4-cmul Tempest v3


smarsa_MatrixRank test:
-----------------------------------------------
   N =  1,  n = 1000000,  r =  0,    s = 30,    L = 60,    k = 60


-----------------------------------------------
Number of degrees of freedom          :    4
Chi-square statistic                  :    1.74
p-value of test                       :    0.78

-----------------------------------------------
CPU time used                    :  00:00:10.43

Generator state:
 4-cmul Tempest v3\n



***********************************************************
HOST = 

4-cmul Tempest v3


smarsa_MatrixRank test:
-----------------------------------------------
   N =  1,  n = 1000000,  r = 20,    s = 10,    L = 60,    k = 60


-----------------------------------------------
Number of degrees of freedom          :    4
Chi-square statistic                  :    2.37
p-value of test                       :    0.67

-----------------------------------------------
CPU time used                    :  00:00:12.95

Generator state:
 4-cmul Tempest v3\n



***********************************************************
HOST = 

4-cmul Tempest v3


smarsa_MatrixRank test:
-----------------------------------------------
   N =  1,  n = 50000,  r =  0,    s = 30,    L = 300,    k = 300


-----------------------------------------------
Number of degrees of freedom          :    3
Chi-square statistic                  :    0.89
p-value of test                       :    0.83

-----------------------------------------------
CPU time used                    :  00:00:22.62

Generator state:
 4-cmul Tempest v3\n



***********************************************************
HOST = 

4-cmul Tempest v3


smarsa_MatrixRank test:
-----------------------------------------------
   N =  1,  n = 50000,  r = 20,    s = 10,    L = 300,    k = 300


-----------------------------------------------
Number of degrees of freedom          :    3
Chi-square statistic                  :    5.36
p-value of test                       :    0.15

-----------------------------------------------
CPU time used                    :  00:00:27.92

Generator state:
 4-cmul Tempest v3\n



***********************************************************
HOST = 

4-cmul Tempest v3


smarsa_MatrixRank test:
-----------------------------------------------
   N =  1,  n = 2000,  r =  0,    s = 30,    L = 1200,    k = 1200


-----------------------------------------------
Number of degrees of freedom          :    3
Chi-square statistic                  :   10.80
p-value of test                       :    0.01

-----------------------------------------------
CPU time used                    :  00:00:22.48

Generator state:
 4-cmul Tempest v3\n



***********************************************************
HOST = 

4-cmul Tempest v3


smarsa_MatrixRank test:
-----------------------------------------------
   N =  1,  n = 2000,  r = 20,    s = 10,    L = 1200,    k = 1200


-----------------------------------------------
Number of degrees of freedom          :    3
Chi-square statistic                  :    1.97
p-value of test                       :    0.58

-----------------------------------------------
CPU time used                    :  00:00:31.81

Generator state:
 4-cmul Tempest v3\n



***********************************************************
HOST = 

4-cmul Tempest v3


smarsa_Savir2 test:
-----------------------------------------------
   N =  1,  n = 20000000,  r =  0,    m = 1048576,    t = 30


-----------------------------------------------
Number of degrees of freedom          :   17
Chi-square statistic                  :   10.52
p-value of test                       :    0.88

-----------------------------------------------
CPU time used                    :  00:00:07.26

Generator state:
 4-cmul Tempest v3\n



***********************************************************
HOST = 

4-cmul Tempest v3


smarsa_GCD test:
-----------------------------------------------
   N =  1,  n = 100000000,  r =  0,   s = 30


-----------------------------------------------
Number of degrees of freedom          : 2465
Chi2 statistic for GCD values         : 2443.66
p-value of test                       :    0.62



-----------------------------------------------
CPU time used                    :  00:00:06.98

Generator state:
 4-cmul Tempest v3\n



***********************************************************
HOST = 

4-cmul Tempest v3


smarsa_GCD test:
-----------------------------------------------
   N =  1,  n = 40000000,  r = 10,   s = 20


-----------------------------------------------
Number of degrees of freedom          : 1559
Chi2 statistic for GCD values         : 1480.52
p-value of test                       :    0.92



-----------------------------------------------
CPU time used                    :  00:00:02.15

Generator state:
 4-cmul Tempest v3\n



***********************************************************
HOST = 

4-cmul Tempest v3


swalk_RandomWalk1 test:
-----------------------------------------------
   N =  1,  n = 50000000,  r =  0,   s = 30,   L0 =   90,   L1 =   90



-----------------------------------------------
Test on the values of the Statistic H

Number of degrees of freedom          :   46
ChiSquare statistic                   :   44.45
p-value of test                       :    0.54


-----------------------------------------------
Test on the values of the Statistic M

Number of degrees of freedom          :   47
ChiSquare statistic                   :   58.18
p-value of test                       :    0.13


-----------------------------------------------
Test on the values of the Statistic J

Number of degrees of freedom          :   45
ChiSquare statistic                   :   38.41
p-value of test                       :    0.75


-----------------------------------------------
Test on the values of the Statistic R

Number of degrees of freedom          :   36
ChiSquare statistic                   :   28.98
p-value of test                       :    0.79


-----------------------------------------------
Test on the values of the Statistic C

Number of degrees of freedom          :   23
ChiSquare statistic                   :   18.75
p-value of test                       :    0.72


-----------------------------------------------
CPU time used                    :  00:00:15.82

Generator state:
 4-cmul Tempest v3\n



***********************************************************
HOST = 

4-cmul Tempest v3


swalk_RandomWalk1 test:
-----------------------------------------------
   N =  1,  n = 10000000,  r = 20,   s = 10,   L0 =   90,   L1 =   90



-----------------------------------------------
Test on the values of the Statistic H

Number of degrees of freedom          :   44
ChiSquare statistic                   :   63.89
p-value of test                       :    0.03


-----------------------------------------------
Test on the values of the Statistic M

Number of degrees of freedom          :   45
ChiSquare statistic                   :   69.35
p-value of test                       :    0.01


-----------------------------------------------
Test on the values of the Statistic J

Number of degrees of freedom          :   45
ChiSquare statistic                   :   40.54
p-value of test                       :    0.66


-----------------------------------------------
Test on the values of the Statistic R

Number of degrees of freedom          :   35
ChiSquare statistic                   :   34.84
p-value of test                       :    0.48


-----------------------------------------------
Test on the values of the Statistic C

Number of degrees of freedom          :   22
ChiSquare statistic                   :   18.43
p-value of test                       :    0.68


-----------------------------------------------
CPU time used                    :  00:00:03.87

Generator state:
 4-cmul Tempest v3\n



***********************************************************
HOST = 

4-cmul Tempest v3


swalk_RandomWalk1 test:
-----------------------------------------------
   N =  1,  n = 5000000,  r =  0,   s = 30,   L0 = 1000,   L1 = 1000



-----------------------------------------------
Test on the values of the Statistic H

Number of degrees of freedom          :  140
ChiSquare statistic                   :  134.18
p-value of test                       :    0.62


-----------------------------------------------
Test on the values of the Statistic M

Number of degrees of freedom          :  141
ChiSquare statistic                   :  142.09
p-value of test                       :    0.46


-----------------------------------------------
Test on the values of the Statistic J

Number of degrees of freedom          :  500
ChiSquare statistic                   :  511.53
p-value of test                       :    0.35


-----------------------------------------------
Test on the values of the Statistic R

Number of degrees of freedom          :  132
ChiSquare statistic                   :  140.88
p-value of test                       :    0.28


-----------------------------------------------
Test on the values of the Statistic C

Number of degrees of freedom          :   72
ChiSquare statistic                   :   74.85
p-value of test                       :    0.39


-----------------------------------------------
CPU time used                    :  00:00:14.12

Generator state:
 4-cmul Tempest v3\n



***********************************************************
HOST = 

4-cmul Tempest v3


swalk_RandomWalk1 test:
-----------------------------------------------
   N =  1,  n = 1000000,  r = 20,   s = 10,   L0 = 1000,   L1 = 1000



-----------------------------------------------
Test on the values of the Statistic H

Number of degrees of freedom          :  128
ChiSquare statistic                   :  147.16
p-value of test                       :    0.12


-----------------------------------------------
Test on the values of the Statistic M

Number of degrees of freedom          :  130
ChiSquare statistic                   :  145.46
p-value of test                       :    0.17


-----------------------------------------------
Test on the values of the Statistic J

Number of degrees of freedom          :  500
ChiSquare statistic                   :  495.10
p-value of test                       :    0.55


-----------------------------------------------
Test on the values of the Statistic R

Number of degrees of freedom          :  122
ChiSquare statistic                   :  123.76
p-value of test                       :    0.44


-----------------------------------------------
Test on the values of the Statistic C

Number of degrees of freedom          :   66
ChiSquare statistic                   :   71.02
p-value of test                       :    0.31


-----------------------------------------------
CPU time used                    :  00:00:03.82

Generator state:
 4-cmul Tempest v3\n



***********************************************************
HOST = 

4-cmul Tempest v3


swalk_RandomWalk1 test:
-----------------------------------------------
   N =  1,  n = 500000,  r =  0,   s = 30,   L0 = 10000,   L1 = 10000



-----------------------------------------------
Test on the values of the Statistic H

Number of degrees of freedom          :  366
ChiSquare statistic                   :  376.11
p-value of test                       :    0.35


-----------------------------------------------
Test on the values of the Statistic M

Number of degrees of freedom          :  366
ChiSquare statistic                   :  367.59
p-value of test                       :    0.47


-----------------------------------------------
Test on the values of the Statistic J

Number of degrees of freedom          : 5000
ChiSquare statistic                   : 4974.75
p-value of test                       :    0.60


-----------------------------------------------
Test on the values of the Statistic R

Number of degrees of freedom          :  360
ChiSquare statistic                   :  341.06
p-value of test                       :    0.76


-----------------------------------------------
Test on the values of the Statistic C

Number of degrees of freedom          :  192
ChiSquare statistic                   :  177.81
p-value of test                       :    0.76


-----------------------------------------------
CPU time used                    :  00:00:12.68

Generator state:
 4-cmul Tempest v3\n



***********************************************************
HOST = 

4-cmul Tempest v3


swalk_RandomWalk1 test:
-----------------------------------------------
   N =  1,  n = 100000,  r = 20,   s = 10,   L0 = 10000,   L1 = 10000



-----------------------------------------------
Test on the values of the Statistic H

Number of degrees of freedom          :  318
ChiSquare statistic                   :  341.97
p-value of test                       :    0.17


-----------------------------------------------
Test on the values of the Statistic M

Number of degrees of freedom          :  318
ChiSquare statistic                   :  343.55
p-value of test                       :    0.16


-----------------------------------------------
Test on the values of the Statistic J

Number of degrees of freedom          : 5000
ChiSquare statistic                   : 4837.65
p-value of test                       :    0.95


-----------------------------------------------
Test on the values of the Statistic R

Number of degrees of freedom          :  315
ChiSquare statistic                   :  312.87
p-value of test                       :    0.52


-----------------------------------------------
Test on the values of the Statistic C

Number of degrees of freedom          :  169
ChiSquare statistic                   :  178.07
p-value of test                       :    0.30


-----------------------------------------------
CPU time used                    :  00:00:03.59

Generator state:
 4-cmul Tempest v3\n



***********************************************************
HOST = 

4-cmul Tempest v3


scomp_LinearComp test:
-----------------------------------------------
   N =  1,  n = 120000,  r =  0,    s = 1



-----------------------------------------------
Number of degrees of freedom          :   10
Chi2 statistic for size of jumps      :   11.05
p-value of test                       :    0.35


-----------------------------------------------
Normal statistic for number of jumps  :   -0.43
p-value of test                       :    0.67



-----------------------------------------------
CPU time used                    :  00:00:07.65

Generator state:
 4-cmul Tempest v3\n



***********************************************************
HOST = 

4-cmul Tempest v3


scomp_LinearComp test:
-----------------------------------------------
   N =  1,  n = 120000,  r = 29,    s = 1



-----------------------------------------------
Number of degrees of freedom          :   10
Chi2 statistic for size of jumps      :   13.46
p-value of test                       :    0.20


-----------------------------------------------
Normal statistic for number of jumps  :    3.35
p-value of test                       :  4.0e-4    *****



-----------------------------------------------
CPU time used                    :  00:00:08.10

Generator state:
 4-cmul Tempest v3\n



***********************************************************
HOST = 

4-cmul Tempest v3


scomp_LempelZiv test:
-----------------------------------------------
   N = 10,  n = 33554432,  r =  0,   s =   30,   k =   25


-----------------------------------------------

Kolmogorov-Smirnov+ statistic = D+    :   0.024
p-value of test                       :    0.97

Kolmogorov-Smirnov- statistic = D-    :    0.36
p-value of test                       :    0.06

Anderson-Darling statistic = A2       :    2.18
p-value of test                       :    0.07

Tests on the sum of all N observations
Standardized normal statistic         :    1.92
p-value of test                       :    0.03

Sample variance                       :    0.78
p-value of test                       :    0.64

-----------------------------------------------
CPU time used                    :  00:00:06.09

Generator state:
 4-cmul Tempest v3\n



***********************************************************
HOST = 

4-cmul Tempest v3


sspectral_Fourier3 test:
-----------------------------------------------
   N = 50000,  n = 16384,  r =  0,   s =   30,   k =   14


-----------------------------------------------

Kolmogorov-Smirnov+ statistic = D+    : 2.86e-3
p-value of test                       :    0.93

Kolmogorov-Smirnov- statistic = D-    :   0.015
p-value of test                       :    0.15

Anderson-Darling statistic = A2       :    1.14
p-value of test                       :    0.29

-----------------------------------------------
CPU time used                    :  00:00:09.68

Generator state:
 4-cmul Tempest v3\n



***********************************************************
HOST = 

4-cmul Tempest v3


sspectral_Fourier3 test:
-----------------------------------------------
   N = 50000,  n = 16384,  r = 20,   s =   10,   k =   14


-----------------------------------------------

Kolmogorov-Smirnov+ statistic = D+    :   0.016
p-value of test                       :    0.13

Kolmogorov-Smirnov- statistic = D-    : 3.99e-3
p-value of test                       :    0.88

Anderson-Darling statistic = A2       :    1.15
p-value of test                       :    0.29

-----------------------------------------------
CPU time used                    :  00:00:10.89

Generator state:
 4-cmul Tempest v3\n



***********************************************************
HOST = 

4-cmul Tempest v3


sstring_LongestHeadRun test:
-----------------------------------------------
   N =  1,  n = 1000,  r =  0,   s = 30,   L = 10000020


-----------------------------------------------
Number of degrees of freedom          :    8
Chi-square statistic                  :    8.69
p-value of test                       :    0.37

-----------------------------------------------
Global longest run of 1               :   36.00
p-value of test                       :    0.07



-----------------------------------------------
CPU time used                    :  00:00:36.03

Generator state:
 4-cmul Tempest v3\n



***********************************************************
HOST = 

4-cmul Tempest v3


sstring_LongestHeadRun test:
-----------------------------------------------
   N =  1,  n = 300,  r = 20,   s = 10,   L = 10000020


-----------------------------------------------
Number of degrees of freedom          :    7
Chi-square statistic                  :    6.92
p-value of test                       :    0.44

-----------------------------------------------
Global longest run of 1               :   34.00
p-value of test                       :    0.08



-----------------------------------------------
CPU time used                    :  00:00:13.39

Generator state:
 4-cmul Tempest v3\n



***********************************************************
HOST = 

4-cmul Tempest v3


sstring_PeriodsInStrings test:
-----------------------------------------------
   N =  1,  n = 300000000,  r =  0,   s =   30


-----------------------------------------------
Number of degrees of freedom          :  302
Chi-square statistic                  :  244.18
p-value of test                       :    0.9937

-----------------------------------------------
CPU time used                    :  00:00:11.01

Generator state:
 4-cmul Tempest v3\n



***********************************************************
HOST = 

4-cmul Tempest v3


sstring_PeriodsInStrings test:
-----------------------------------------------
   N =  1,  n = 300000000,  r = 15,   s =   15


-----------------------------------------------
Number of degrees of freedom          :   56
Chi-square statistic                  :   68.49
p-value of test                       :    0.12

-----------------------------------------------
CPU time used                    :  00:00:07.51

Generator state:
 4-cmul Tempest v3\n



***********************************************************
HOST = 

4-cmul Tempest v3


sstring_HammingWeight2 test:
-----------------------------------------------
   N = 100,  n = 100000000,  r =  0,   s = 30,   L = 1000000


-----------------------------------------------

Kolmogorov-Smirnov+ statistic = D+    :   0.068
p-value of test                       :    0.38

Kolmogorov-Smirnov- statistic = D-    :   0.058
p-value of test                       :    0.49

Anderson-Darling statistic = A2       :    0.75
p-value of test                       :    0.52

Test on the sum of all N observations
Number of degrees of freedom          : 10000
Chi-square statistic                  : 9968.74
p-value of test                       :    0.59

-----------------------------------------------
CPU time used                    :  00:00:08.31

Generator state:
 4-cmul Tempest v3\n



***********************************************************
HOST = 

4-cmul Tempest v3


sstring_HammingWeight2 test:
-----------------------------------------------
   N = 30,  n = 100000000,  r = 20,   s = 10,   L = 1000000


-----------------------------------------------

Kolmogorov-Smirnov+ statistic = D+    :   0.062
p-value of test                       :    0.76

Kolmogorov-Smirnov- statistic = D-    :   0.094
p-value of test                       :    0.56

Anderson-Darling statistic = A2       :    0.27
p-value of test                       :    0.96

Test on the sum of all N observations
Number of degrees of freedom          : 3000
Chi-square statistic                  : 3022.24
p-value of test                       :    0.38

-----------------------------------------------
CPU time used                    :  00:00:05.98

Generator state:
 4-cmul Tempest v3\n



***********************************************************
HOST = 

4-cmul Tempest v3


sstring_HammingCorr test:
-----------------------------------------------
   N =  1,  n = 500000000,  r =  0,   s = 30,   L = 30



-----------------------------------------------
Normal statistic                      :   -1.65
p-value of test                       :    0.95

-----------------------------------------------
CPU time used                    :  00:00:12.70

Generator state:
 4-cmul Tempest v3\n



***********************************************************
HOST = 

4-cmul Tempest v3


sstring_HammingCorr test:
-----------------------------------------------
   N =  1,  n = 50000000,  r =  0,   s = 30,   L = 300



-----------------------------------------------
Normal statistic                      :    0.59
p-value of test                       :    0.28

-----------------------------------------------
CPU time used                    :  00:00:12.10

Generator state:
 4-cmul Tempest v3\n



***********************************************************
HOST = 

4-cmul Tempest v3


sstring_HammingCorr test:
-----------------------------------------------
   N =  1,  n = 10000000,  r =  0,   s = 30,   L = 1200



-----------------------------------------------
Normal statistic                      :  -0.080
p-value of test                       :    0.53

-----------------------------------------------
CPU time used                    :  00:00:09.65

Generator state:
 4-cmul Tempest v3\n



***********************************************************
HOST = 

4-cmul Tempest v3


sstring_HammingIndep test:
-----------------------------------------------
   N =  1,  n = 300000000,  r =  0,   s = 30,   L = 30,   d = 0



Counters with expected numbers >= 10
-----------------------------------------------
Number of degrees of freedom          :  577
Chi-square statistic                  :  546.86
p-value of test                       :    0.81

-----------------------------------------------
CPU time used                    :  00:00:15.85

Generator state:
 4-cmul Tempest v3\n



***********************************************************
HOST = 

4-cmul Tempest v3


sstring_HammingIndep test:
-----------------------------------------------
   N =  1,  n = 100000000,  r = 20,   s = 10,   L = 30,   d = 0



Counters with expected numbers >= 10
-----------------------------------------------
Number of degrees of freedom          :  533
Chi-square statistic                  :  530.18
p-value of test                       :    0.53

-----------------------------------------------
CPU time used                    :  00:00:11.96

Generator state:
 4-cmul Tempest v3\n



***********************************************************
HOST = 

4-cmul Tempest v3


sstring_HammingIndep test:
-----------------------------------------------
   N =  1,  n = 30000000,  r =  0,   s = 30,   L = 300,   d = 0



Counters with expected numbers >= 10
-----------------------------------------------
Number of degrees of freedom          : 4117
Chi-square statistic                  : 4214.29
p-value of test                       :    0.14

-----------------------------------------------
CPU time used                    :  00:00:15.54

Generator state:
 4-cmul Tempest v3\n



***********************************************************
HOST = 

4-cmul Tempest v3


sstring_HammingIndep test:
-----------------------------------------------
   N =  1,  n = 10000000,  r = 20,   s = 10,   L = 300,   d = 0



Counters with expected numbers >= 10
-----------------------------------------------
Number of degrees of freedom          : 3585
Chi-square statistic                  : 3598.85
p-value of test                       :    0.43

-----------------------------------------------
CPU time used                    :  00:00:12.07

Generator state:
 4-cmul Tempest v3\n



***********************************************************
HOST = 

4-cmul Tempest v3


sstring_HammingIndep test:
-----------------------------------------------
   N =  1,  n = 10000000,  r =  0,   s = 30,   L = 1200,   d = 0



Counters with expected numbers >= 10
-----------------------------------------------
Number of degrees of freedom          : 11825
Chi-square statistic                  :12042.46
p-value of test                       :    0.08

-----------------------------------------------
CPU time used                    :  00:00:20.17

Generator state:
 4-cmul Tempest v3\n



***********************************************************
HOST = 

4-cmul Tempest v3


sstring_HammingIndep test:
-----------------------------------------------
   N =  1,  n = 1000000,  r = 20,   s = 10,   L = 1200,   d = 0



Counters with expected numbers >= 10
-----------------------------------------------
Number of degrees of freedom          : 7473
Chi-square statistic                  : 7580.01
p-value of test                       :    0.19

-----------------------------------------------
CPU time used                    :  00:00:04.98

Generator state:
 4-cmul Tempest v3\n



***********************************************************
HOST = 

4-cmul Tempest v3


sstring_Run test:
-----------------------------------------------
   N =  1,  n = 1000000000,  r =  0,   s =   30


-----------------------------------------------
Total number of 1 runs:  1000000006

Number of degrees of freedom          :   52
Chi2 statistic for number of runs     :   50.98
p-value of test                       :    0.51


-----------------------------------------------
Total number of bits:  3999996570

Normal statistic for number of bits   :  -0.038
p-value of test                       :    0.52



-----------------------------------------------
CPU time used                    :  00:00:12.57

Generator state:
 4-cmul Tempest v3\n



***********************************************************
HOST = 

4-cmul Tempest v3


sstring_Run test:
-----------------------------------------------
   N =  1,  n = 1000000000,  r = 20,   s =   10


-----------------------------------------------
Total number of 1 runs:  1000000000

Number of degrees of freedom          :   52
Chi2 statistic for number of runs     :   60.99
p-value of test                       :    0.18


-----------------------------------------------
Total number of bits:  3999968850

Normal statistic for number of bits   :   -0.35
p-value of test                       :    0.64



-----------------------------------------------
CPU time used                    :  00:00:16.59

Generator state:
 4-cmul Tempest v3\n



***********************************************************
HOST = 

4-cmul Tempest v3


sstring_AutoCor test:
-----------------------------------------------
   N = 10,  n = 1000000021,  r =  0,   s = 30,   d = 1


-----------------------------------------------

Kolmogorov-Smirnov+ statistic = D+    :    0.21
p-value of test                       :    0.35

Kolmogorov-Smirnov- statistic = D-    :    0.17
p-value of test                       :    0.50

Anderson-Darling statistic = A2       :    0.54
p-value of test                       :    0.70

Tests on the sum of all N observations
Standardized normal statistic         :  -0.045
p-value of test                       :    0.52

Sample variance                       :    0.81
p-value of test                       :    0.60

-----------------------------------------------
CPU time used                    :  00:00:10.18

Generator state:
 4-cmul Tempest v3\n



***********************************************************
HOST = 

4-cmul Tempest v3


sstring_AutoCor test:
-----------------------------------------------
   N =  5,  n = 1000000001,  r = 20,   s = 10,   d = 1


-----------------------------------------------

Kolmogorov-Smirnov+ statistic = D+    :    0.35
p-value of test                       :    0.24

Kolmogorov-Smirnov- statistic = D-    :    0.15
p-value of test                       :    0.74

Anderson-Darling statistic = A2       :    0.61
p-value of test                       :    0.63

Tests on the sum of all N observations
Standardized normal statistic         :   -0.47
p-value of test                       :    0.68

Sample variance                       :    1.29
p-value of test                       :    0.27

-----------------------------------------------
CPU time used                    :  00:00:12.79

Generator state:
 4-cmul Tempest v3\n



***********************************************************
HOST = 

4-cmul Tempest v3


sstring_AutoCor test:
-----------------------------------------------
   N = 10,  n = 1000000020,  r =  0,   s = 30,   d = 30


-----------------------------------------------

Kolmogorov-Smirnov+ statistic = D+    :    0.26
p-value of test                       :    0.22

Kolmogorov-Smirnov- statistic = D-    :   0.068
p-value of test                       :    0.88

Anderson-Darling statistic = A2       :    0.75
p-value of test                       :    0.52

Tests on the sum of all N observations
Standardized normal statistic         :   -0.89
p-value of test                       :    0.81

Sample variance                       :    0.61
p-value of test                       :    0.79

-----------------------------------------------
CPU time used                    :  00:00:09.12

Generator state:
 4-cmul Tempest v3\n



***********************************************************
HOST = 

4-cmul Tempest v3


sstring_AutoCor test:
-----------------------------------------------
   N =  5,  n = 1000000010,  r = 20,   s = 10,   d = 10


-----------------------------------------------

Kolmogorov-Smirnov+ statistic = D+    :    0.48
p-value of test                       :    0.07

Kolmogorov-Smirnov- statistic = D-    :   0.091
p-value of test                       :    0.87

Anderson-Darling statistic = A2       :    1.94
p-value of test                       :    0.10

Tests on the sum of all N observations
Standardized normal statistic         :   -1.57
p-value of test                       :    0.94

Sample variance                       :    0.59
p-value of test                       :    0.67

-----------------------------------------------
CPU time used                    :  00:00:10.67

Generator state:
 4-cmul Tempest v3\n




========= Summary results of Crush =========

 Version:          TestU01 1.2.3
 Generator:        4-cmul Tempest v3
 Number of statistics:  144
 Total CPU time:   00:21:48.32
 The following tests gave p-values outside [0.001, 0.9990]:
 (eps  means a value < 1.0e-300):
 (eps1 means a value < 1.0e-15):

       Test                          p-value
 ----------------------------------------------
 42  MaxOft, t = 10                  7.2e-4
 72  LinearComp, r = 29              4.0e-4
 ----------------------------------------------
 All other tests were passed



