RNG_test using PractRand version 0.96
RNG = RNG_stdin64, seed = unknown
test set = core, folding = standard (64 bit)

rng=RNG_stdin64, seed=unknown
length= 256 megabytes (2^28 bytes), time= 3.7 seconds
  no anomalies in 199 test result(s)

rng=RNG_stdin64, seed=unknown
length= 512 megabytes (2^29 bytes), time= 7.7 seconds
  Test Name                         Raw       Processed     Evaluation       
  [Low4/64]DC6-9x1Bytes-1           R=  -5.1  p =1-1.5e-3   unusual          
  ...and 212 test result(s) without anomalies

rng=RNG_stdin64, seed=unknown
length= 1 gigabyte (2^30 bytes), time= 16.0 seconds
  no anomalies in 227 test result(s)

rng=RNG_stdin64, seed=unknown
length= 2 gigabytes (2^31 bytes), time= 31.3 seconds
  no anomalies in 242 test result(s)

rng=RNG_stdin64, seed=unknown
length= 4 gigabytes (2^32 bytes), time= 62.8 seconds
  no anomalies in 256 test result(s)

rng=RNG_stdin64, seed=unknown
length= 8 gigabytes (2^33 bytes), time= 123 seconds
  no anomalies in 270 test result(s)

rng=RNG_stdin64, seed=unknown
length= 16 gigabytes (2^34 bytes), time= 252 seconds
  no anomalies in 283 test result(s)

rng=RNG_stdin64, seed=unknown
length= 32 gigabytes (2^35 bytes), time= 515 seconds
  no anomalies in 296 test result(s)

rng=RNG_stdin64, seed=unknown
length= 64 gigabytes (2^36 bytes), time= 1087 seconds
  no anomalies in 308 test result(s)

rng=RNG_stdin64, seed=unknown
length= 128 gigabytes (2^37 bytes), time= 2132 seconds
  no anomalies in 320 test result(s)

rng=RNG_stdin64, seed=unknown
length= 256 gigabytes (2^38 bytes), time= 4156 seconds
  no anomalies in 332 test result(s)

rng=RNG_stdin64, seed=unknown
length= 512 gigabytes (2^39 bytes), time= 8160 seconds
  no anomalies in 343 test result(s)

rng=RNG_stdin64, seed=unknown
length= 1 terabyte (2^40 bytes), time= 13546 seconds
  no anomalies in 354 test result(s)

