=== TestU01 BigCrush ===
xxxxxxxxxxxxxxxxxxxxxxxxxxxxxxxxxxxxxxxxxxxxxxxxxxxxxxxxxxx
                 Starting BigCrush
                 Version: TestU01 1.2.3
xxxxxxxxxxxxxxxxxxxxxxxxxxxxxxxxxxxxxxxxxxxxxxxxxxxxxxxxxxx


***********************************************************
Test smarsa_SerialOver calling smultin_MultinomialOver

***********************************************************
HOST = 

4-cmul Tempest v3


smultin_MultinomialOver test:
-----------------------------------------------
   N =  1,  n = 1000000000,  r =  0,   d =  256,   t =  3,
       Sparse =  FALSE

       GenerCell = smultin_GenerCellSerial
       Number of cells = d^t =           16777216
       Expected number per cell =   59.604645
       Hashing =  FALSE

   For Delta > -1, we use the ChiSquare approximation
   Correction factor of the ChiSquare: 
       Delta =     1,    Mu =   0.0083558402,    Sigma =          1

-----------------------------------------------
Test Results for Delta =   1.0000

Number of degrees of freedom          : 16711680
Value of the statistic                : 1.67e+7
p-value of test                       :    0.70


-----------------------------------------------
CPU time used                    :  00:01:39.70

Generator state:
 4-cmul Tempest v3\n



***********************************************************
Test smarsa_SerialOver calling smultin_MultinomialOver

***********************************************************
HOST = 

4-cmul Tempest v3


smultin_MultinomialOver test:
-----------------------------------------------
   N =  1,  n = 1000000000,  r = 22,   d =  256,   t =  3,
       Sparse =  FALSE

       GenerCell = smultin_GenerCellSerial
       Number of cells = d^t =           16777216
       Expected number per cell =   59.604645
       Hashing =  FALSE

   For Delta > -1, we use the ChiSquare approximation
   Correction factor of the ChiSquare: 
       Delta =     1,    Mu =   0.0083558402,    Sigma =          1

-----------------------------------------------
Test Results for Delta =   1.0000

Number of degrees of freedom          : 16711680
Value of the statistic                : 1.67e+7
p-value of test                       :    0.26


-----------------------------------------------
CPU time used                    :  00:01:50.09

Generator state:
 4-cmul Tempest v3\n



***********************************************************
Test smarsa_CollisionOver calling smultin_MultinomialOver

***********************************************************
HOST = 

4-cmul Tempest v3


smultin_MultinomialOver test:
-----------------------------------------------
   N = 30,  n = 20000000,  r =  0,   d = 2097152,   t =  2,
       Sparse =   TRUE

       GenerCell = smultin_GenerCellSerial
       Number of cells = d^t =      4398046511104
       Expected number per cell =  1 /  219902.33
       EColl = n^2 / (2k) =  45.47473509
       Hashing =   TRUE

       Collision test

       CollisionOver:   density = n / k =  1 /  219902.33
       Expected number of collisions = Mu =      45.47


-----------------------------------------------
Results of CollisionOver test:

POISSON approximation                 :
Expected number of collisions = N*Mu  :     1364.24
Observed number of collisions         :     1355
p-value of test                       :    0.59

-----------------------------
Total number of cells containing j balls

  j =  0                              :  131940795334475
  j =  1                              :        599997290
  j =  2                              :             1355
  j =  3                              :                0
  j =  4                              :                0
  j =  5                              :                0

-----------------------------------------------
CPU time used                    :  00:02:51.09

Generator state:
 4-cmul Tempest v3\n



***********************************************************
Test smarsa_CollisionOver calling smultin_MultinomialOver

***********************************************************
HOST = 

4-cmul Tempest v3


smultin_MultinomialOver test:
-----------------------------------------------
   N = 30,  n = 20000000,  r =  9,   d = 2097152,   t =  2,
       Sparse =   TRUE

       GenerCell = smultin_GenerCellSerial
       Number of cells = d^t =      4398046511104
       Expected number per cell =  1 /  219902.33
       EColl = n^2 / (2k) =  45.47473509
       Hashing =   TRUE

       Collision test

       CollisionOver:   density = n / k =  1 /  219902.33
       Expected number of collisions = Mu =      45.47


-----------------------------------------------
Results of CollisionOver test:

POISSON approximation                 :
Expected number of collisions = N*Mu  :     1364.24
Observed number of collisions         :     1388
p-value of test                       :    0.26

-----------------------------
Total number of cells containing j balls

  j =  0                              :  131940795334508
  j =  1                              :        599997224
  j =  2                              :             1388
  j =  3                              :                0
  j =  4                              :                0
  j =  5                              :                0

-----------------------------------------------
CPU time used                    :  00:03:01.06

Generator state:
 4-cmul Tempest v3\n



***********************************************************
Test smarsa_CollisionOver calling smultin_MultinomialOver

***********************************************************
HOST = 

4-cmul Tempest v3


smultin_MultinomialOver test:
-----------------------------------------------
   N = 30,  n = 20000000,  r =  0,   d = 16384,   t =  3,
       Sparse =   TRUE

       GenerCell = smultin_GenerCellSerial
       Number of cells = d^t =      4398046511104
       Expected number per cell =  1 /  219902.33
       EColl = n^2 / (2k) =  45.47473509
       Hashing =   TRUE

       Collision test

       CollisionOver:   density = n / k =  1 /  219902.33
       Expected number of collisions = Mu =      45.47


-----------------------------------------------
Results of CollisionOver test:

POISSON approximation                 :
Expected number of collisions = N*Mu  :     1364.24
Observed number of collisions         :     1365
p-value of test                       :    0.50

-----------------------------
Total number of cells containing j balls

  j =  0                              :  131940795334485
  j =  1                              :        599997270
  j =  2                              :             1365
  j =  3                              :                0
  j =  4                              :                0
  j =  5                              :                0

-----------------------------------------------
CPU time used                    :  00:03:45.06

Generator state:
 4-cmul Tempest v3\n



***********************************************************
Test smarsa_CollisionOver calling smultin_MultinomialOver

***********************************************************
HOST = 

4-cmul Tempest v3


smultin_MultinomialOver test:
-----------------------------------------------
   N = 30,  n = 20000000,  r = 16,   d = 16384,   t =  3,
       Sparse =   TRUE

       GenerCell = smultin_GenerCellSerial
       Number of cells = d^t =      4398046511104
       Expected number per cell =  1 /  219902.33
       EColl = n^2 / (2k) =  45.47473509
       Hashing =   TRUE

       Collision test

       CollisionOver:   density = n / k =  1 /  219902.33
       Expected number of collisions = Mu =      45.47


-----------------------------------------------
Results of CollisionOver test:

POISSON approximation                 :
Expected number of collisions = N*Mu  :     1364.24
Observed number of collisions         :     1398
p-value of test                       :    0.18

-----------------------------
Total number of cells containing j balls

  j =  0                              :  131940795334518
  j =  1                              :        599997204
  j =  2                              :             1398
  j =  3                              :                0
  j =  4                              :                0
  j =  5                              :                0

-----------------------------------------------
CPU time used                    :  00:03:50.96

Generator state:
 4-cmul Tempest v3\n



***********************************************************
Test smarsa_CollisionOver calling smultin_MultinomialOver

***********************************************************
HOST = 

4-cmul Tempest v3


smultin_MultinomialOver test:
-----------------------------------------------
   N = 30,  n = 20000000,  r =  0,   d =   64,   t =  7,
       Sparse =   TRUE

       GenerCell = smultin_GenerCellSerial
       Number of cells = d^t =      4398046511104
       Expected number per cell =  1 /  219902.33
       EColl = n^2 / (2k) =  45.47473509
       Hashing =   TRUE

       Collision test

       CollisionOver:   density = n / k =  1 /  219902.33
       Expected number of collisions = Mu =      45.47


-----------------------------------------------
Results of CollisionOver test:

POISSON approximation                 :
Expected number of collisions = N*Mu  :     1364.24
Observed number of collisions         :     1325
p-value of test                       :    0.85

-----------------------------
Total number of cells containing j balls

  j =  0                              :  131940795334445
  j =  1                              :        599997350
  j =  2                              :             1325
  j =  3                              :                0
  j =  4                              :                0
  j =  5                              :                0

-----------------------------------------------
CPU time used                    :  00:03:49.39

Generator state:
 4-cmul Tempest v3\n



***********************************************************
Test smarsa_CollisionOver calling smultin_MultinomialOver

***********************************************************
HOST = 

4-cmul Tempest v3


smultin_MultinomialOver test:
-----------------------------------------------
   N = 30,  n = 20000000,  r = 24,   d =   64,   t =  7,
       Sparse =   TRUE

       GenerCell = smultin_GenerCellSerial
       Number of cells = d^t =      4398046511104
       Expected number per cell =  1 /  219902.33
       EColl = n^2 / (2k) =  45.47473509
       Hashing =   TRUE

       Collision test

       CollisionOver:   density = n / k =  1 /  219902.33
       Expected number of collisions = Mu =      45.47


-----------------------------------------------
Results of CollisionOver test:

POISSON approximation                 :
Expected number of collisions = N*Mu  :     1364.24
Observed number of collisions         :     1377
p-value of test                       :    0.37

-----------------------------
Total number of cells containing j balls

  j =  0                              :  131940795334497
  j =  1                              :        599997246
  j =  2                              :             1377
  j =  3                              :                0
  j =  4                              :                0
  j =  5                              :                0

-----------------------------------------------
CPU time used                    :  00:03:53.48

Generator state:
 4-cmul Tempest v3\n



***********************************************************
Test smarsa_CollisionOver calling smultin_MultinomialOver

***********************************************************
HOST = 

4-cmul Tempest v3


smultin_MultinomialOver test:
-----------------------------------------------
   N = 30,  n = 20000000,  r =  0,   d =    8,   t = 14,
       Sparse =   TRUE

       GenerCell = smultin_GenerCellSerial
       Number of cells = d^t =      4398046511104
       Expected number per cell =  1 /  219902.33
       EColl = n^2 / (2k) =  45.47473509
       Hashing =   TRUE

       Collision test

       CollisionOver:   density = n / k =  1 /  219902.33
       Expected number of collisions = Mu =      45.47


-----------------------------------------------
Results of CollisionOver test:

POISSON approximation                 :
Expected number of collisions = N*Mu  :     1364.24
Observed number of collisions         :     1331
p-value of test                       :    0.81

-----------------------------
Total number of cells containing j balls

  j =  0                              :  131940795334451
  j =  1                              :        599997338
  j =  2                              :             1331
  j =  3                              :                0
  j =  4                              :                0
  j =  5                              :                0

-----------------------------------------------
CPU time used                    :  00:03:48.29

Generator state:
 4-cmul Tempest v3\n



***********************************************************
Test smarsa_CollisionOver calling smultin_MultinomialOver

***********************************************************
HOST = 

4-cmul Tempest v3


smultin_MultinomialOver test:
-----------------------------------------------
   N = 30,  n = 20000000,  r = 27,   d =    8,   t = 14,
       Sparse =   TRUE

       GenerCell = smultin_GenerCellSerial
       Number of cells = d^t =      4398046511104
       Expected number per cell =  1 /  219902.33
       EColl = n^2 / (2k) =  45.47473509
       Hashing =   TRUE

       Collision test

       CollisionOver:   density = n / k =  1 /  219902.33
       Expected number of collisions = Mu =      45.47


-----------------------------------------------
Results of CollisionOver test:

POISSON approximation                 :
Expected number of collisions = N*Mu  :     1364.24
Observed number of collisions         :     1324
p-value of test                       :    0.86

-----------------------------
Total number of cells containing j balls

  j =  0                              :  131940795334444
  j =  1                              :        599997352
  j =  2                              :             1324
  j =  3                              :                0
  j =  4                              :                0
  j =  5                              :                0

-----------------------------------------------
CPU time used                    :  00:03:53.73

Generator state:
 4-cmul Tempest v3\n



***********************************************************
Test smarsa_CollisionOver calling smultin_MultinomialOver

***********************************************************
HOST = 

4-cmul Tempest v3


smultin_MultinomialOver test:
-----------------------------------------------
   N = 30,  n = 20000000,  r =  0,   d =    4,   t = 21,
       Sparse =   TRUE

       GenerCell = smultin_GenerCellSerial
       Number of cells = d^t =      4398046511104
       Expected number per cell =  1 /  219902.33
       EColl = n^2 / (2k) =  45.47473509
       Hashing =   TRUE

       Collision test

       CollisionOver:   density = n / k =  1 /  219902.33
       Expected number of collisions = Mu =      45.47


-----------------------------------------------
Results of CollisionOver test:

POISSON approximation                 :
Expected number of collisions = N*Mu  :     1364.24
Observed number of collisions         :     1329
p-value of test                       :    0.83

-----------------------------
Total number of cells containing j balls

  j =  0                              :  131940795334449
  j =  1                              :        599997342
  j =  2                              :             1329
  j =  3                              :                0
  j =  4                              :                0
  j =  5                              :                0

-----------------------------------------------
CPU time used                    :  00:03:42.39

Generator state:
 4-cmul Tempest v3\n



***********************************************************
Test smarsa_CollisionOver calling smultin_MultinomialOver

***********************************************************
HOST = 

4-cmul Tempest v3


smultin_MultinomialOver test:
-----------------------------------------------
   N = 30,  n = 20000000,  r = 28,   d =    4,   t = 21,
       Sparse =   TRUE

       GenerCell = smultin_GenerCellSerial
       Number of cells = d^t =      4398046511104
       Expected number per cell =  1 /  219902.33
       EColl = n^2 / (2k) =  45.47473509
       Hashing =   TRUE

       Collision test

       CollisionOver:   density = n / k =  1 /  219902.33
       Expected number of collisions = Mu =      45.47


-----------------------------------------------
Results of CollisionOver test:

POISSON approximation                 :
Expected number of collisions = N*Mu  :     1364.24
Observed number of collisions         :     1396
p-value of test                       :    0.20

-----------------------------
Total number of cells containing j balls

  j =  0                              :  131940795334516
  j =  1                              :        599997208
  j =  2                              :             1396
  j =  3                              :                0
  j =  4                              :                0
  j =  5                              :                0

-----------------------------------------------
CPU time used                    :  00:03:31.03

Generator state:
 4-cmul Tempest v3\n



***********************************************************
HOST = 

4-cmul Tempest v3


smarsa_BirthdaySpacings test:
-----------------------------------------------
   N = 250,  n = 4000000,  r =  0,    d = 1073741824,    t = 2,    p = 1


      Number of cells = d^t = 1152921504606846976
      Lambda = Poisson mean =      13.8778


----------------------------------------------------
Total expected number = N*Lambda      :    3469.45
Total observed number                 :    3306
p-value of test                       :    0.9973


-----------------------------------------------
CPU time used                    :  00:02:43.93

Generator state:
 4-cmul Tempest v3\n



***********************************************************
HOST = 

4-cmul Tempest v3


smarsa_BirthdaySpacings test:
-----------------------------------------------
   N = 20,  n = 20000000,  r =  0,    d = 2097152,    t = 3,    p = 1


      Number of cells = d^t = 9223372036854775808
      Lambda = Poisson mean =     216.8404


----------------------------------------------------
Total expected number = N*Lambda      :    4336.81
Total observed number                 :    4393
p-value of test                       :    0.20


-----------------------------------------------
CPU time used                    :  00:01:15.68

Generator state:
 4-cmul Tempest v3\n



***********************************************************
HOST = 

4-cmul Tempest v3


smarsa_BirthdaySpacings test:
-----------------------------------------------
   N = 20,  n = 30000000,  r = 14,    d = 65536,    t = 4,    p = 1


      Number of cells = d^t = 18446744073709551616
      Lambda = Poisson mean =     365.9182


----------------------------------------------------
Total expected number = N*Lambda      :    7318.36
Total observed number                 :    7241
p-value of test                       :    0.82


-----------------------------------------------
CPU time used                    :  00:02:04.18

Generator state:
 4-cmul Tempest v3\n



***********************************************************
HOST = 

4-cmul Tempest v3


smarsa_BirthdaySpacings test:
-----------------------------------------------
   N = 20,  n = 20000000,  r =  0,    d = 512,    t = 7,    p = 1


      Number of cells = d^t = 9223372036854775808
      Lambda = Poisson mean =     216.8404


----------------------------------------------------
Total expected number = N*Lambda      :    4336.81
Total observed number                 :    4438
p-value of test                       :    0.06


-----------------------------------------------
CPU time used                    :  00:01:35.31

Generator state:
 4-cmul Tempest v3\n



***********************************************************
HOST = 

4-cmul Tempest v3


smarsa_BirthdaySpacings test:
-----------------------------------------------
   N = 20,  n = 20000000,  r =  7,    d = 512,    t = 7,    p = 1


      Number of cells = d^t = 9223372036854775808
      Lambda = Poisson mean =     216.8404


----------------------------------------------------
Total expected number = N*Lambda      :    4336.81
Total observed number                 :    4309
p-value of test                       :    0.66


-----------------------------------------------
CPU time used                    :  00:01:37.50

Generator state:
 4-cmul Tempest v3\n



***********************************************************
HOST = 

4-cmul Tempest v3


smarsa_BirthdaySpacings test:
-----------------------------------------------
   N = 20,  n = 30000000,  r = 14,    d = 256,    t = 8,    p = 1


      Number of cells = d^t = 18446744073709551616
      Lambda = Poisson mean =     365.9182


----------------------------------------------------
Total expected number = N*Lambda      :    7318.36
Total observed number                 :    7410
p-value of test                       :    0.14


-----------------------------------------------
CPU time used                    :  00:02:23.48

Generator state:
 4-cmul Tempest v3\n



***********************************************************
HOST = 

4-cmul Tempest v3


smarsa_BirthdaySpacings test:
-----------------------------------------------
   N = 20,  n = 30000000,  r = 22,    d = 256,    t = 8,    p = 1


      Number of cells = d^t = 18446744073709551616
      Lambda = Poisson mean =     365.9182


----------------------------------------------------
Total expected number = N*Lambda      :    7318.36
Total observed number                 :    7359
p-value of test                       :    0.32


-----------------------------------------------
CPU time used                    :  00:02:06.09

Generator state:
 4-cmul Tempest v3\n



***********************************************************
HOST = 

4-cmul Tempest v3


smarsa_BirthdaySpacings test:
-----------------------------------------------
   N = 20,  n = 30000000,  r =  0,    d = 16,    t = 16,    p = 1


      Number of cells = d^t = 18446744073709551616
      Lambda = Poisson mean =     365.9182


----------------------------------------------------
Total expected number = N*Lambda      :    7318.36
Total observed number                 :    7311
p-value of test                       :    0.53


-----------------------------------------------
CPU time used                    :  00:02:41.98

Generator state:
 4-cmul Tempest v3\n



***********************************************************
HOST = 

4-cmul Tempest v3


smarsa_BirthdaySpacings test:
-----------------------------------------------
   N = 20,  n = 30000000,  r = 26,    d = 16,    t = 16,    p = 1


      Number of cells = d^t = 18446744073709551616
      Lambda = Poisson mean =     365.9182


----------------------------------------------------
Total expected number = N*Lambda      :    7318.36
Total observed number                 :    7207
p-value of test                       :    0.90


-----------------------------------------------
CPU time used                    :  00:02:54.56

Generator state:
 4-cmul Tempest v3\n



***********************************************************
HOST = 

4-cmul Tempest v3


snpair_ClosePairs test:
-----------------------------------------------
   N = 30,  n = 6000000,  r =  0,  t = 3,  p = 0,  m = 30,  Torus =  TRUE


---------------------------------------
Test based on the 2 nearest points (NP):

Stat. AD on the N values (NP)         :    0.36
p-value of test                       :    0.88


A2 test based on the spacings between the
   successive jump times of process Y_n(t):

A2 test on the values of A2 (m-NP)    :    1.59
p-value of test                       :    0.16

Test on the Nm values of W_{n,i}(mNP1):    0.31
p-value of test                       :    0.93

Test on the jump times of Y
   (superposition of Yn):

Expected number of jumps of Y = mN    :     900
Number of jumps of Y                  :     893
p-value of test                       :    0.58

Stat. AD (mNP2)                       :    0.67
p-value of test                       :    0.58

Stat. AD after spacings (mNP2-S)      :    0.82
p-value of test                       :    0.47

-----------------------------------------------
CPU time used                    :  00:01:17.79

Generator state:
 4-cmul Tempest v3\n



***********************************************************
HOST = 

4-cmul Tempest v3


snpair_ClosePairs test:
-----------------------------------------------
   N = 20,  n = 4000000,  r =  0,  t = 5,  p = 0,  m = 30,  Torus =  TRUE


---------------------------------------
Test based on the 2 nearest points (NP):

Stat. AD on the N values (NP)         :    1.04
p-value of test                       :    0.34


A2 test based on the spacings between the
   successive jump times of process Y_n(t):

A2 test on the values of A2 (m-NP)    :    1.83
p-value of test                       :    0.11

Test on the Nm values of W_{n,i}(mNP1):    0.44
p-value of test                       :    0.81

Test on the jump times of Y
   (superposition of Yn):

Expected number of jumps of Y = mN    :     600
Number of jumps of Y                  :     600
p-value of test                       :    0.51

Stat. AD (mNP2)                       :    1.03
p-value of test                       :    0.34

Stat. AD after spacings (mNP2-S)      :    0.92
p-value of test                       :    0.40

-----------------------------------------------
CPU time used                    :  00:00:48.35

Generator state:
 4-cmul Tempest v3\n



***********************************************************
HOST = 

4-cmul Tempest v3


snpair_ClosePairs test:
-----------------------------------------------
   N = 10,  n = 3000000,  r =  0,  t = 9,  p = 0,  m = 30,  Torus =  TRUE


---------------------------------------
Test based on the 2 nearest points (NP):

Stat. AD on the N values (NP)         :    0.43
p-value of test                       :    0.81


A2 test based on the spacings between the
   successive jump times of process Y_n(t):

A2 test on the values of A2 (m-NP)    :    2.61
p-value of test                       :    0.04

Test on the Nm values of W_{n,i}(mNP1):    0.66
p-value of test                       :    0.59

Test on the jump times of Y
   (superposition of Yn):

Expected number of jumps of Y = mN    :     300
Number of jumps of Y                  :     288
p-value of test                       :    0.74

Stat. AD (mNP2)                       :    0.49
p-value of test                       :    0.76

Stat. AD after spacings (mNP2-S)      :    0.46
p-value of test                       :    0.79

-----------------------------------------------
CPU time used                    :  00:01:18.06

Generator state:
 4-cmul Tempest v3\n



***********************************************************
HOST = 

4-cmul Tempest v3


snpair_ClosePairs test:
-----------------------------------------------
   N =  5,  n = 2000000,  r =  0,  t = 16,  p = 0,  m = 30,  Torus =  TRUE


---------------------------------------
Test based on the 2 nearest points (NP):

Stat. AD on the N values (NP)         :    0.83
p-value of test                       :    0.46


A2 test based on the spacings between the
   successive jump times of process Y_n(t):

A2 test on the values of A2 (m-NP)    :    0.31
p-value of test                       :    0.93

Test on the Nm values of W_{n,i}(mNP1):    1.11
p-value of test                       :    0.30

Test on the jump times of Y
   (superposition of Yn):

Expected number of jumps of Y = mN    :     150
Number of jumps of Y                  :     129
p-value of test                       :    0.96

Stat. AD (mNP2)                       :    0.72
p-value of test                       :    0.54

Stat. AD after spacings (mNP2-S)      :    0.87
p-value of test                       :    0.43

-----------------------------------------------
CPU time used                    :  00:01:38.89

Generator state:
 4-cmul Tempest v3\n



***********************************************************
HOST = 

4-cmul Tempest v3


sknuth_SimpPoker test:
-----------------------------------------------
   N =  1,  n = 400000000,  r =  0,   d =    8,   k =    8


-----------------------------------------------
Number of degrees of freedom          :    7
Chi-square statistic                  :    7.67
p-value of test                       :    0.36

-----------------------------------------------
CPU time used                    :  00:00:43.92

Generator state:
 4-cmul Tempest v3\n



***********************************************************
HOST = 

4-cmul Tempest v3


sknuth_SimpPoker test:
-----------------------------------------------
   N =  1,  n = 400000000,  r = 27,   d =    8,   k =    8


-----------------------------------------------
Number of degrees of freedom          :    7
Chi-square statistic                  :    2.31
p-value of test                       :    0.94

-----------------------------------------------
CPU time used                    :  00:00:50.76

Generator state:
 4-cmul Tempest v3\n



***********************************************************
HOST = 

4-cmul Tempest v3


sknuth_SimpPoker test:
-----------------------------------------------
   N =  1,  n = 100000000,  r =  0,   d =   32,   k =   32


-----------------------------------------------
Number of degrees of freedom          :   18
Chi-square statistic                  :   22.66
p-value of test                       :    0.20

-----------------------------------------------
CPU time used                    :  00:00:46.04

Generator state:
 4-cmul Tempest v3\n



***********************************************************
HOST = 

4-cmul Tempest v3


sknuth_SimpPoker test:
-----------------------------------------------
   N =  1,  n = 100000000,  r = 25,   d =   32,   k =   32


-----------------------------------------------
Number of degrees of freedom          :   18
Chi-square statistic                  :   30.62
p-value of test                       :    0.03

-----------------------------------------------
CPU time used                    :  00:01:00.09

Generator state:
 4-cmul Tempest v3\n



***********************************************************
HOST = 

4-cmul Tempest v3


sknuth_CouponCollector test:
-----------------------------------------------
   N =  1,  n = 200000000,  r =  0,   d =    8


-----------------------------------------------
Number of degrees of freedom          :   54
Chi-square statistic                  :   48.99
p-value of test                       :    0.67

-----------------------------------------------
CPU time used                    :  00:01:08.67

Generator state:
 4-cmul Tempest v3\n



***********************************************************
HOST = 

4-cmul Tempest v3


sknuth_CouponCollector test:
-----------------------------------------------
   N =  1,  n = 200000000,  r = 10,   d =    8


-----------------------------------------------
Number of degrees of freedom          :   54
Chi-square statistic                  :   53.04
p-value of test                       :    0.51

-----------------------------------------------
CPU time used                    :  00:01:17.67

Generator state:
 4-cmul Tempest v3\n



***********************************************************
HOST = 

4-cmul Tempest v3


sknuth_CouponCollector test:
-----------------------------------------------
   N =  1,  n = 200000000,  r = 20,   d =    8


-----------------------------------------------
Number of degrees of freedom          :   54
Chi-square statistic                  :   51.07
p-value of test                       :    0.59

-----------------------------------------------
CPU time used                    :  00:01:18.48

Generator state:
 4-cmul Tempest v3\n



***********************************************************
HOST = 

4-cmul Tempest v3


sknuth_CouponCollector test:
-----------------------------------------------
   N =  1,  n = 200000000,  r = 27,   d =    8


-----------------------------------------------
Number of degrees of freedom          :   54
Chi-square statistic                  :   54.57
p-value of test                       :    0.45

-----------------------------------------------
CPU time used                    :  00:01:18.85

Generator state:
 4-cmul Tempest v3\n



***********************************************************
HOST = 

4-cmul Tempest v3


sknuth_Gap test:
-----------------------------------------------
   N =  1,  n = 500000000,  r =  0,   Alpha =        0,   Beta  =   0.0625


-----------------------------------------------
Number of degrees of freedom          :  232
Chi-square statistic                  :  216.67
p-value of test                       :    0.76

-----------------------------------------------
CPU time used                    :  00:01:42.82

Generator state:
 4-cmul Tempest v3\n



***********************************************************
HOST = 

4-cmul Tempest v3


sknuth_Gap test:
-----------------------------------------------
   N =  1,  n = 300000000,  r = 25,   Alpha =        0,   Beta  =  0.03125


-----------------------------------------------
Number of degrees of freedom          :  434
Chi-square statistic                  :  399.38
p-value of test                       :    0.88

-----------------------------------------------
CPU time used                    :  00:02:09.84

Generator state:
 4-cmul Tempest v3\n



***********************************************************
HOST = 

4-cmul Tempest v3


sknuth_Gap test:
-----------------------------------------------
   N =  1,  n = 100000000,  r =  0,   Alpha =        0,   Beta  = 0.0078125


-----------------------------------------------
Number of degrees of freedom          : 1437
Chi-square statistic                  : 1355.42
p-value of test                       :    0.94

-----------------------------------------------
CPU time used                    :  00:02:32.67

Generator state:
 4-cmul Tempest v3\n



***********************************************************
HOST = 

4-cmul Tempest v3


sknuth_Gap test:
-----------------------------------------------
   N =  1,  n = 10000000,  r = 20,   Alpha =        0,   Beta  = 0.000976562


-----------------------------------------------
Number of degrees of freedom          : 7046
Chi-square statistic                  : 7157.91
p-value of test                       :    0.17

-----------------------------------------------
CPU time used                    :  00:02:10.67

Generator state:
 4-cmul Tempest v3\n



***********************************************************
HOST = 

4-cmul Tempest v3


sknuth_Run test:
-----------------------------------------------
   N =  5,  n = 1000000000,  r =  0,   Up = FALSE


-----------------------------------------------

Kolmogorov-Smirnov+ statistic = D+    :    0.40
p-value of test                       :    0.16

Kolmogorov-Smirnov- statistic = D-    :    0.16
p-value of test                       :    0.71

Anderson-Darling statistic = A2       :    0.60
p-value of test                       :    0.64

Test on the sum of all N observations
Number of degrees of freedom          :   30
Chi-square statistic                  :   25.42
p-value of test                       :    0.70

-----------------------------------------------
CPU time used                    :  00:01:19.57

Generator state:
 4-cmul Tempest v3\n



***********************************************************
HOST = 

4-cmul Tempest v3


sknuth_Run test:
-----------------------------------------------
   N = 10,  n = 1000000000,  r = 15,   Up =  TRUE


-----------------------------------------------

Kolmogorov-Smirnov+ statistic = D+    :    0.32
p-value of test                       :    0.10

Kolmogorov-Smirnov- statistic = D-    :   0.048
p-value of test                       :    0.93

Anderson-Darling statistic = A2       :    2.46
p-value of test                       :    0.05

Test on the sum of all N observations
Number of degrees of freedom          :   60
Chi-square statistic                  :   39.58
p-value of test                       :    0.98

-----------------------------------------------
CPU time used                    :  00:03:00.82

Generator state:
 4-cmul Tempest v3\n



***********************************************************
Test sknuth_Permutation calling smultin_Multinomial

***********************************************************
HOST = 

4-cmul Tempest v3


smultin_Multinomial test:
-----------------------------------------------
   N =  1,  n = 1000000000,  r =  5,   t =  3,
       Sparse =  FALSE

       GenerCell = smultin_GenerCellPermut
       Number of cells = t! =                  6
       Expected number per cell =  1.6666667e+08
       Hashing =  FALSE

   For Delta > -1, we use the ChiSquare approximation
   Correction factor of the ChiSquare: 
       Delta =     1,    Mu =  2.5000002e-09,    Sigma =          1

-----------------------------------------------
Test Results for Delta =   1.0000

Number of degrees of freedom          :    5
Value of the statistic                :    3.82
p-value of test                       :    0.57


-----------------------------------------------
CPU time used                    :  00:00:47.85

Generator state:
 4-cmul Tempest v3\n



***********************************************************
Test sknuth_Permutation calling smultin_Multinomial

***********************************************************
HOST = 

4-cmul Tempest v3


smultin_Multinomial test:
-----------------------------------------------
   N =  1,  n = 1000000000,  r =  5,   t =  5,
       Sparse =  FALSE

       GenerCell = smultin_GenerCellPermut
       Number of cells = t! =                120
       Expected number per cell =   8333333.3
       Hashing =  FALSE

   For Delta > -1, we use the ChiSquare approximation
   Correction factor of the ChiSquare: 
       Delta =     1,    Mu =  5.9500005e-08,    Sigma =          1

-----------------------------------------------
Test Results for Delta =   1.0000

Number of degrees of freedom          :  119
Value of the statistic                :  109.61
p-value of test                       :    0.72


-----------------------------------------------
CPU time used                    :  00:01:32.07

Generator state:
 4-cmul Tempest v3\n



***********************************************************
Test sknuth_Permutation calling smultin_Multinomial

***********************************************************
HOST = 

4-cmul Tempest v3


smultin_Multinomial test:
-----------------------------------------------
   N =  1,  n = 500000000,  r =  5,   t =  7,
       Sparse =  FALSE

       GenerCell = smultin_GenerCellPermut
       Number of cells = t! =               5040
       Expected number per cell =   99206.349
       Hashing =  FALSE

   For Delta > -1, we use the ChiSquare approximation
   Correction factor of the ChiSquare: 
       Delta =     1,    Mu =  5.0390004e-06,    Sigma =          1

-----------------------------------------------
Test Results for Delta =   1.0000

Number of degrees of freedom          : 5039
Value of the statistic                : 4949.46
p-value of test                       :    0.81


-----------------------------------------------
CPU time used                    :  00:01:14.67

Generator state:
 4-cmul Tempest v3\n



***********************************************************
Test sknuth_Permutation calling smultin_Multinomial

***********************************************************
HOST = 

4-cmul Tempest v3


smultin_Multinomial test:
-----------------------------------------------
   N =  1,  n = 500000000,  r = 10,   t = 10,
       Sparse =  FALSE

       GenerCell = smultin_GenerCellPermut
       Number of cells = t! =            3628800
       Expected number per cell =    137.7866
       Hashing =  FALSE

   For Delta > -1, we use the ChiSquare approximation
   Correction factor of the ChiSquare: 
       Delta =     1,    Mu =   0.0036287993,    Sigma =          1

-----------------------------------------------
Test Results for Delta =   1.0000

Number of degrees of freedom          : 3628799
Value of the statistic                : 3.63e+6
p-value of test                       :    0.42


-----------------------------------------------
CPU time used                    :  00:02:40.50

Generator state:
 4-cmul Tempest v3\n



***********************************************************
Test sknuth_CollisionPermut calling smultin_Multinomial

***********************************************************
HOST = 

4-cmul Tempest v3


smultin_Multinomial test:
-----------------------------------------------
   N = 20,  n = 20000000,  r =  0,   t = 14,
       Sparse =   TRUE

       GenerCell = smultin_GenerCellPermut
       Number of cells = t! =        87178291200
       Expected number per cell =  1 /  4358.9146
       EColl = n^2 / (2k) =   2294.14912
       Hashing =   TRUE

       Collision test,    Mu =      2293.9736,    Sigma =    47.8841

-----------------------------------------------
Test Results for Collisions

For the total number of collisions, we use
      the Poisson approximation:
Expected number of collisions = N*Mu  :    45879.47
Observed number of collisions         :    45920
p-value of test                       :    0.43


-----------------------------
Total number of cells containing j balls

  j =  0                              :    1743165869920
  j =  1                              :        399908161
  j =  2                              :            45918
  j =  3                              :                1
  j =  4                              :                0
  j =  5                              :                0

-----------------------------------------------
CPU time used                    :  00:04:15.43

Generator state:
 4-cmul Tempest v3\n



***********************************************************
Test sknuth_CollisionPermut calling smultin_Multinomial

***********************************************************
HOST = 

4-cmul Tempest v3


smultin_Multinomial test:
-----------------------------------------------
   N = 20,  n = 20000000,  r = 10,   t = 14,
       Sparse =   TRUE

       GenerCell = smultin_GenerCellPermut
       Number of cells = t! =        87178291200
       Expected number per cell =  1 /  4358.9146
       EColl = n^2 / (2k) =   2294.14912
       Hashing =   TRUE

       Collision test,    Mu =      2293.9736,    Sigma =    47.8841

-----------------------------------------------
Test Results for Collisions

For the total number of collisions, we use
      the Poisson approximation:
Expected number of collisions = N*Mu  :    45879.47
Observed number of collisions         :    46034
p-value of test                       :    0.24


-----------------------------
Total number of cells containing j balls

  j =  0                              :    1743165870034
  j =  1                              :        399907938
  j =  2                              :            46022
  j =  3                              :                6
  j =  4                              :                0
  j =  5                              :                0

-----------------------------------------------
CPU time used                    :  00:04:26.81

Generator state:
 4-cmul Tempest v3\n



***********************************************************
HOST = 

4-cmul Tempest v3


sknuth_MaxOft test:
-----------------------------------------------
   N = 40,  n = 10000000,  r =  0,   d = 100000,   t =  8

      Number of categories = 100000
      Expected number per category  = 100.00


-----------------------------------------------
Test results for chi2 with 99999 degrees of freedom:

Kolmogorov-Smirnov+ statistic = D+    :    0.13
p-value of test                       :    0.21

Kolmogorov-Smirnov- statistic = D-    :   0.081
p-value of test                       :    0.56

Anderson-Darling statistic = A2       :    0.49
p-value of test                       :    0.75

Test on the sum of all N observations
Number of degrees of freedom          : 3999960
Chi-square statistic                  : 4.00e+6
p-value of test                       :    0.47


-----------------------------------------------
Test results for Anderson-Darling:

Kolmogorov-Smirnov+ statistic = D+    :    0.11
p-value of test                       :    0.34

Kolmogorov-Smirnov- statistic = D-    :    0.10
p-value of test                       :    0.40

Anderson-Darling statistic = A2       :    0.70
p-value of test                       :    0.56


-----------------------------------------------
CPU time used                    :  00:01:55.06

Generator state:
 4-cmul Tempest v3\n



***********************************************************
HOST = 

4-cmul Tempest v3


sknuth_MaxOft test:
-----------------------------------------------
   N = 30,  n = 10000000,  r =  0,   d = 100000,   t = 16

      Number of categories = 100000
      Expected number per category  = 100.00


-----------------------------------------------
Test results for chi2 with 99999 degrees of freedom:

Kolmogorov-Smirnov+ statistic = D+    :   0.078
p-value of test                       :    0.66

Kolmogorov-Smirnov- statistic = D-    :   0.085
p-value of test                       :    0.61

Anderson-Darling statistic = A2       :    0.27
p-value of test                       :    0.96

Test on the sum of all N observations
Number of degrees of freedom          : 2999970
Chi-square statistic                  : 3.00e+6
p-value of test                       :    0.47


-----------------------------------------------
Test results for Anderson-Darling:

Kolmogorov-Smirnov+ statistic = D+    :    0.16
p-value of test                       :    0.19

Kolmogorov-Smirnov- statistic = D-    :   0.052
p-value of test                       :    0.82

Anderson-Darling statistic = A2       :    0.77
p-value of test                       :    0.50


-----------------------------------------------
CPU time used                    :  00:01:54.26

Generator state:
 4-cmul Tempest v3\n



***********************************************************
HOST = 

4-cmul Tempest v3


sknuth_MaxOft test:
-----------------------------------------------
   N = 20,  n = 10000000,  r =  0,   d = 100000,   t = 24

      Number of categories = 100000
      Expected number per category  = 100.00


-----------------------------------------------
Test results for chi2 with 99999 degrees of freedom:

Kolmogorov-Smirnov+ statistic = D+    :   0.088
p-value of test                       :    0.69

Kolmogorov-Smirnov- statistic = D-    :    0.19
p-value of test                       :    0.21

Anderson-Darling statistic = A2       :    0.92
p-value of test                       :    0.40

Test on the sum of all N observations
Number of degrees of freedom          : 1999980
Chi-square statistic                  : 2.00e+6
p-value of test                       :    0.18


-----------------------------------------------
Test results for Anderson-Darling:

Kolmogorov-Smirnov+ statistic = D+    :   0.047
p-value of test                       :    0.89

Kolmogorov-Smirnov- statistic = D-    :    0.14
p-value of test                       :    0.40

Anderson-Darling statistic = A2       :    0.48
p-value of test                       :    0.77


-----------------------------------------------
CPU time used                    :  00:01:36.32

Generator state:
 4-cmul Tempest v3\n



***********************************************************
HOST = 

4-cmul Tempest v3


sknuth_MaxOft test:
-----------------------------------------------
   N = 20,  n = 10000000,  r =  0,   d = 100000,   t = 32

      Number of categories = 100000
      Expected number per category  = 100.00


-----------------------------------------------
Test results for chi2 with 99999 degrees of freedom:

Kolmogorov-Smirnov+ statistic = D+    :   0.046
p-value of test                       :    0.89

Kolmogorov-Smirnov- statistic = D-    :    0.16
p-value of test                       :    0.31

Anderson-Darling statistic = A2       :    0.56
p-value of test                       :    0.68

Test on the sum of all N observations
Number of degrees of freedom          : 1999980
Chi-square statistic                  : 2.00e+6
p-value of test                       :    0.23


-----------------------------------------------
Test results for Anderson-Darling:

Kolmogorov-Smirnov+ statistic = D+    :    0.14
p-value of test                       :    0.42

Kolmogorov-Smirnov- statistic = D-    :   0.050
p-value of test                       :    0.87

Anderson-Darling statistic = A2       :    0.67
p-value of test                       :    0.58


-----------------------------------------------
CPU time used                    :  00:01:56.37

Generator state:
 4-cmul Tempest v3\n



***********************************************************
HOST = 

4-cmul Tempest v3


svaria_SampleProd test:
-----------------------------------------------
   N = 40,  n = 10000000,  r =  0,   t = 8


-----------------------------------------------

Kolmogorov-Smirnov+ statistic = D+    :    0.12
p-value of test                       :    0.28

Kolmogorov-Smirnov- statistic = D-    :   0.054
p-value of test                       :    0.77

Anderson-Darling statistic = A2       :    0.44
p-value of test                       :    0.80

-----------------------------------------------
CPU time used                    :  00:01:59.92

Generator state:
 4-cmul Tempest v3\n



***********************************************************
HOST = 

4-cmul Tempest v3


svaria_SampleProd test:
-----------------------------------------------
   N = 20,  n = 10000000,  r =  0,   t = 16


-----------------------------------------------

Kolmogorov-Smirnov+ statistic = D+    :   0.073
p-value of test                       :    0.77

Kolmogorov-Smirnov- statistic = D-    :    0.14
p-value of test                       :    0.40

Anderson-Darling statistic = A2       :    0.95
p-value of test                       :    0.38

-----------------------------------------------
CPU time used                    :  00:01:20.79

Generator state:
 4-cmul Tempest v3\n



***********************************************************
HOST = 

4-cmul Tempest v3


svaria_SampleProd test:
-----------------------------------------------
   N = 20,  n = 10000000,  r =  0,   t = 24


-----------------------------------------------

Kolmogorov-Smirnov+ statistic = D+    :    0.15
p-value of test                       :    0.35

Kolmogorov-Smirnov- statistic = D-    :    0.19
p-value of test                       :    0.22

Anderson-Darling statistic = A2       :    0.67
p-value of test                       :    0.59

-----------------------------------------------
CPU time used                    :  00:01:41.46

Generator state:
 4-cmul Tempest v3\n



***********************************************************
HOST = 

4-cmul Tempest v3


svaria_SampleMean test:
-----------------------------------------------
   N = 20000000,  n = 30,  r =  0


-----------------------------------------------

Kolmogorov-Smirnov+ statistic = D+    : 1.29e-4
p-value of test                       :    0.51

Kolmogorov-Smirnov- statistic = D-    : 8.85e-5
p-value of test                       :    0.73

Anderson-Darling statistic = A2       :    0.22
p-value of test                       :    0.98

-----------------------------------------------
CPU time used                    :  00:00:14.50

Generator state:
 4-cmul Tempest v3\n



***********************************************************
HOST = 

4-cmul Tempest v3


svaria_SampleMean test:
-----------------------------------------------
   N = 20000000,  n = 30,  r = 10


-----------------------------------------------

Kolmogorov-Smirnov+ statistic = D+    : 6.68e-5
p-value of test                       :    0.84

Kolmogorov-Smirnov- statistic = D-    : 3.00e-4
p-value of test                       :    0.03

Anderson-Darling statistic = A2       :    1.77
p-value of test                       :    0.12

-----------------------------------------------
CPU time used                    :  00:00:13.26

Generator state:
 4-cmul Tempest v3\n



***********************************************************
HOST = 

4-cmul Tempest v3


svaria_SampleCorr test:
-----------------------------------------------
   N =  1,  n = 2000000000,  r =  0,   k = 1


-----------------------------------------------
Normal statistic                      :    0.94
p-value of test                       :    0.17

-----------------------------------------------
CPU time used                    :  00:00:25.70

Generator state:
 4-cmul Tempest v3\n



***********************************************************
HOST = 

4-cmul Tempest v3


svaria_SampleCorr test:
-----------------------------------------------
   N =  1,  n = 2000000000,  r =  0,   k = 2


-----------------------------------------------
Normal statistic                      :   -0.15
p-value of test                       :    0.56

-----------------------------------------------
CPU time used                    :  00:00:23.64

Generator state:
 4-cmul Tempest v3\n



***********************************************************
HOST = 

4-cmul Tempest v3


svaria_AppearanceSpacings test:
-----------------------------------------------
   N =  1,   Q = 10000000,   K = 1000000000,   r = 0,   s = 3,   L = 15

   Sequences of n = (K + Q)L =  15150000000 bits
   Q = 10000000 initialization blocks
   K = 1000000000 blocks for the test
   the blocks have L = 15 bits



-----------------------------------------------
Normal statistic                      :   -0.47
p-value of test                       :    0.68

-----------------------------------------------
CPU time used                    :  00:01:40.00

Generator state:
 4-cmul Tempest v3\n



***********************************************************
HOST = 

4-cmul Tempest v3


svaria_AppearanceSpacings test:
-----------------------------------------------
   N =  1,   Q = 10000000,   K = 1000000000,   r = 27,   s = 3,   L = 15

   Sequences of n = (K + Q)L =  15150000000 bits
   Q = 10000000 initialization blocks
   K = 1000000000 blocks for the test
   the blocks have L = 15 bits



-----------------------------------------------
Normal statistic                      :   -1.04
p-value of test                       :    0.85

-----------------------------------------------
CPU time used                    :  00:01:41.28

Generator state:
 4-cmul Tempest v3\n



***********************************************************
HOST = 

4-cmul Tempest v3


svaria_WeightDistrib test:
-----------------------------------------------
   N =  1,  n = 20000000,  r =  0,  k = 256,  Alpha =      0,  Beta =   0.25


-----------------------------------------------
Number of degrees of freedom          :   67
Chi-square statistic                  :   70.56
p-value of test                       :    0.36

-----------------------------------------------
CPU time used                    :  00:01:01.81

Generator state:
 4-cmul Tempest v3\n



***********************************************************
HOST = 

4-cmul Tempest v3


svaria_WeightDistrib test:
-----------------------------------------------
   N =  1,  n = 20000000,  r = 20,  k = 256,  Alpha =      0,  Beta =   0.25


-----------------------------------------------
Number of degrees of freedom          :   67
Chi-square statistic                  :   55.20
p-value of test                       :    0.85

-----------------------------------------------
CPU time used                    :  00:01:06.93

Generator state:
 4-cmul Tempest v3\n



***********************************************************
HOST = 

4-cmul Tempest v3


svaria_WeightDistrib test:
-----------------------------------------------
   N =  1,  n = 20000000,  r = 28,  k = 256,  Alpha =      0,  Beta =   0.25


-----------------------------------------------
Number of degrees of freedom          :   67
Chi-square statistic                  :   58.61
p-value of test                       :    0.76

-----------------------------------------------
CPU time used                    :  00:01:00.25

Generator state:
 4-cmul Tempest v3\n



***********************************************************
HOST = 

4-cmul Tempest v3


svaria_WeightDistrib test:
-----------------------------------------------
   N =  1,  n = 20000000,  r =  0,  k = 256,  Alpha =      0,  Beta = 0.0625


-----------------------------------------------
Number of degrees of freedom          :   37
Chi-square statistic                  :   33.06
p-value of test                       :    0.65

-----------------------------------------------
CPU time used                    :  00:01:02.17

Generator state:
 4-cmul Tempest v3\n



***********************************************************
HOST = 

4-cmul Tempest v3


svaria_WeightDistrib test:
-----------------------------------------------
   N =  1,  n = 20000000,  r = 10,  k = 256,  Alpha =      0,  Beta = 0.0625


-----------------------------------------------
Number of degrees of freedom          :   37
Chi-square statistic                  :   33.38
p-value of test                       :    0.64

-----------------------------------------------
CPU time used                    :  00:01:08.65

Generator state:
 4-cmul Tempest v3\n



***********************************************************
HOST = 

4-cmul Tempest v3


svaria_WeightDistrib test:
-----------------------------------------------
   N =  1,  n = 20000000,  r = 26,  k = 256,  Alpha =      0,  Beta = 0.0625


-----------------------------------------------
Number of degrees of freedom          :   37
Chi-square statistic                  :   55.71
p-value of test                       :    0.02

-----------------------------------------------
CPU time used                    :  00:01:12.29

Generator state:
 4-cmul Tempest v3\n



***********************************************************
HOST = 

4-cmul Tempest v3


svaria_SumCollector test:
-----------------------------------------------
   N =  1,  n = 500000000,  r =  0,   g = 10


-----------------------------------------------
Number of degrees of freedom          :   29
Chi-square statistic                  :   33.15
p-value of test                       :    0.27

-----------------------------------------------
CPU time used                    :  00:02:03.46

Generator state:
 4-cmul Tempest v3\n



***********************************************************
HOST = 

4-cmul Tempest v3


smarsa_MatrixRank test:
-----------------------------------------------
   N = 10,  n = 1000000,  r =  0,    s = 5,    L = 30,    k = 30


-----------------------------------------------

Kolmogorov-Smirnov+ statistic = D+    :    0.25
p-value of test                       :    0.24

Kolmogorov-Smirnov- statistic = D-    :    0.11
p-value of test                       :    0.73

Anderson-Darling statistic = A2       :    0.67
p-value of test                       :    0.58

Test on the sum of all N observations
Number of degrees of freedom          :   40
Chi-square statistic                  :   32.50
p-value of test                       :    0.79

-----------------------------------------------
CPU time used                    :  00:00:54.43

Generator state:
 4-cmul Tempest v3\n



***********************************************************
HOST = 

4-cmul Tempest v3


smarsa_MatrixRank test:
-----------------------------------------------
   N = 10,  n = 1000000,  r = 25,    s = 5,    L = 30,    k = 30


-----------------------------------------------

Kolmogorov-Smirnov+ statistic = D+    :    0.38
p-value of test                       :    0.04

Kolmogorov-Smirnov- statistic = D-    :   0.028
p-value of test                       :    0.96

Anderson-Darling statistic = A2       :    2.95
p-value of test                       :    0.03

Test on the sum of all N observations
Number of degrees of freedom          :   40
Chi-square statistic                  :   21.38
p-value of test                       :    0.9930

-----------------------------------------------
CPU time used                    :  00:00:54.04

Generator state:
 4-cmul Tempest v3\n



***********************************************************
HOST = 

4-cmul Tempest v3


smarsa_MatrixRank test:
-----------------------------------------------
   N =  1,  n = 5000,  r =  0,    s = 4,    L = 1000,    k = 1000


-----------------------------------------------
Number of degrees of freedom          :    3
Chi-square statistic                  :    1.52
p-value of test                       :    0.68

-----------------------------------------------
CPU time used                    :  00:01:17.21

Generator state:
 4-cmul Tempest v3\n



***********************************************************
HOST = 

4-cmul Tempest v3


smarsa_MatrixRank test:
-----------------------------------------------
   N =  1,  n = 5000,  r = 26,    s = 4,    L = 1000,    k = 1000


-----------------------------------------------
Number of degrees of freedom          :    3
Chi-square statistic                  :    0.20
p-value of test                       :    0.98

-----------------------------------------------
CPU time used                    :  00:01:15.10

Generator state:
 4-cmul Tempest v3\n



***********************************************************
HOST = 

4-cmul Tempest v3


smarsa_MatrixRank test:
-----------------------------------------------
   N =  1,  n = 80,  r = 15,    s = 15,    L = 5000,    k = 5000


-----------------------------------------------
Number of degrees of freedom          :    2
Chi-square statistic                  :   0.059
p-value of test                       :    0.97

-----------------------------------------------
CPU time used                    :  00:00:53.03

Generator state:
 4-cmul Tempest v3\n



***********************************************************
HOST = 

4-cmul Tempest v3


smarsa_MatrixRank test:
-----------------------------------------------
   N =  1,  n = 80,  r =  0,    s = 30,    L = 5000,    k = 5000


-----------------------------------------------
Number of degrees of freedom          :    2
Chi-square statistic                  :    1.59
p-value of test                       :    0.45

-----------------------------------------------
CPU time used                    :  00:00:45.40

Generator state:
 4-cmul Tempest v3\n



***********************************************************
HOST = 

4-cmul Tempest v3


smarsa_Savir2 test:
-----------------------------------------------
   N = 10,  n = 10000000,  r = 10,    m = 1048576,    t = 30


-----------------------------------------------

Kolmogorov-Smirnov+ statistic = D+    :   0.051
p-value of test                       :    0.92

Kolmogorov-Smirnov- statistic = D-    :    0.27
p-value of test                       :    0.19

Anderson-Darling statistic = A2       :    0.93
p-value of test                       :    0.40

Test on the sum of all N observations
Number of degrees of freedom          :  130
Chi-square statistic                  :  147.00
p-value of test                       :    0.15

-----------------------------------------------
CPU time used                    :  00:00:41.42

Generator state:
 4-cmul Tempest v3\n



***********************************************************
HOST = 

4-cmul Tempest v3


smarsa_GCD test:
-----------------------------------------------
   N = 10,  n = 50000000,  r =  0,   s = 30


-----------------------------------------------
Test results for GCD values:

Kolmogorov-Smirnov+ statistic = D+    :    0.11
p-value of test                       :    0.72

Kolmogorov-Smirnov- statistic = D-    :    0.38
p-value of test                       :    0.04

Anderson-Darling statistic = A2       :    1.81
p-value of test                       :    0.12

Test on the sum of all N observations
Number of degrees of freedom          : 17430
Chi-square statistic                  :17713.66
p-value of test                       :    0.06



-----------------------------------------------
CPU time used                    :  00:00:34.70

Generator state:
 4-cmul Tempest v3\n



***********************************************************
HOST = 

4-cmul Tempest v3


swalk_RandomWalk1 test:
-----------------------------------------------
   N =  1,  n = 100000000,  r =  0,   s = 5,   L0 =   50,   L1 =   50



-----------------------------------------------
Test on the values of the Statistic H

Number of degrees of freedom          :   36
ChiSquare statistic                   :   34.59
p-value of test                       :    0.54


-----------------------------------------------
Test on the values of the Statistic M

Number of degrees of freedom          :   35
ChiSquare statistic                   :   41.96
p-value of test                       :    0.19


-----------------------------------------------
Test on the values of the Statistic J

Number of degrees of freedom          :   25
ChiSquare statistic                   :   26.68
p-value of test                       :    0.37


-----------------------------------------------
Test on the values of the Statistic R

Number of degrees of freedom          :   24
ChiSquare statistic                   :   16.26
p-value of test                       :    0.88


-----------------------------------------------
Test on the values of the Statistic C

Number of degrees of freedom          :   17
ChiSquare statistic                   :   22.93
p-value of test                       :    0.15


-----------------------------------------------
CPU time used                    :  00:00:30.81

Generator state:
 4-cmul Tempest v3\n



***********************************************************
HOST = 

4-cmul Tempest v3


swalk_RandomWalk1 test:
-----------------------------------------------
   N =  1,  n = 100000000,  r = 25,   s = 5,   L0 =   50,   L1 =   50



-----------------------------------------------
Test on the values of the Statistic H

Number of degrees of freedom          :   36
ChiSquare statistic                   :   31.26
p-value of test                       :    0.69


-----------------------------------------------
Test on the values of the Statistic M

Number of degrees of freedom          :   35
ChiSquare statistic                   :   46.25
p-value of test                       :    0.10


-----------------------------------------------
Test on the values of the Statistic J

Number of degrees of freedom          :   25
ChiSquare statistic                   :   33.77
p-value of test                       :    0.11


-----------------------------------------------
Test on the values of the Statistic R

Number of degrees of freedom          :   24
ChiSquare statistic                   :   22.21
p-value of test                       :    0.57


-----------------------------------------------
Test on the values of the Statistic C

Number of degrees of freedom          :   17
ChiSquare statistic                   :   17.01
p-value of test                       :    0.45


-----------------------------------------------
CPU time used                    :  00:00:32.10

Generator state:
 4-cmul Tempest v3\n



***********************************************************
HOST = 

4-cmul Tempest v3


swalk_RandomWalk1 test:
-----------------------------------------------
   N =  1,  n = 10000000,  r =  0,   s = 10,   L0 = 1000,   L1 = 1000



-----------------------------------------------
Test on the values of the Statistic H

Number of degrees of freedom          :  146
ChiSquare statistic                   :  121.93
p-value of test                       :    0.93


-----------------------------------------------
Test on the values of the Statistic M

Number of degrees of freedom          :  146
ChiSquare statistic                   :  136.61
p-value of test                       :    0.70


-----------------------------------------------
Test on the values of the Statistic J

Number of degrees of freedom          :  500
ChiSquare statistic                   :  469.72
p-value of test                       :    0.83


-----------------------------------------------
Test on the values of the Statistic R

Number of degrees of freedom          :  136
ChiSquare statistic                   :  156.84
p-value of test                       :    0.11


-----------------------------------------------
Test on the values of the Statistic C

Number of degrees of freedom          :   74
ChiSquare statistic                   :   70.29
p-value of test                       :    0.60


-----------------------------------------------
CPU time used                    :  00:00:34.35

Generator state:
 4-cmul Tempest v3\n



***********************************************************
HOST = 

4-cmul Tempest v3


swalk_RandomWalk1 test:
-----------------------------------------------
   N =  1,  n = 10000000,  r = 20,   s = 10,   L0 = 1000,   L1 = 1000



-----------------------------------------------
Test on the values of the Statistic H

Number of degrees of freedom          :  146
ChiSquare statistic                   :  192.64
p-value of test                       :  5.8e-3


-----------------------------------------------
Test on the values of the Statistic M

Number of degrees of freedom          :  146
ChiSquare statistic                   :  152.87
p-value of test                       :    0.33


-----------------------------------------------
Test on the values of the Statistic J

Number of degrees of freedom          :  500
ChiSquare statistic                   :  502.14
p-value of test                       :    0.46


-----------------------------------------------
Test on the values of the Statistic R

Number of degrees of freedom          :  136
ChiSquare statistic                   :  159.26
p-value of test                       :    0.08


-----------------------------------------------
Test on the values of the Statistic C

Number of degrees of freedom          :   74
ChiSquare statistic                   :   96.90
p-value of test                       :    0.04


-----------------------------------------------
CPU time used                    :  00:00:38.76

Generator state:
 4-cmul Tempest v3\n



***********************************************************
HOST = 

4-cmul Tempest v3


swalk_RandomWalk1 test:
-----------------------------------------------
   N =  1,  n = 1000000,  r =  0,   s = 15,   L0 = 10000,   L1 = 10000



-----------------------------------------------
Test on the values of the Statistic H

Number of degrees of freedom          :  384
ChiSquare statistic                   :  403.08
p-value of test                       :    0.24


-----------------------------------------------
Test on the values of the Statistic M

Number of degrees of freedom          :  384
ChiSquare statistic                   :  358.30
p-value of test                       :    0.82


-----------------------------------------------
Test on the values of the Statistic J

Number of degrees of freedom          : 5000
ChiSquare statistic                   : 4973.45
p-value of test                       :    0.60


-----------------------------------------------
Test on the values of the Statistic R

Number of degrees of freedom          :  378
ChiSquare statistic                   :  384.13
p-value of test                       :    0.40


-----------------------------------------------
Test on the values of the Statistic C

Number of degrees of freedom          :  200
ChiSquare statistic                   :  190.26
p-value of test                       :    0.68


-----------------------------------------------
CPU time used                    :  00:00:29.62

Generator state:
 4-cmul Tempest v3\n



***********************************************************
HOST = 

4-cmul Tempest v3


swalk_RandomWalk1 test:
-----------------------------------------------
   N =  1,  n = 1000000,  r = 15,   s = 15,   L0 = 10000,   L1 = 10000



-----------------------------------------------
Test on the values of the Statistic H

Number of degrees of freedom          :  384
ChiSquare statistic                   :  399.71
p-value of test                       :    0.28


-----------------------------------------------
Test on the values of the Statistic M

Number of degrees of freedom          :  384
ChiSquare statistic                   :  374.58
p-value of test                       :    0.63


-----------------------------------------------
Test on the values of the Statistic J

Number of degrees of freedom          : 5000
ChiSquare statistic                   : 5013.04
p-value of test                       :    0.45


-----------------------------------------------
Test on the values of the Statistic R

Number of degrees of freedom          :  378
ChiSquare statistic                   :  388.80
p-value of test                       :    0.34


-----------------------------------------------
Test on the values of the Statistic C

Number of degrees of freedom          :  200
ChiSquare statistic                   :  190.93
p-value of test                       :    0.67


-----------------------------------------------
CPU time used                    :  00:00:29.00

Generator state:
 4-cmul Tempest v3\n



***********************************************************
HOST = 

4-cmul Tempest v3


scomp_LinearComp test:
-----------------------------------------------
   N =  1,  n = 400020,  r =  0,    s = 1



-----------------------------------------------
Number of degrees of freedom          :   12
Chi2 statistic for size of jumps      :   12.97
p-value of test                       :    0.37


-----------------------------------------------
Normal statistic for number of jumps  :    0.58
p-value of test                       :    0.28



-----------------------------------------------
CPU time used                    :  00:01:34.98

Generator state:
 4-cmul Tempest v3\n



***********************************************************
HOST = 

4-cmul Tempest v3


scomp_LinearComp test:
-----------------------------------------------
   N =  1,  n = 400020,  r = 29,    s = 1



-----------------------------------------------
Number of degrees of freedom          :   12
Chi2 statistic for size of jumps      :    4.74
p-value of test                       :    0.97


-----------------------------------------------
Normal statistic for number of jumps  :   -0.53
p-value of test                       :    0.70



-----------------------------------------------
CPU time used                    :  00:01:36.43

Generator state:
 4-cmul Tempest v3\n



***********************************************************
HOST = 

4-cmul Tempest v3


scomp_LempelZiv test:
-----------------------------------------------
   N = 10,  n = 134217728,  r =  0,   s =   30,   k =   27


-----------------------------------------------

Kolmogorov-Smirnov+ statistic = D+    :   0.087
p-value of test                       :    0.81

Kolmogorov-Smirnov- statistic = D-    :    0.30
p-value of test                       :    0.13

Anderson-Darling statistic = A2       :    1.09
p-value of test                       :    0.31

Tests on the sum of all N observations
Standardized normal statistic         :    0.99
p-value of test                       :    0.16

Sample variance                       :    0.99
p-value of test                       :    0.45

-----------------------------------------------
CPU time used                    :  00:00:46.40

Generator state:
 4-cmul Tempest v3\n



***********************************************************
HOST = 

4-cmul Tempest v3


scomp_LempelZiv test:
-----------------------------------------------
   N = 10,  n = 134217728,  r = 15,   s =   15,   k =   27


-----------------------------------------------

Kolmogorov-Smirnov+ statistic = D+    :    0.15
p-value of test                       :    0.59

Kolmogorov-Smirnov- statistic = D-    :    0.16
p-value of test                       :    0.55

Anderson-Darling statistic = A2       :    0.32
p-value of test                       :    0.92

Tests on the sum of all N observations
Standardized normal statistic         :   0.098
p-value of test                       :    0.46

Sample variance                       :    0.87
p-value of test                       :    0.55

-----------------------------------------------
CPU time used                    :  00:00:42.78

Generator state:
 4-cmul Tempest v3\n



***********************************************************
HOST = 

4-cmul Tempest v3


sspectral_Fourier3 test:
-----------------------------------------------
   N = 100000,  n = 16384,  r =  0,   s =    3,   k =   14


-----------------------------------------------

Kolmogorov-Smirnov+ statistic = D+    : 8.00e-3
p-value of test                       :    0.59

Kolmogorov-Smirnov- statistic = D-    :   0.014
p-value of test                       :    0.20

Anderson-Darling statistic = A2       :    1.18
p-value of test                       :    0.28

-----------------------------------------------
CPU time used                    :  00:00:27.15

Generator state:
 4-cmul Tempest v3\n



***********************************************************
HOST = 

4-cmul Tempest v3


sspectral_Fourier3 test:
-----------------------------------------------
   N = 100000,  n = 16384,  r = 27,   s =    3,   k =   14


-----------------------------------------------

Kolmogorov-Smirnov+ statistic = D+    :   0.010
p-value of test                       :    0.41

Kolmogorov-Smirnov- statistic = D-    : 8.30e-3
p-value of test                       :    0.57

Anderson-Darling statistic = A2       :    0.60
p-value of test                       :    0.65

-----------------------------------------------
CPU time used                    :  00:00:27.21

Generator state:
 4-cmul Tempest v3\n



***********************************************************
HOST = 

4-cmul Tempest v3


sstring_LongestHeadRun test:
-----------------------------------------------
   N =  1,  n = 1000,  r =  0,   s = 3,   L = 10000020


-----------------------------------------------
Number of degrees of freedom          :    8
Chi-square statistic                  :    6.38
p-value of test                       :    0.60

-----------------------------------------------
Global longest run of 1               :   32.00
p-value of test                       :    0.50



-----------------------------------------------
CPU time used                    :  00:01:18.68

Generator state:
 4-cmul Tempest v3\n



***********************************************************
HOST = 

4-cmul Tempest v3


sstring_LongestHeadRun test:
-----------------------------------------------
   N =  1,  n = 1000,  r = 27,   s = 3,   L = 10000020


-----------------------------------------------
Number of degrees of freedom          :    8
Chi-square statistic                  :    4.61
p-value of test                       :    0.80

-----------------------------------------------
Global longest run of 1               :   31.00
p-value of test                       :    0.69



-----------------------------------------------
CPU time used                    :  00:01:19.85

Generator state:
 4-cmul Tempest v3\n



***********************************************************
HOST = 

4-cmul Tempest v3


sstring_PeriodsInStrings test:
-----------------------------------------------
   N = 10,  n = 500000000,  r =  0,   s =   10


-----------------------------------------------

Kolmogorov-Smirnov+ statistic = D+    :    0.14
p-value of test                       :    0.64

Kolmogorov-Smirnov- statistic = D-    :    0.27
p-value of test                       :    0.18

Anderson-Darling statistic = A2       :    0.90
p-value of test                       :    0.41

Test on the sum of all N observations
Number of degrees of freedom          :  200
Chi-square statistic                  :  207.95
p-value of test                       :    0.34

-----------------------------------------------
CPU time used                    :  00:02:03.29

Generator state:
 4-cmul Tempest v3\n



***********************************************************
HOST = 

4-cmul Tempest v3


sstring_PeriodsInStrings test:
-----------------------------------------------
   N = 10,  n = 500000000,  r = 20,   s =   10


-----------------------------------------------

Kolmogorov-Smirnov+ statistic = D+    :    0.18
p-value of test                       :    0.48

Kolmogorov-Smirnov- statistic = D-    :    0.25
p-value of test                       :    0.25

Anderson-Darling statistic = A2       :    0.91
p-value of test                       :    0.41

Test on the sum of all N observations
Number of degrees of freedom          :  200
Chi-square statistic                  :  203.64
p-value of test                       :    0.42

-----------------------------------------------
CPU time used                    :  00:02:01.64

Generator state:
 4-cmul Tempest v3\n



***********************************************************
HOST = 

4-cmul Tempest v3


sstring_HammingWeight2 test:
-----------------------------------------------
   N = 10,  n = 1000000000,  r =  0,   s = 3,   L = 1000000


-----------------------------------------------

Kolmogorov-Smirnov+ statistic = D+    :    0.17
p-value of test                       :    0.52

Kolmogorov-Smirnov- statistic = D-    :    0.18
p-value of test                       :    0.46

Anderson-Darling statistic = A2       :    0.49
p-value of test                       :    0.75

Test on the sum of all N observations
Number of degrees of freedom          : 10000
Chi-square statistic                  :10047.36
p-value of test                       :    0.37

-----------------------------------------------
CPU time used                    :  00:00:58.62

Generator state:
 4-cmul Tempest v3\n



***********************************************************
HOST = 

4-cmul Tempest v3


sstring_HammingWeight2 test:
-----------------------------------------------
   N = 10,  n = 1000000000,  r = 27,   s = 3,   L = 1000000


-----------------------------------------------

Kolmogorov-Smirnov+ statistic = D+    :    0.12
p-value of test                       :    0.68

Kolmogorov-Smirnov- statistic = D-    :    0.16
p-value of test                       :    0.53

Anderson-Darling statistic = A2       :    0.44
p-value of test                       :    0.81

Test on the sum of all N observations
Number of degrees of freedom          : 10000
Chi-square statistic                  :10031.95
p-value of test                       :    0.41

-----------------------------------------------
CPU time used                    :  00:01:00.03

Generator state:
 4-cmul Tempest v3\n



***********************************************************
HOST = 

4-cmul Tempest v3


sstring_HammingCorr test:
-----------------------------------------------
   N =  1,  n = 1000000000,  r = 10,   s = 10,   L = 30



-----------------------------------------------
Normal statistic                      :   -0.77
p-value of test                       :    0.78

-----------------------------------------------
CPU time used                    :  00:01:04.17

Generator state:
 4-cmul Tempest v3\n



***********************************************************
HOST = 

4-cmul Tempest v3


sstring_HammingCorr test:
-----------------------------------------------
   N =  1,  n = 100000000,  r = 10,   s = 10,   L = 300



-----------------------------------------------
Normal statistic                      :   -0.44
p-value of test                       :    0.67

-----------------------------------------------
CPU time used                    :  00:01:03.00

Generator state:
 4-cmul Tempest v3\n



***********************************************************
HOST = 

4-cmul Tempest v3


sstring_HammingCorr test:
-----------------------------------------------
   N =  1,  n = 100000000,  r = 10,   s = 10,   L = 1200



-----------------------------------------------
Normal statistic                      :  -0.061
p-value of test                       :    0.52

-----------------------------------------------
CPU time used                    :  00:04:13.14

Generator state:
 4-cmul Tempest v3\n



***********************************************************
HOST = 

4-cmul Tempest v3


sstring_HammingIndep test:
-----------------------------------------------
   N = 10,  n = 30000000,  r =  0,   s = 3,   L = 30,   d = 0



Counters with expected numbers >= 10
-----------------------------------------------

Kolmogorov-Smirnov+ statistic = D+    :    0.15
p-value of test                       :    0.60

Kolmogorov-Smirnov- statistic = D-    :   0.062
p-value of test                       :    0.89

Anderson-Darling statistic = A2       :    0.28
p-value of test                       :    0.95

Test on the sum of all N observations
Number of degrees of freedom          : 4890
Chi-square statistic                  : 4846.63
p-value of test                       :    0.67

-----------------------------------------------
CPU time used                    :  00:01:51.60

Generator state:
 4-cmul Tempest v3\n



***********************************************************
HOST = 

4-cmul Tempest v3


sstring_HammingIndep test:
-----------------------------------------------
   N = 10,  n = 30000000,  r = 27,   s = 3,   L = 30,   d = 0



Counters with expected numbers >= 10
-----------------------------------------------

Kolmogorov-Smirnov+ statistic = D+    :    0.20
p-value of test                       :    0.41

Kolmogorov-Smirnov- statistic = D-    :   0.098
p-value of test                       :    0.77

Anderson-Darling statistic = A2       :    0.79
p-value of test                       :    0.48

Test on the sum of all N observations
Number of degrees of freedom          : 4890
Chi-square statistic                  : 4777.98
p-value of test                       :    0.87

-----------------------------------------------
CPU time used                    :  00:01:51.64

Generator state:
 4-cmul Tempest v3\n



***********************************************************
HOST = 

4-cmul Tempest v3


sstring_HammingIndep test:
-----------------------------------------------
   N =  1,  n = 30000000,  r =  0,   s = 4,   L = 300,   d = 0



Counters with expected numbers >= 10
-----------------------------------------------
Number of degrees of freedom          : 4117
Chi-square statistic                  : 4104.78
p-value of test                       :    0.55

-----------------------------------------------
CPU time used                    :  00:01:19.93

Generator state:
 4-cmul Tempest v3\n



***********************************************************
HOST = 

4-cmul Tempest v3


sstring_HammingIndep test:
-----------------------------------------------
   N =  1,  n = 30000000,  r = 26,   s = 4,   L = 300,   d = 0



Counters with expected numbers >= 10
-----------------------------------------------
Number of degrees of freedom          : 4117
Chi-square statistic                  : 4225.92
p-value of test                       :    0.12

-----------------------------------------------
CPU time used                    :  00:01:09.50

Generator state:
 4-cmul Tempest v3\n



***********************************************************
HOST = 

4-cmul Tempest v3


sstring_HammingIndep test:
-----------------------------------------------
   N =  1,  n = 10000000,  r =  0,   s = 5,   L = 1200,   d = 0



Counters with expected numbers >= 10
-----------------------------------------------
Number of degrees of freedom          : 11825
Chi-square statistic                  :11974.85
p-value of test                       :    0.16

-----------------------------------------------
CPU time used                    :  00:01:15.39

Generator state:
 4-cmul Tempest v3\n



***********************************************************
HOST = 

4-cmul Tempest v3


sstring_HammingIndep test:
-----------------------------------------------
   N =  1,  n = 10000000,  r = 25,   s = 5,   L = 1200,   d = 0



Counters with expected numbers >= 10
-----------------------------------------------
Number of degrees of freedom          : 11825
Chi-square statistic                  :11771.78
p-value of test                       :    0.63

-----------------------------------------------
CPU time used                    :  00:01:15.73

Generator state:
 4-cmul Tempest v3\n



***********************************************************
HOST = 

4-cmul Tempest v3


sstring_Run test:
-----------------------------------------------
   N =  1,  n = 2000000000,  r =  0,   s =    3


-----------------------------------------------
Total number of 1 runs:  2000000000

Number of degrees of freedom          :   54
Chi2 statistic for number of runs     :   38.00
p-value of test                       :    0.95


-----------------------------------------------
Total number of bits:  8000077386

Normal statistic for number of bits   :    0.61
p-value of test                       :    0.27



-----------------------------------------------
CPU time used                    :  00:00:51.76

Generator state:
 4-cmul Tempest v3\n



***********************************************************
HOST = 

4-cmul Tempest v3


sstring_Run test:
-----------------------------------------------
   N =  1,  n = 2000000000,  r = 27,   s =    3


-----------------------------------------------
Total number of 1 runs:  2000000000

Number of degrees of freedom          :   54
Chi2 statistic for number of runs     :   42.21
p-value of test                       :    0.88


-----------------------------------------------
Total number of bits:  7999977399

Normal statistic for number of bits   :   -0.18
p-value of test                       :    0.57



-----------------------------------------------
CPU time used                    :  00:00:53.07

Generator state:
 4-cmul Tempest v3\n



***********************************************************
HOST = 

4-cmul Tempest v3


sstring_AutoCor test:
-----------------------------------------------
   N = 10,  n = 1000000030,  r =  0,   s = 3,   d = 1


-----------------------------------------------

Kolmogorov-Smirnov+ statistic = D+    :    0.24
p-value of test                       :    0.28

Kolmogorov-Smirnov- statistic = D-    :    0.10
p-value of test                       :    0.75

Anderson-Darling statistic = A2       :    0.59
p-value of test                       :    0.66

Tests on the sum of all N observations
Standardized normal statistic         :   -0.45
p-value of test                       :    0.68

Sample variance                       :    0.47
p-value of test                       :    0.90

-----------------------------------------------
CPU time used                    :  00:00:58.70

Generator state:
 4-cmul Tempest v3\n



***********************************************************
HOST = 

4-cmul Tempest v3


sstring_AutoCor test:
-----------------------------------------------
   N = 10,  n = 1000000029,  r =  0,   s = 3,   d = 3


-----------------------------------------------

Kolmogorov-Smirnov+ statistic = D+    :    0.17
p-value of test                       :    0.49

Kolmogorov-Smirnov- statistic = D-    :    0.17
p-value of test                       :    0.52

Anderson-Darling statistic = A2       :    0.45
p-value of test                       :    0.79

Tests on the sum of all N observations
Standardized normal statistic         :   -0.19
p-value of test                       :    0.57

Sample variance                       :    0.94
p-value of test                       :    0.49

-----------------------------------------------
CPU time used                    :  00:00:47.01

Generator state:
 4-cmul Tempest v3\n



***********************************************************
HOST = 

4-cmul Tempest v3


sstring_AutoCor test:
-----------------------------------------------
   N = 10,  n = 1000000030,  r = 27,   s = 3,   d = 1


-----------------------------------------------

Kolmogorov-Smirnov+ statistic = D+    :    0.15
p-value of test                       :    0.59

Kolmogorov-Smirnov- statistic = D-    :    0.16
p-value of test                       :    0.55

Anderson-Darling statistic = A2       :    0.30
p-value of test                       :    0.94

Tests on the sum of all N observations
Standardized normal statistic         :    0.18
p-value of test                       :    0.43

Sample variance                       :    0.86
p-value of test                       :    0.56

-----------------------------------------------
CPU time used                    :  00:00:58.82

Generator state:
 4-cmul Tempest v3\n



***********************************************************
HOST = 

4-cmul Tempest v3


sstring_AutoCor test:
-----------------------------------------------
   N = 10,  n = 1000000029,  r = 27,   s = 3,   d = 3


-----------------------------------------------

Kolmogorov-Smirnov+ statistic = D+    :    0.18
p-value of test                       :    0.46

Kolmogorov-Smirnov- statistic = D-    :    0.17
p-value of test                       :    0.51

Anderson-Darling statistic = A2       :    0.53
p-value of test                       :    0.71

Tests on the sum of all N observations
Standardized normal statistic         :    0.28
p-value of test                       :    0.39

Sample variance                       :    0.47
p-value of test                       :    0.89

-----------------------------------------------
CPU time used                    :  00:00:47.67

Generator state:
 4-cmul Tempest v3\n




========= Summary results of BigCrush =========

 Version:          TestU01 1.2.3
 Generator:        4-cmul Tempest v3
 Number of statistics:  160
 Total CPU time:   02:51:07.93

 All tests were passed



ere passed



sed



Finished at $(date)
DONE
